04-23 14:16:03.880 17477 17526 I TimerManagerImpl: 1745406963879 2025-04-23 14:16:03 com.anagog.jedai.core.timer.TimerManagerImpl 89 jedai-main INFO Timer with interval 60,000 already exist, listener [FusedOptimizedLocationActivator] added to this timer
04-23 14:16:03.881 17477 17552 D JedAITaskImpl: 1745406963880 2025-04-23 14:16:03 com.anagog.jedai.core.service.JedAITaskImpl 113 sensor-manager FINE Posting Fused Optimized Location Update on a handler Handler (android.os.Handler) {e6736d8}
04-23 14:16:03.881 17477 17526 I JedAIApiWrapper: 1745406963881 2025-04-23 14:16:03 com.anagog.jedai.core.api.JedAIApiWrapper 89 jedai-main INFO startIfEnabled: do start
04-23 14:16:03.882 17477 17526 I JedAIApiWrapper: 1745406963882 2025-04-23 14:16:03 com.anagog.jedai.core.api.JedAIApiWrapper 89 jedai-main INFO Wrapper start
04-23 14:16:03.882 17477 17526 I JedAIApiWrapper: 1745406963882 2025-04-23 14:16:03 com.anagog.jedai.core.api.JedAIApiWrapper 89 jedai-main INFO Received start...
04-23 14:16:03.882 17477 17526 D JedAIApiWrapper: 1745406963882 2025-04-23 14:16:03 com.anagog.jedai.core.api.JedAIApiWrapper 89 jedai-main FINE JedAI Wrapper: Already initialized
04-23 14:16:03.883 17477 17526 I JedAITimer: 1745406963883 2025-04-23 14:16:03 com.anagog.jedai.core.timer.JedAITimer 89 jedai-main INFO About to publish pulse event via timer with interval 60000 if needed. Last execution was at 14:16:01
04-23 14:16:03.884 17477 17526 I JedAITimer: 1745406963883 2025-04-23 14:16:03 com.anagog.jedai.core.timer.JedAITimer 89 jedai-main INFO Subscribed on timer with interval 60,000
04-23 14:16:03.885 17477 17552 I FusedOptimizedLocationActivator: 1745406963884 2025-04-23 14:16:03 com.anagog.jedai.core.sensors.activator.FusedOptimizedLocationActivator 113 sensor-manager INFO Fused Optimized Location update: Location[fused 37.422094,-122.083922 hAcc=600.0 et=+49m23s520ms]
04-23 14:16:03.886 17477 17526 I TimerManagerImpl: 1745406963885 2025-04-23 14:16:03 com.anagog.jedai.core.timer.TimerManagerImpl 89 jedai-main INFO Listener [RideDetectorImpl] added to existing timer with interval 60,000, need to perform pulse
04-23 14:16:03.886 17477 17552 D BaseLocationListener: 1745406963885 2025-04-23 14:16:03 com.anagog.jedai.core.sensors.listener.BaseLocationListener 113 sensor-manager FINE Received location: Location[fused 37.422094,-122.083922 hAcc=600.0 et=+49m23s520ms]
04-23 14:16:03.887 17477 17526 D RideDetectionStateMachine: 1745406963887 2025-04-23 14:16:03 com.anagog.jedai.core.activity.driving.RideDetectionStateMachine 89 jedai-main FINE Ride Detection next step calculation:  running
04-23 14:16:03.887 17477 17552 D JedAITaskImpl: 1745406963887 2025-04-23 14:16:03 com.anagog.jedai.core.service.JedAITaskImpl 113 sensor-manager FINE Stopping Fused Optimized Location Update task.
04-23 14:16:03.888 17477 17552 D ServiceStateProvider: 1745406963888 2025-04-23 14:16:03 com.anagog.jedai.core.service.ServiceStateProvider 113 sensor-manager FINE About to post FG service unsubscribe
04-23 14:16:03.888 17477 17552 I TimerManagerImpl: 1745406963888 2025-04-23 14:16:03 com.anagog.jedai.core.timer.TimerManagerImpl 113 sensor-manager INFO About to unsubscribe from timer by [Fused Optimized Location Update watchdog]
04-23 14:16:03.888 17477 17552 D CpuStatsProvider: 1745406963888 2025-04-23 14:16:03 com.anagog.jedai.core.common.CpuStatsProvider 113 sensor-manager FINE Fused Optimized Location Update took: 0.003 sec, time processing: 0.003 / 1.7964072%, timePassed: 0.167
04-23 14:16:03.889 17477 17526 D RideDetectionStateMachine: 1745406963889 2025-04-23 14:16:03 com.anagog.jedai.core.activity.driving.RideDetectionStateMachine 89 jedai-main FINE before calculation inputs model: RideDetectionInputsModel{mGPSSpeed=0.0, mNetworkSpeed=0.0, mFusedSpeed=0.0, mSpeedInVehicleConfidence=0.0, mIsCarBtConnectionEvent=false, mIsCarBtConnected=false, mGoogleActivityType=4, mStepsCounter=0}
04-23 14:16:03.889 17477 17526 D RideDetectionStateMachine: 1745406963889 2025-04-23 14:16:03 com.anagog.jedai.core.activity.driving.RideDetectionStateMachine 89 jedai-main FINE before calculation internal model: RideDetectionInternalModel{, mLastSteps=-1, mLastStepsTimestamp=0, mStepsCounterForRideEndTimestamp=0, mStepsAboveThresholdForRideEndTimestamp=0, mConfidenceWeAreInAnyVehicle=0, mConfidenceWeAreInACar=0, mStartRideLocationId=-1, mStartRideTimestamp=0, mStartRideLocation=null, mEndRideLocationId=-1, mEndRideTimestamp=-1, mEndRideLocation=null, mLastRideValidationLocationId=-1, mLastRideValidationTimestamp=0, mLastRideValidationLocation=null, mStepsThresholdForRideEndReached=false, mStepsAboveThresholdForRideStartTimestamp=0, mStepsAboveThresholdForRideStartValue=0, mExtraState=null}
04-23 14:16:03.890 17477 17526 D RideDetectionUtil: 1745406963889 2025-04-23 14:16:03 com.anagog.jedai.core.activity.driving.RideDetectionUtil 89 jedai-main FINE There are not enough locations for time span startTime: 1,745,405,763,889,  endTime: 1,745,406,963,889, provider: gps
04-23 14:16:03.892 17477 17526 D RideDetectionUtil: 1745406963891 2025-04-23 14:16:03 com.anagog.jedai.core.activity.driving.RideDetectionUtil 89 jedai-main FINE There are not enough locations for time span startTime: 1,745,405,763,891,  endTime: 1,745,406,963,891, provider: network
04-23 14:16:03.894 17477 17526 D RideDetectionUtil: 1745406963893 2025-04-23 14:16:03 com.anagog.jedai.core.activity.driving.RideDetectionUtil 89 jedai-main FINE There are not enough locations for time span startTime: 1,745,405,763,893,  endTime: 1,745,406,963,893, provider: fused
04-23 14:16:03.896 17477 17526 D RideDetectionUtil: 1745406963895 2025-04-23 14:16:03 com.anagog.jedai.core.activity.driving.RideDetectionUtil 89 jedai-main FINE There are not enough locations for time span startTime: 1,745,405,763,895,  endTime: 1,745,406,963,895, provider: gps
04-23 14:16:03.898 17477 17526 D RideDetectionUtil: 1745406963897 2025-04-23 14:16:03 com.anagog.jedai.core.activity.driving.RideDetectionUtil 89 jedai-main FINE There are not enough locations for time span startTime: 1,745,405,763,897,  endTime: 1,745,406,963,897, provider: network
04-23 14:16:03.899 17477 17526 D RideDetectionUtil: 1745406963898 2025-04-23 14:16:03 com.anagog.jedai.core.activity.driving.RideDetectionUtil 89 jedai-main FINE There are not enough locations for time span startTime: 1,745,405,763,898,  endTime: 1,745,406,963,898, provider: fused
04-23 14:16:03.901 17477 17526 D RideState: 1745406963900 2025-04-23 14:16:03 com.anagog.jedai.core.activity.driving.ridestates.RideState 89 jedai-main FINE Updating steps counter in the progress: lastSteps = -1, stepsCounter = 0, readyForStepsUpdating = false, lastStepsTimestamp = 0, stepsCounterTimestamp = 0
04-23 14:16:03.903 17477 17526 D RideDetectionUtil: 1745406963903 2025-04-23 14:16:03 com.anagog.jedai.core.activity.driving.RideDetectionUtil 89 jedai-main FINE Ride Detection saves inputs: RideDetectionInputsModel{mGPSSpeed=0.0, mNetworkSpeed=0.0, mFusedSpeed=0.0, mSpeedInVehicleConfidence=0.0, mIsCarBtConnectionEvent=false, mIsCarBtConnected=false, mGoogleActivityType=4, mStepsCounter=-1}
04-23 14:16:03.903 17477 17526 D RideDetectionUtil: 1745406963903 2025-04-23 14:16:03 com.anagog.jedai.core.activity.driving.RideDetectionUtil 89 jedai-main FINE Ride Detection saves internal model: RideDetectionInternalModel{, mLastSteps=-1, mLastStepsTimestamp=0, mStepsCounterForRideEndTimestamp=1745406963903, mStepsAboveThresholdForRideEndTimestamp=0, mConfidenceWeAreInAnyVehicle=0, mConfidenceWeAreInACar=0, mStartRideLocationId=-1, mStartRideTimestamp=0, mStartRideLocation=null, mEndRideLocationId=-1, mEndRideTimestamp=-1, mEndRideLocation=null, mLastRideValidationLocationId=-1, mLastRideValidationTimestamp=0, mLastRideValidationLocation=null, mStepsThresholdForRideEndReached=false, mStepsAboveThresholdForRideStartTimestamp=0, mStepsAboveThresholdForRideStartValue=0, mExtraState=null}
04-23 14:16:03.904 17477 17526 D RideDetectionUtil: 1745406963904 2025-04-23 14:16:03 com.anagog.jedai.core.activity.driving.RideDetectionUtil 89 jedai-main FINE Ride Detection saves state: 0
04-23 14:16:03.905 17477 17526 D RideState: 1745406963905 2025-04-23 14:16:03 com.anagog.jedai.core.activity.driving.ridestates.RideState 89 jedai-main FINE NotInRide: checking steps condition. steps counter value: 0 with threshold: 20
04-23 14:16:03.906 17477 17526 D RideState: 1745406963906 2025-04-23 14:16:03 com.anagog.jedai.core.activity.driving.ridestates.RideState 89 jedai-main FINE handleInput for NotInRide State. Next state --> NotInRide
04-23 14:16:03.906 17477 17526 D RideDetectionStateMachine: 1745406963906 2025-04-23 14:16:03 com.anagog.jedai.core.activity.driving.RideDetectionStateMachine 89 jedai-main FINE after calculation inputs model: RideDetectionInputsModel{mGPSSpeed=0.0, mNetworkSpeed=0.0, mFusedSpeed=0.0, mSpeedInVehicleConfidence=0.0, mIsCarBtConnectionEvent=false, mIsCarBtConnected=false, mGoogleActivityType=4, mStepsCounter=-1}
04-23 14:16:03.907 17477 17526 D RideDetectionStateMachine: 1745406963907 2025-04-23 14:16:03 com.anagog.jedai.core.activity.driving.RideDetectionStateMachine 89 jedai-main FINE after calculation internal model: RideDetectionInternalModel{, mLastSteps=-1, mLastStepsTimestamp=0, mStepsCounterForRideEndTimestamp=1745406963903, mStepsAboveThresholdForRideEndTimestamp=0, mConfidenceWeAreInAnyVehicle=0, mConfidenceWeAreInACar=0, mStartRideLocationId=-1, mStartRideTimestamp=0, mStartRideLocation=null, mEndRideLocationId=-1, mEndRideTimestamp=-1, mEndRideLocation=null, mLastRideValidationLocationId=-1, mLastRideValidationTimestamp=0, mLastRideValidationLocation=null, mStepsThresholdForRideEndReached=false, mStepsAboveThresholdForRideStartTimestamp=0, mStepsAboveThresholdForRideStartValue=0, mExtraState=null}
04-23 14:16:03.907 17477 17526 I TimerManagerImpl: 1745406963907 2025-04-23 14:16:03 com.anagog.jedai.core.timer.TimerManagerImpl 89 jedai-main INFO Timer with interval 60,000 already exist, listener [RideDetectorImpl] added to this timer
04-23 14:16:03.908 17477 17526 D ServiceStateProvider: 1745406963908 2025-04-23 14:16:03 com.anagog.jedai.core.service.ServiceStateProvider 89 jedai-main FINE FG service unSubscribe [operator-id::171987595] with [159869037::Aggregation Processing]. 0 Listeners: {}
04-23 14:16:03.908 17477 17526 D JobsExecutor: 1745406963908 2025-04-23 14:16:03 com.anagog.jedai.core.scheduler.JobsExecutor 89 jedai-main FINE Job Tag = SendReport, ID = 1 executed with result RESCHEDULE
04-23 14:16:03.910 17477 17526 D JobsExecutor: 1745406963908 2025-04-23 14:16:03 com.anagog.jedai.core.scheduler.JobsExecutor 89 jedai-main FINE Job Tag = SendReport, ID = 1 reschedule: failures=4, maxRetries=5, startAt=1,745,407,923,725
04-23 14:16:03.914 17477 17526 D JobsStorage: 1745406963913 2025-04-23 14:16:03 com.anagog.jedai.core.scheduler.JobsStorage 89 jedai-main FINE updated 1 rows with {1} Tag from Job table
04-23 14:16:03.914 17477 17526 D AppSessionSensorImpl: 1745406963914 2025-04-23 14:16:03 com.anagog.jedai.core.app_event.app_session.sensor.AppSessionSensorImpl 89 jedai-main FINE process started onThread[jedai-main]
04-23 14:16:03.915 17477 17526 I TimerManagerImpl: 1745406963914 2025-04-23 14:16:03 com.anagog.jedai.core.timer.TimerManagerImpl 89 jedai-main INFO About to subscribe on timer with interval 2,000 by [ActivitySessionProcessor]
04-23 14:16:03.915 17477 17526 D AppSessionSensorImpl: 1745406963915 2025-04-23 14:16:03 com.anagog.jedai.core.app_event.app_session.sensor.AppSessionSensorImpl 89 jedai-main FINE process started onThread[jedai-main]
04-23 14:16:03.916 17477 17526 D AppEventControllerImpl: 1745406963915 2025-04-23 14:16:03 com.anagog.jedai.core.app_event.AppEventControllerImpl 89 jedai-main FINE Event BatteryLevel(timeStamp=1745406963735, level=100, status=Discharging(name=Discharging), source=UnPlugged(name=UnPlugged)) Received on thread[jedai-main];
04-23 14:16:03.916 17477 17526 I JedAITimer: 1745406963916 2025-04-23 14:16:03 com.anagog.jedai.core.timer.JedAITimer 89 jedai-main INFO Subscribed on timer with interval 60,000
04-23 14:16:03.917 17477 17526 I TimerManagerImpl: 1745406963916 2025-04-23 14:16:03 com.anagog.jedai.core.timer.TimerManagerImpl 89 jedai-main INFO Listener [CpuStatProvider] added to existing timer with interval 60,000, need to perform pulse
04-23 14:16:03.917 17477 17526 D CpuStatsProvider: 1745406963917 2025-04-23 14:16:03 com.anagog.jedai.core.common.CpuStatsProvider 89 jedai-main FINE Update process time: processTime Temp CPU :[3] / totalTime:[8]
04-23 14:16:03.918 17477 17526 D CpuStatsProvider: 1745406963918 2025-04-23 14:16:03 com.anagog.jedai.core.common.CpuStatsProvider 89 jedai-main FINE Temporary CPU %: 37.5, Long Term CPU %: NaN, Update process time Long CPU: processTime:[0] / totalTime:[0]
04-23 14:16:03.918 17477 17526 I TimerManagerImpl: 1745406963918 2025-04-23 14:16:03 com.anagog.jedai.core.timer.TimerManagerImpl 89 jedai-main INFO Timer with interval 60,000 already exist, listener [CpuStatProvider] added to this timer
04-23 14:16:03.919 17477 17526 D StatsDataStore: 1745406963919 2025-04-23 14:16:03 com.anagog.jedai.core.metrics.stats.datastore.StatsDataStore 89 jedai-main FINE about to get stat by query: OnboardingStatus.overall
04-23 14:16:03.920 17477 17526 D StatsCache: 1745406963920 2025-04-23 14:16:03 com.anagog.jedai.core.metrics.stats.datastore.StatsCache 89 jedai-main FINE about to get stat by MsQuery: OnboardingStatus.overall, stat: null
04-23 14:16:03.920 17477 17526 D StatsDataStore: 1745406963920 2025-04-23 14:16:03 com.anagog.jedai.core.metrics.stats.datastore.StatsDataStore 89 jedai-main FINE stats loaded from database: null
04-23 14:16:03.920 17477 17526 D StatsDataStore: 1745406963920 2025-04-23 14:16:03 com.anagog.jedai.core.metrics.stats.datastore.StatsDataStore 89 jedai-main FINE is shouldRecalculate stats: null, type: USER_DEFINED_STRING, timeRange: OVERALL, upToDate: 2144448000000, metaData: null, expirationTimeoutSeconds: null
04-23 14:16:03.920 17477 17526 D StatsDataStore: 1745406963920 2025-04-23 14:16:03 com.anagog.jedai.core.metrics.stats.datastore.StatsDataStore 89 jedai-main FINE get stats  by name: OnboardingStatus,result: null, took: 1 ms
04-23 14:16:03.920 17477 17526 I ConfigManagerImpl: 1745406963920 2025-04-23 14:16:03 com.anagog.jedai.core.config.ConfigManagerImpl 89 jedai-main INFO addConfigListener: com.anagog.jedai.jema.JedAIJemaWrapper@317d33
04-23 14:16:03.921 17477 17526 I ConfigManagerImpl: 1745406963920 2025-04-23 14:16:03 com.anagog.jedai.core.config.ConfigManagerImpl 89 jedai-main INFO isOperationalEnabled: config enable percentile 100, User PCT: 18
04-23 14:16:03.921 17477 17526 I INTEGRATION: INFO isOperationalEnabled: config enable percentile 100, User PCT: 18
04-23 14:16:03.922 17477 17526 I JedAIJemaWrapper: onConfigUpdated: enabled: true
04-23 14:16:03.922 17477 17526 I JedAIJemaWapper: onConfigUpdated: Jema isn't running, starting jema...
04-23 14:16:03.922 17477 17526 I LambdaManager: 1745406963922 2025-04-23 14:16:03 com.anagog.jedai.jema.LambdaManager 89 jedai-main INFO about to register event listener: [visitEvent]
04-23 14:16:03.922 17477 17526 I LambdaManager: 1745406963922 2025-04-23 14:16:03 com.anagog.jedai.jema.LambdaManager 89 jedai-main INFO about to register event listener: [ActivityEvent]
04-23 14:16:03.922 17477 17526 I LambdaManager: 1745406963922 2025-04-23 14:16:03 com.anagog.jedai.jema.LambdaManager 89 jedai-main INFO about to register event listener: [GeofenceEvent]
04-23 14:16:03.923 17477 17526 I LambdaManager: 1745406963923 2025-04-23 14:16:03 com.anagog.jedai.jema.LambdaManager 89 jedai-main INFO about to register event listener: [HeartbeatEvent]
04-23 14:16:03.923 17477 17526 I LambdaManager: 1745406963923 2025-04-23 14:16:03 com.anagog.jedai.jema.LambdaManager 89 jedai-main INFO about to register event listener: [AppEvent]
04-23 14:16:03.923 17477 17526 I LambdaManager: 1745406963923 2025-04-23 14:16:03 com.anagog.jedai.jema.LambdaManager 89 jedai-main INFO about to register event listener: [AppSessionEvent]
04-23 14:16:03.923 17477 17526 I CampaignManagerImpl: 1745406963923 2025-04-23 14:16:03 com.anagog.jedai.jema.campaign.CampaignManagerImpl 89 jedai-main INFO Starting Jema campaign manager
04-23 14:16:03.923 17477 17526 D JedAITaskImpl: 1745406963923 2025-04-23 14:16:03 com.anagog.jedai.core.service.JedAITaskImpl 89 jedai-main FINE Task Jema Campaigns Sync initialization.
04-23 14:16:03.924 17477 17526 D CampaignStoreImpl: 1745406963923 2025-04-23 14:16:03 com.anagog.jedai.jema.campaign.repository.CampaignStoreImpl 89 jedai-main FINE No files at path /data/user/0/com.anagog.jedai.jedaidemo/files/jema/campaigns
04-23 14:16:03.924 17477 17526 I CampaignManagerImpl: 1745406963924 2025-04-23 14:16:03 com.anagog.jedai.jema.campaign.CampaignManagerImpl 89 jedai-main INFO About to activate the following campaigns: 
04-23 14:16:03.924 17477 17526 I CampaignManagerImpl: 1745406963924 2025-04-23 14:16:03 com.anagog.jedai.jema.campaign.CampaignManagerImpl 89 jedai-main INFO getUnDistributedCampaigns: user percentage: 78}
04-23 14:16:03.929 17477 17526 I JedAILambdaWrapper: 1745406963928 2025-04-23 14:16:03 com.anagog.jedai.lambda.JedAILambdaWrapper 89 jedai-main INFO init JS recreate [true]
04-23 14:16:03.939 17477 17526 D JedAILambdaWrapper: 1745406963939 2025-04-23 14:16:03 com.anagog.jedai.lambda.JedAILambdaWrapper 89 jedai-main FINE register api class [com.anagog.jedai.jema.campaign.lambda.CampaignLambdaApi]
04-23 14:16:03.939 17477 17526 I JedAILambdaWrapper: 1745406963939 2025-04-23 14:16:03 com.anagog.jedai.lambda.JedAILambdaWrapper 89 jedai-main INFO init finished
04-23 14:16:03.940 17477 17526 D CampaignManagerImpl: 1745406963939 2025-04-23 14:16:03 com.anagog.jedai.jema.campaign.CampaignManagerImpl 89 jedai-main FINE About to drop campaigns ids: []
04-23 14:16:03.940 17477 17526 I CampaignManagerImpl: 1745406963940 2025-04-23 14:16:03 com.anagog.jedai.jema.campaign.CampaignManagerImpl 89 jedai-main INFO The following campaigns are failed to activate: 
04-23 14:16:03.941 17477 17526 D CampaignManagerImpl: 1745406963941 2025-04-23 14:16:03 com.anagog.jedai.jema.campaign.CampaignManagerImpl 89 jedai-main FINE CampaignSycInterval - 1440 minutes
04-23 14:16:03.941 17477 17526 D CampaignManagerImpl: 1745406963941 2025-04-23 14:16:03 com.anagog.jedai.jema.campaign.CampaignManagerImpl 89 jedai-main FINE About to start campaign sync process on a background thread
04-23 14:16:03.942 17477 17526 I TimerManagerImpl: 1745406963941 2025-04-23 14:16:03 com.anagog.jedai.core.timer.TimerManagerImpl 89 jedai-main INFO About to subscribe on timer with interval 300,000 by [Jema Campaigns Sync watchdog]
04-23 14:16:03.944 17477 17526 D JedAITaskImpl: 1745406963944 2025-04-23 14:16:03 com.anagog.jedai.core.service.JedAITaskImpl 89 jedai-main FINE Starting Jema Campaigns Sync task in background. Task-work about to run.
04-23 14:16:03.945 17477 17526 D CpuStatsProvider: 1745406963945 2025-04-23 14:16:03 com.anagog.jedai.core.common.CpuStatsProvider 89 jedai-main FINE Jema Campaigns Sync took: 0.000 sec, time processing: 0.003 / 1.3392857%, timePassed: 0.224
04-23 14:16:03.945 17477 17544 D ManifestManagerImpl: 1745406963945 2025-04-23 14:16:03 com.anagog.jedai.jema.campaign.manifest.ManifestManagerImpl 105 background FINE About to sync Jema Campaign Manifest. Current tag = null
04-23 14:16:03.946 17477 17544 D ManifestDownloader: 1745406963945 2025-04-23 14:16:03 com.anagog.jedai.jema.campaign.manifest.ManifestDownloader 105 background FINE About to download manifest, currentEtag: null
04-23 14:16:03.946 17477 17526 I ConfigManagerImpl: 1745406963945 2025-04-23 14:16:03 com.anagog.jedai.core.config.ConfigManagerImpl 89 jedai-main INFO Config updated: 
04-23 14:16:03.946 17477 17526 I ConfigManagerImpl: JedAISDKRemoteConfig(metaData) = Metadata(version=2020-02-20 02:20, build=210, comment=remove exclude from MS and snapshot reports )
04-23 14:16:03.946 17477 17526 I ConfigManagerImpl: 1745406963946 2025-04-23 14:16:03 com.anagog.jedai.core.config.ConfigManagerImpl 89 jedai-main INFO isOperationalEnabled: config enable percentile 100, User PCT: 18
04-23 14:16:03.946 17477 17621 I NetworkCall: 1745406963946 2025-04-23 14:16:03 com.anagog.jedai.core.network.NetworkCall 146 pool-18-thread-4 INFO About to execute GetRequest request, url: https://anagog-jedai-jema-repo.s3.amazonaws.com/89c4faa1e5082d9bae60892416354df6/com.anagog.jedai.jedaidemo/manifest.json
04-23 14:16:03.947 17477 17526 I INTEGRATION: INFO isOperationalEnabled: config enable percentile 100, User PCT: 18
04-23 14:16:03.947 17477 17526 I JedAIJemaWrapper: onConfigUpdated: enabled: true
04-23 14:16:03.948 17477 17526 I JedAIApiWrapper: 1745406963947 2025-04-23 14:16:03 com.anagog.jedai.core.api.JedAIApiWrapper 89 jedai-main INFO onConfigUpdated: enabledInCohort: true, operationalPercentage: 100
04-23 14:16:03.948 17477 17526 I JedAIApiWrapper: 1745406963948 2025-04-23 14:16:03 com.anagog.jedai.core.api.JedAIApiWrapper 89 jedai-main INFO onConfigUpdated: SignalControlAccess: ControlAccess(signalsAccessInstalledApps=true, signalsAccessLocation=true, signalsAccessMotion=true, signalsAccessBluetooth=true, signalsAccessWifi=true, signalsAccessLan=true, signalsAccessTraceroute=true, signalAccessIPBasedExtIp=true, enableCampaigns=true, enableDownloadableModels=true, enableReports=true)
04-23 14:16:03.948 17477 17526 I JedAIApiWrapper: 1745406963948 2025-04-23 14:16:03 com.anagog.jedai.core.api.JedAIApiWrapper 89 jedai-main INFO startOrStopCrashHandler: crash report isActive = true
04-23 14:16:03.948 17477 17526 D ReportManager: 1745406963948 2025-04-23 14:16:03 com.anagog.jedai.core.reporter.ReportManager 89 jedai-main FINEST About to add scheduled report DailyUsageReportFactory
04-23 14:16:03.948 17477 17526 D ReportManager: 1745406963948 2025-04-23 14:16:03 com.anagog.jedai.core.reporter.ReportManager 89 jedai-main FINEST About to add scheduled report StatsIReportFactory
04-23 14:16:03.948 17477 17526 D ReportManager: 1745406963948 2025-04-23 14:16:03 com.anagog.jedai.core.reporter.ReportManager 89 jedai-main FINEST About to add scheduled report MicrosegmentsSnapshot
04-23 14:16:03.949 17477 17526 D ReportManager: 1745406963949 2025-04-23 14:16:03 com.anagog.jedai.core.reporter.ReportManager 89 jedai-main FINEST About to add scheduled report EventsReportFactory
04-23 14:16:03.949 17477 17526 D ReportManager: 1745406963949 2025-04-23 14:16:03 com.anagog.jedai.core.reporter.ReportManager 89 jedai-main FINEST About to add scheduled report DebugReportFactory
04-23 14:16:03.949 17477 17526 D ReportManager: 1745406963949 2025-04-23 14:16:03 com.anagog.jedai.core.reporter.ReportManager 89 jedai-main FINEST About to add scheduled report DailyUsageReportFactory
04-23 14:16:03.950 17477 17526 I VisitDetector: 1745406963949 2025-04-23 14:16:03 com.anagog.jedai.core.visit.VisitDetector 89 jedai-main INFO Activating optimized Fused (Passive Mode) locations with 60,000 milliseconds sample interval
04-23 14:16:03.951 17477 17526 D JedAITaskImpl: 1745406963951 2025-04-23 14:16:03 com.anagog.jedai.core.service.JedAITaskImpl 89 jedai-main FINE Task Visit Location Processing initialization.
04-23 14:16:03.957 17477 17526 I DeepMs  : 1745406963957 2025-04-23 14:16:03 com.anagog.jedai.extension.DeepMs 89 jedai-main INFO Sdk enabled and Deep not initialized - starting DeepMS
04-23 14:16:03.961 17477 17526 D StatsDataStore: 1745406963961 2025-04-23 14:16:03 com.anagog.jedai.core.metrics.stats.datastore.StatsDataStore 89 jedai-main FINE about to set stats in cache: DecimalValueTest, USER_DEFINED_DECIMAL, StatsValue{mType=USER_DEFINED_DECIMAL, mStringValue='null', mDecimalValue=4.0, mIntegerValue=0}, null, null, null
04-23 14:16:03.961 17477 17526 D StatsDataStore: 1745406963961 2025-04-23 14:16:03 com.anagog.jedai.core.metrics.stats.datastore.StatsDataStore 89 jedai-main FINE about to get stat by query: DecimalValueTest.overall
04-23 14:16:03.961 17477 17526 D StatsCache: 1745406963961 2025-04-23 14:16:03 com.anagog.jedai.core.metrics.stats.datastore.StatsCache 89 jedai-main FINE about to get stat by MsQuery: DecimalValueTest.overall, stat: null
04-23 14:16:03.962 17477 17526 D StatsDataStore: 1745406963961 2025-04-23 14:16:03 com.anagog.jedai.core.metrics.stats.datastore.StatsDataStore 89 jedai-main FINE stats loaded from database: null
04-23 14:16:03.962 17477 17526 D StatsDataStore: 1745406963962 2025-04-23 14:16:03 com.anagog.jedai.core.metrics.stats.datastore.StatsDataStore 89 jedai-main FINE isStatUpdated oldStat: null, newStat: StatsModel{mName='DecimalValueTest', mIndex1='null', mIndex2='null', mTimeRange=OVERALL, mFrom=TomerRDate{mTomerRDate=20250423, mTimestamp=1745406961565}, mTo=TomerRDate{mTomerRDate=20371215, mTimestamp=2144448000000}, mTimestamp=1745406963961, mTimestampLocal=1745417763961, mStringValue='null', mDecimalValue=4.0, mIntegerValue=null, mDataType=DECIMAL, mStatus=2}, result: true
04-23 14:16:03.962 17477 17526 D StatsDataStore: 1745406963962 2025-04-23 14:16:03 com.anagog.jedai.core.metrics.stats.datastore.StatsDataStore 89 jedai-main FINE about to store model: StatsModel{mName='DecimalValueTest', mIndex1='null', mIndex2='null', mTimeRange=OVERALL, mFrom=TomerRDate{mTomerRDate=20250423, mTimestamp=1745406961565}, mTo=TomerRDate{mTomerRDate=20371215, mTimestamp=2144448000000}, mTimestamp=1745406963961, mTimestampLocal=1745417763961, mStringValue='null', mDecimalValue=4.0, mIntegerValue=null, mDataType=DECIMAL, mStatus=2}
04-23 14:16:03.967 17477 17526 W StatsDaoImpl: 1745406963967 2025-04-23 14:16:03 com.anagog.jedai.core.metrics.stats.StatsDaoImpl 89 jedai-main WARNING Failed to replace stats in database name: DecimalValueTest, index1: null, index2: null, timeRange: OVERALL
04-23 14:16:03.967 17477 17526 D StatsDataStore: 1745406963967 2025-04-23 14:16:03 com.anagog.jedai.core.metrics.stats.datastore.StatsDataStore 89 jedai-main FINE database updated for DecimalValueTest stat, took: 5 ms isSucceed: true
04-23 14:16:03.967 17477 17526 D StatsCache: 1745406963967 2025-04-23 14:16:03 com.anagog.jedai.core.metrics.stats.datastore.StatsCache 89 jedai-main FINE set value to cache: StatsModel{mName='DecimalValueTest', mIndex1='null', mIndex2='null', mTimeRange=OVERALL, mFrom=TomerRDate{mTomerRDate=20250423, mTimestamp=1745406961565}, mTo=TomerRDate{mTomerRDate=20371215, mTimestamp=2144448000000}, mTimestamp=1745406963961, mTimestampLocal=1745417763961, mStringValue='null', mDecimalValue=4.0, mIntegerValue=null, mDataType=DECIMAL, mStatus=2}
04-23 14:16:03.967 17477 17526 D StatsCache: 1745406963967 2025-04-23 14:16:03 com.anagog.jedai.core.metrics.stats.datastore.StatsCache 89 jedai-main FINE cache values: [5]
04-23 14:16:03.968 17477 17526 D StatsDataStore: 1745406963968 2025-04-23 14:16:03 com.anagog.jedai.core.metrics.stats.datastore.StatsDataStore 89 jedai-main FINE about to get stat by query: AppLaunchesCount.overall
04-23 14:16:03.968 17477 17526 D StatsCache: 1745406963968 2025-04-23 14:16:03 com.anagog.jedai.core.metrics.stats.datastore.StatsCache 89 jedai-main FINE about to get stat by MsQuery: AppLaunchesCount.overall, stat: null
04-23 14:16:03.968 17477 17526 D StatsDataStore: 1745406963968 2025-04-23 14:16:03 com.anagog.jedai.core.metrics.stats.datastore.StatsDataStore 89 jedai-main FINE stats loaded from database: null
04-23 14:16:03.969 17477 17526 D StatsDataStore: 1745406963969 2025-04-23 14:16:03 com.anagog.jedai.core.metrics.stats.datastore.StatsDataStore 89 jedai-main FINE is shouldRecalculate stats: null, type: USER_DEFINED_STRING, timeRange: OVERALL, upToDate: 2144448000000, metaData: null, expirationTimeoutSeconds: null
04-23 14:16:03.969 17477 17526 D StatsDataStore: 1745406963969 2025-04-23 14:16:03 com.anagog.jedai.core.metrics.stats.datastore.StatsDataStore 89 jedai-main FINE get stats  by name: AppLaunchesCount,result: null, took: 2 ms
04-23 14:16:03.969 17477 17524 I MainActivity: launchCount: 0
04-23 14:16:03.969 17477 17526 I TimerManagerImpl: 1745406963969 2025-04-23 14:16:03 com.anagog.jedai.core.timer.TimerManagerImpl 89 jedai-main INFO Need to create a new timer with interval 20,000 and start if need
04-23 14:16:03.969 17477 17524 I AnagogApi: 1745406963969 2025-04-23 14:16:03 com.anagog.jedai.anagog_api.AnagogApi 88 AnagogApiThread INFO setUserDefinedInteger: AppLaunchesCount value 1
04-23 14:16:03.971 17477 17526 I JedAITimer: 1745406963970 2025-04-23 14:16:03 com.anagog.jedai.core.timer.JedAITimer 89 jedai-main INFO Subscribed on timer with interval 20,000
04-23 14:16:03.971 17477 17524 I ApiManagerImpl: 1745406963971 2025-04-23 14:16:03 com.anagog.jedai.anagog_api.executor.ApiManagerImpl 88 AnagogApiThread INFO AnagogActiveImpl::getUserDefinedInteger result 0
04-23 14:16:03.972 17477 17526 I JedAITimer: 1745406963971 2025-04-23 14:16:03 com.anagog.jedai.core.timer.JedAITimer 89 jedai-main INFO About to start timer with interval 20,000
04-23 14:16:03.972 17477 17524 I ApiManagerImpl: 1745406963972 2025-04-23 14:16:03 com.anagog.jedai.anagog_api.executor.ApiManagerImpl 88 AnagogApiThread INFO JedaiSdkStarterImpl::updateConfigIfRequired result kotlin.Unit
04-23 14:16:03.972 17477 17524 I MainActivity: Success to updated app launch count:
04-23 14:16:03.973 17477 17526 I JedAITimer: 1745406963973 2025-04-23 14:16:03 com.anagog.jedai.core.timer.JedAITimer 89 jedai-main INFO About to publish pulse event via timer with interval 20000 if needed. Last execution was at 02:00:00
04-23 14:16:03.973 17477 17524 I ApiManagerImpl: 1745406963973 2025-04-23 14:16:03 com.anagog.jedai.anagog_api.executor.ApiManagerImpl 88 AnagogApiThread INFO AnagogActiveImpl::setUserDefinedInteger result kotlin.Unit
04-23 14:16:03.973 17477 17526 D JedAITimer: 1745406963973 2025-04-23 14:16:03 com.anagog.jedai.core.timer.JedAITimer 89 jedai-main FINEST About to call listener: Fused Optimized Location Update watchdog
04-23 14:16:03.973 17477 17526 I JedAITimer: 1745406963973 2025-04-23 14:16:03 com.anagog.jedai.core.timer.JedAITimer 89 jedai-main INFO Publish pulse event completed for timer 20000
04-23 14:16:03.973 17477 17526 D AlarmWakeupReceiver: 1745406963973 2025-04-23 14:16:03 com.anagog.jedai.core.service.AlarmWakeupReceiver 89 jedai-main FINE AlarmWakeupReceiver start
04-23 14:16:03.974 17477 17526 D AlarmWakeupReceiver: 1745406963974 2025-04-23 14:16:03 com.anagog.jedai.core.service.AlarmWakeupReceiver 89 jedai-main FINE AlarmWakeupReceiver setAlarm 250423112203
04-23 14:16:03.976 17477 17526 I TimerManagerImpl: 1745406963975 2025-04-23 14:16:03 com.anagog.jedai.core.timer.TimerManagerImpl 89 jedai-main INFO Subscribed on timer with interval 20,000 by [Fused Optimized Location Update watchdog]
04-23 14:16:03.976 17477 17526 I TimerManagerImpl: 1745406963976 2025-04-23 14:16:03 com.anagog.jedai.core.timer.TimerManagerImpl 89 jedai-main INFO There are 2 working: [com.anagog.jedai.core.recorder.timer.JedAIRecordingTimer@7bcc940, com.anagog.jedai.core.recorder.timer.JedAIRecordingTimer@f4d6fc3]
04-23 14:16:03.996 17477 17526 I LocationHistory: 1745406963995 2025-04-23 14:16:03 com.anagog.jedai.core.repository.location.LocationHistory 89 jedai-main INFO Location insertion result: locationId = 1, location = Location[fused 37.422094,-122.083922 hAcc=600.0 et=+49m23s520ms]
04-23 14:16:03.997 17477 17526 D JedAITaskImpl: 1745406963997 2025-04-23 14:16:03 com.anagog.jedai.core.service.JedAITaskImpl 89 jedai-main FINE Starting Visit Location Processing task in background. Task-work about to run.
04-23 14:16:03.997 17477 17526 D VisitDetector: 1745406963997 2025-04-23 14:16:03 com.anagog.jedai.core.visit.VisitDetector 89 jedai-main FINE About to detect visit enter. Locations = 0. Window startTime = 0
04-23 14:16:03.997 17477 17526 D VisitDetector: 1745406963997 2025-04-23 14:16:03 com.anagog.jedai.core.visit.VisitDetector 89 jedai-main FINE Can't detect visit - no locations
04-23 14:16:03.998 17477 17526 D JedAITaskImpl: 1745406963997 2025-04-23 14:16:03 com.anagog.jedai.core.service.JedAITaskImpl 89 jedai-main FINE Stopping Visit Location Processing task.
04-23 14:16:03.998 17477 17526 D ServiceStateProvider: 1745406963998 2025-04-23 14:16:03 com.anagog.jedai.core.service.ServiceStateProvider 89 jedai-main FINE About to post FG service unsubscribe
04-23 14:16:03.998 17477 17526 D CpuStatsProvider: 1745406963998 2025-04-23 14:16:03 com.anagog.jedai.core.common.CpuStatsProvider 89 jedai-main FINE Visit Location Processing took: 0.000 sec, time processing: 0.003 / 1.0830325%, timePassed: 0.277
04-23 14:16:03.999 17477 17526 I TimerManagerImpl: 1745406963998 2025-04-23 14:16:03 com.anagog.jedai.core.timer.TimerManagerImpl 89 jedai-main INFO About to subscribe on timer with interval 300,000 by [Geofence Location Processing watchdog]
04-23 14:16:03.999 17477 17526 D JedAITaskImpl: 1745406963999 2025-04-23 14:16:03 com.anagog.jedai.core.service.JedAITaskImpl 89 jedai-main FINE Starting Geofence Location Processing task in background. Task-work about to run.
04-23 14:16:04.000 17477 17526 D ServiceStateProvider: 1745406963999 2025-04-23 14:16:03 com.anagog.jedai.core.service.ServiceStateProvider 89 jedai-main FINE FG service unSubscribe [operator-id::171987595] with [229895149::Fused Optimized Location Update]. 0 Listeners: {}
04-23 14:16:04.000 17477 17526 I TimerManagerImpl: 1745406964000 2025-04-23 14:16:04 com.anagog.jedai.core.timer.TimerManagerImpl 89 jedai-main INFO About to unsubscribe from timer with interval 20,000, by [Fused Optimized Location Update watchdog]
04-23 14:16:04.001 17477 17526 I JedAITimer: 1745406964000 2025-04-23 14:16:04 com.anagog.jedai.core.timer.JedAITimer 89 jedai-main INFO Unsubscribed from timer with interval 20,000
04-23 14:16:04.002 17477 17526 I TimerManagerImpl: 1745406964001 2025-04-23 14:16:04 com.anagog.jedai.core.timer.TimerManagerImpl 89 jedai-main INFO Need to stop timer with interval 20,000
04-23 14:16:04.003 17477 17526 I JedAITimer: 1745406964002 2025-04-23 14:16:04 com.anagog.jedai.core.timer.JedAITimer 89 jedai-main INFO About to stop timer with interval 20,000
04-23 14:16:04.003 17477 17526 I TimerManagerImpl: 1745406964003 2025-04-23 14:16:04 com.anagog.jedai.core.timer.TimerManagerImpl 89 jedai-main INFO Unsubscribe from timer by [Fused Optimized Location Update watchdog]
04-23 14:16:04.004 17477 17526 I TimerManagerImpl: 1745406964003 2025-04-23 14:16:04 com.anagog.jedai.core.timer.TimerManagerImpl 89 jedai-main INFO Need to create a new timer with interval 2,000 and start if need
04-23 14:16:04.005 17477 17621 D TrafficStats: tagSocket(146) with statsTag=0xffffffff, statsUid=-1
04-23 14:16:04.006 17477 17526 I JedAITimer: 1745406964005 2025-04-23 14:16:04 com.anagog.jedai.core.timer.JedAITimer 89 jedai-main INFO Subscribed on timer with interval 2,000
04-23 14:16:04.007 17477 17526 I JedAITimer: 1745406964007 2025-04-23 14:16:04 com.anagog.jedai.core.timer.JedAITimer 89 jedai-main INFO About to start timer with interval 2,000
04-23 14:16:04.008 17477 17526 I JedAITimer: 1745406964008 2025-04-23 14:16:04 com.anagog.jedai.core.timer.JedAITimer 89 jedai-main INFO About to publish pulse event via timer with interval 2000 if needed. Last execution was at 02:00:00
04-23 14:16:04.008 17477 17526 D JedAITimer: 1745406964008 2025-04-23 14:16:04 com.anagog.jedai.core.timer.JedAITimer 89 jedai-main FINEST About to call listener: ActivitySessionProcessor
04-23 14:16:04.008 17477 17526 I JedAITimer: 1745406964008 2025-04-23 14:16:04 com.anagog.jedai.core.timer.JedAITimer 89 jedai-main INFO Publish pulse event completed for timer 2000
04-23 14:16:04.008 17477 17526 D AlarmWakeupReceiver: 1745406964008 2025-04-23 14:16:04 com.anagog.jedai.core.service.AlarmWakeupReceiver 89 jedai-main FINE AlarmWakeupReceiver start
04-23 14:16:04.009 17477 17526 D AlarmWakeupReceiver: 1745406964009 2025-04-23 14:16:04 com.anagog.jedai.core.service.AlarmWakeupReceiver 89 jedai-main FINE AlarmWakeupReceiver setAlarm 250423112204
04-23 14:16:04.010 17477 17526 I TimerManagerImpl: 1745406964009 2025-04-23 14:16:04 com.anagog.jedai.core.timer.TimerManagerImpl 89 jedai-main INFO Subscribed on timer with interval 2,000 by [ActivitySessionProcessor]
04-23 14:16:04.010 17477 17526 I TimerManagerImpl: 1745406964010 2025-04-23 14:16:04 com.anagog.jedai.core.timer.TimerManagerImpl 89 jedai-main INFO There are 2 working: [com.anagog.jedai.core.recorder.timer.JedAIRecordingTimer@b350270, com.anagog.jedai.core.recorder.timer.JedAIRecordingTimer@f4d6fc3]
04-23 14:16:04.011 17477 17526 D AppEventControllerImpl: 1745406964011 2025-04-23 14:16:04 com.anagog.jedai.core.app_event.AppEventControllerImpl 89 jedai-main FINE Event BatteryLevel(timeStamp=1745406963735, level=100, status=Discharging(name=Discharging), source=UnPlugged(name=UnPlugged)) start processing on thread[jedai-main];
04-23 14:16:04.016 17477 17526 I BatteryLevelProcessor: 1745406964016 2025-04-23 14:16:04 com.anagog.jedai.core.app_event.battery_level.BatteryLevelProcessor 89 jedai-main INFO 
04-23 14:16:04.016 17477 17526 I BatteryLevelProcessor: date: Wed Apr 23 14:16:03 GMT+03:00 2025 Status: Discharging Source: UnPlugged Level: 100%
04-23 14:16:04.016 17477 17526 I TimerManagerImpl: 1745406964016 2025-04-23 14:16:04 com.anagog.jedai.core.timer.TimerManagerImpl 89 jedai-main INFO About to subscribe on timer with interval 300,000 by [LambdaManager]
04-23 14:16:04.017 17477 17526 I TimerManagerImpl: 1745406964017 2025-04-23 14:16:04 com.anagog.jedai.core.timer.TimerManagerImpl 89 jedai-main INFO Need to create a new timer with interval 300,000 and start if need
04-23 14:16:04.018 17477 17526 I JedAITimer: 1745406964018 2025-04-23 14:16:04 com.anagog.jedai.core.timer.JedAITimer 89 jedai-main INFO Subscribed on timer with interval 300,000
04-23 14:16:04.019 17477 17526 I JedAITimer: 1745406964019 2025-04-23 14:16:04 com.anagog.jedai.core.timer.JedAITimer 89 jedai-main INFO About to start timer with interval 300,000
04-23 14:16:04.020 17477 17526 I JedAITimer: 1745406964020 2025-04-23 14:16:04 com.anagog.jedai.core.timer.JedAITimer 89 jedai-main INFO About to publish pulse event via timer with interval 300000 if needed. Last execution was at 02:00:00
04-23 14:16:04.020 17477 17526 D JedAITimer: 1745406964020 2025-04-23 14:16:04 com.anagog.jedai.core.timer.JedAITimer 89 jedai-main FINEST About to call listener: Jema Campaigns Sync watchdog
04-23 14:16:04.020 17477 17526 I JedAITimer: 1745406964020 2025-04-23 14:16:04 com.anagog.jedai.core.timer.JedAITimer 89 jedai-main INFO Publish pulse event completed for timer 300000
04-23 14:16:04.020 17477 17526 D AlarmWakeupReceiver: 1745406964020 2025-04-23 14:16:04 com.anagog.jedai.core.service.AlarmWakeupReceiver 89 jedai-main FINE AlarmWakeupReceiver start
04-23 14:16:04.021 17477 17526 D AlarmWakeupReceiver: 1745406964021 2025-04-23 14:16:04 com.anagog.jedai.core.service.AlarmWakeupReceiver 89 jedai-main FINE AlarmWakeupReceiver setAlarm 250423112204
04-23 14:16:04.022 17477 17526 I TimerManagerImpl: 1745406964021 2025-04-23 14:16:04 com.anagog.jedai.core.timer.TimerManagerImpl 89 jedai-main INFO Subscribed on timer with interval 300,000 by [Jema Campaigns Sync watchdog]
04-23 14:16:04.023 17477 17526 I TimerManagerImpl: 1745406964023 2025-04-23 14:16:04 com.anagog.jedai.core.timer.TimerManagerImpl 89 jedai-main INFO There are 3 working: [com.anagog.jedai.core.recorder.timer.JedAIRecordingTimer@b350270, com.anagog.jedai.core.recorder.timer.JedAIRecordingTimer@6c2af88, com.anagog.jedai.core.recorder.timer.JedAIRecordingTimer@f4d6fc3]
04-23 14:16:04.023 17477 17526 I TimerManagerImpl: 1745406964023 2025-04-23 14:16:04 com.anagog.jedai.core.timer.TimerManagerImpl 89 jedai-main INFO About to subscribe on timer with interval 600,000 by [JedAIJemaWrapper]
04-23 14:16:04.024 17477 17526 I PnsRegistrar: 1745406964024 2025-04-23 14:16:04 com.anagog.jedai.core.pns.PnsRegistrar 89 jedai-main INFO Subscribing PNS listener com.anagog.jedai.jema.JedAIJemaWrapper@317d33
04-23 14:16:04.024 17477 17526 D ReportManager: 1745406964024 2025-04-23 14:16:04 com.anagog.jedai.core.reporter.ReportManager 89 jedai-main FINE addInventoryToScheduledReportsInventories: JemaCampaignScheduledReportsInventory
04-23 14:16:04.024 17477 17526 D ReportManager: 1745406964024 2025-04-23 14:16:04 com.anagog.jedai.core.reporter.ReportManager 89 jedai-main FINE scheduleDailyTaskInternal: create report job 
04-23 14:16:04.025 17477 17526 D ReportManager: 1745406964025 2025-04-23 14:16:04 com.anagog.jedai.core.reporter.ReportManager 89 jedai-main FINEST About to add scheduled report JemaCampaignReportFactory
04-23 14:16:04.025 17477 17526 D ReportManager: 1745406964025 2025-04-23 14:16:04 com.anagog.jedai.core.reporter.ReportManager 89 jedai-main FINEST Adding scheduled report JemaCampaignReportFactory
04-23 14:16:04.025 17477 17526 D ReportManager: 1745406964025 2025-04-23 14:16:04 com.anagog.jedai.core.reporter.ReportManager 89 jedai-main FINE addInventoryToScheduledReportsInventories: JemaTriggerReportInventory
04-23 14:16:04.025 17477 17526 D ReportManager: 1745406964025 2025-04-23 14:16:04 com.anagog.jedai.core.reporter.ReportManager 89 jedai-main FINE scheduleDailyTaskInternal: create report job 
04-23 14:16:04.025 17477 17526 D ReportManager: 1745406964025 2025-04-23 14:16:04 com.anagog.jedai.core.reporter.ReportManager 89 jedai-main FINEST About to add scheduled report JemaTriggerReportFactory
04-23 14:16:04.026 17477 17526 D ReportManager: 1745406964026 2025-04-23 14:16:04 com.anagog.jedai.core.reporter.ReportManager 89 jedai-main FINEST Adding scheduled report JemaTriggerReportFactory
04-23 14:16:04.026 17477 17526 D ConfigManagerImpl: 1745406964026 2025-04-23 14:16:04 com.anagog.jedai.core.config.ConfigManagerImpl 89 jedai-main FINE About to add mandatory report: JemaTriggerReportFactory
04-23 14:16:04.026 17477 17526 D ConfigManagerImpl: 1745406964026 2025-04-23 14:16:04 com.anagog.jedai.core.config.ConfigManagerImpl 89 jedai-main FINE About to add mandatory report: JemaCampaignReportFactory
04-23 14:16:04.026 17477 17526 I ConfigDownloadHelper: 1745406964026 2025-04-23 14:16:04 com.anagog.jedai.core.config.remote.ConfigDownloadHelper 89 jedai-main INFO About to request config from server
04-23 14:16:04.026 17477 17526 D ConfigReportFactory: 1745406964026 2025-04-23 14:16:04 com.anagog.jedai.core.config.remote.ConfigReportFactory 89 jedai-main FINE About to generate report: ConfigReportFactory
04-23 14:16:04.028 17477 17608 I NetworkCall: 1745406964028 2025-04-23 14:16:04 com.anagog.jedai.core.network.NetworkCall 136 pool-18-thread-2 INFO About to execute PostRequest request, url: https://stage-api-jedai.anagog.com/config/consume/download/jedaisdk
04-23 14:16:04.202 17477 17608 W NetworkCall: 1745406964202 2025-04-23 14:16:04 com.anagog.jedai.core.network.NetworkCall 136 pool-18-thread-2 WARNING Failed to execute PostRequest: https://stage-api-jedai.anagog.com/config/consume/download/jedaisdk
04-23 14:16:04.202 17477 17608 W NetworkCall: Failure: Failure(failure=com.anagog.jedai.core.network.NetworkFailure$NoChange@b973c34)
04-23 14:16:04.203 17477 17526 I ConfigDownloadHelper: 1745406964203 2025-04-23 14:16:04 com.anagog.jedai.core.config.remote.ConfigDownloadHelper 89 jedai-main INFO process failure: com.anagog.jedai.core.network.NetworkFailure$NoChange@b973c34
04-23 14:16:04.204 17477 17526 I ConfigDownloadHelper: 1745406964204 2025-04-23 14:16:04 com.anagog.jedai.core.config.remote.ConfigDownloadHelper 89 jedai-main INFO Remote configuration received, but not modified. Endpoint: https://stage-api-jedai.anagog.com/config/consume/download/jedaisdk
04-23 14:16:04.206 17477 17526 I INTEGRATION: INFO Remote configuration received, but not modified. Endpoint: https://stage-api-jedai.anagog.com/config/consume/download/jedaisdk
04-23 14:16:04.206 17477 17526 W ConfigManagerImpl: 1745406964206 2025-04-23 14:16:04 com.anagog.jedai.core.config.ConfigManagerImpl 89 jedai-main WARNING Null config received from the server
04-23 14:16:04.206 17477 17627 I ConfigDownloadHelper: 1745406964206 2025-04-23 14:16:04 com.anagog.jedai.core.config.remote.ConfigDownloadHelper 148 Thread-10 INFO About to request config from server
04-23 14:16:04.207 17477 17627 D ConfigReportFactory: 1745406964207 2025-04-23 14:16:04 com.anagog.jedai.core.config.remote.ConfigReportFactory 148 Thread-10 FINE About to generate report: ConfigReportFactory
04-23 14:16:04.208 17477 17526 D StatsDataStore: 1745406964208 2025-04-23 14:16:04 com.anagog.jedai.core.metrics.stats.datastore.StatsDataStore 89 jedai-main FINE about to set stats in cache: AppLaunchesCount, USER_DEFINED_INTEGER, StatsValue{mType=USER_DEFINED_INTEGER, mStringValue='null', mDecimalValue=0.0, mIntegerValue=1}, null, null, null
04-23 14:16:04.209 17477 17603 I NetworkCall: 1745406964209 2025-04-23 14:16:04 com.anagog.jedai.core.network.NetworkCall 134 pool-18-thread-1 INFO About to execute PostRequest request, url: https://stage-api-jedai.anagog.com/config/consume/download/jedaisdk
04-23 14:16:04.210 17477 17526 D StatsDataStore: 1745406964210 2025-04-23 14:16:04 com.anagog.jedai.core.metrics.stats.datastore.StatsDataStore 89 jedai-main FINE about to get stat by query: AppLaunchesCount.overall
04-23 14:16:04.210 17477 17526 D StatsCache: 1745406964210 2025-04-23 14:16:04 com.anagog.jedai.core.metrics.stats.datastore.StatsCache 89 jedai-main FINE about to get stat by MsQuery: AppLaunchesCount.overall, stat: null
04-23 14:16:04.211 17477 17526 D StatsDataStore: 1745406964211 2025-04-23 14:16:04 com.anagog.jedai.core.metrics.stats.datastore.StatsDataStore 89 jedai-main FINE stats loaded from database: null
04-23 14:16:04.211 17477 17526 D StatsDataStore: 1745406964211 2025-04-23 14:16:04 com.anagog.jedai.core.metrics.stats.datastore.StatsDataStore 89 jedai-main FINE isStatUpdated oldStat: null, newStat: StatsModel{mName='AppLaunchesCount', mIndex1='null', mIndex2='null', mTimeRange=OVERALL, mFrom=TomerRDate{mTomerRDate=20250423, mTimestamp=1745406961565}, mTo=TomerRDate{mTomerRDate=20371215, mTimestamp=2144448000000}, mTimestamp=1745406964209, mTimestampLocal=1745417764209, mStringValue='null', mDecimalValue=null, mIntegerValue=1, mDataType=INTEGER, mStatus=2}, result: true
04-23 14:16:04.212 17477 17526 D StatsDataStore: 1745406964212 2025-04-23 14:16:04 com.anagog.jedai.core.metrics.stats.datastore.StatsDataStore 89 jedai-main FINE about to store model: StatsModel{mName='AppLaunchesCount', mIndex1='null', mIndex2='null', mTimeRange=OVERALL, mFrom=TomerRDate{mTomerRDate=20250423, mTimestamp=1745406961565}, mTo=TomerRDate{mTomerRDate=20371215, mTimestamp=2144448000000}, mTimestamp=1745406964209, mTimestampLocal=1745417764209, mStringValue='null', mDecimalValue=null, mIntegerValue=1, mDataType=INTEGER, mStatus=2}
04-23 14:16:04.217 17477 17526 W StatsDaoImpl: 1745406964217 2025-04-23 14:16:04 com.anagog.jedai.core.metrics.stats.StatsDaoImpl 89 jedai-main WARNING Failed to replace stats in database name: AppLaunchesCount, index1: null, index2: null, timeRange: OVERALL
04-23 14:16:04.217 17477 17526 D StatsDataStore: 1745406964217 2025-04-23 14:16:04 com.anagog.jedai.core.metrics.stats.datastore.StatsDataStore 89 jedai-main FINE database updated for AppLaunchesCount stat, took: 5 ms isSucceed: true
04-23 14:16:04.217 17477 17526 D StatsCache: 1745406964217 2025-04-23 14:16:04 com.anagog.jedai.core.metrics.stats.datastore.StatsCache 89 jedai-main FINE set value to cache: StatsModel{mName='AppLaunchesCount', mIndex1='null', mIndex2='null', mTimeRange=OVERALL, mFrom=TomerRDate{mTomerRDate=20250423, mTimestamp=1745406961565}, mTo=TomerRDate{mTomerRDate=20371215, mTimestamp=2144448000000}, mTimestamp=1745406964209, mTimestampLocal=1745417764209, mStringValue='null', mDecimalValue=null, mIntegerValue=1, mDataType=INTEGER, mStatus=2}
04-23 14:16:04.217 17477 17526 D StatsCache: 1745406964217 2025-04-23 14:16:04 com.anagog.jedai.core.metrics.stats.datastore.StatsCache 89 jedai-main FINE cache values: [6]
04-23 14:16:04.218 17477 17526 D ServiceStateProvider: 1745406964217 2025-04-23 14:16:04 com.anagog.jedai.core.service.ServiceStateProvider 89 jedai-main FINE FG service unSubscribe [operator-id::171987595] with [59107232::Visit Location Processing]. 0 Listeners: {}
04-23 14:16:04.218 17477 17526 I JedAITimer: 1745406964218 2025-04-23 14:16:04 com.anagog.jedai.core.timer.JedAITimer 89 jedai-main INFO Subscribed on timer with interval 300,000
04-23 14:16:04.220 17477 17526 I TimerManagerImpl: 1745406964220 2025-04-23 14:16:04 com.anagog.jedai.core.timer.TimerManagerImpl 89 jedai-main INFO Listener [Geofence Location Processing watchdog] added to existing timer with interval 300,000, need to perform pulse
04-23 14:16:04.221 17477 17526 I TimerManagerImpl: 1745406964221 2025-04-23 14:16:04 com.anagog.jedai.core.timer.TimerManagerImpl 89 jedai-main INFO Timer with interval 300,000 already exist, listener [Geofence Location Processing watchdog] added to this timer
04-23 14:16:04.222 17477 17526 I JedAITimer: 1745406964222 2025-04-23 14:16:04 com.anagog.jedai.core.timer.JedAITimer 89 jedai-main INFO Subscribed on timer with interval 300,000
04-23 14:16:04.223 17477 17526 I TimerManagerImpl: 1745406964223 2025-04-23 14:16:04 com.anagog.jedai.core.timer.TimerManagerImpl 89 jedai-main INFO Listener [LambdaManager] added to existing timer with interval 300,000, need to perform pulse
04-23 14:16:04.225 17477 17526 I TimerManagerImpl: 1745406964224 2025-04-23 14:16:04 com.anagog.jedai.core.timer.TimerManagerImpl 89 jedai-main INFO Timer with interval 300,000 already exist, listener [LambdaManager] added to this timer
04-23 14:16:04.226 17477 17526 I TimerManagerImpl: 1745406964225 2025-04-23 14:16:04 com.anagog.jedai.core.timer.TimerManagerImpl 89 jedai-main INFO Need to create a new timer with interval 600,000 and start if need
04-23 14:16:04.227 17477 17526 I JedAITimer: 1745406964226 2025-04-23 14:16:04 com.anagog.jedai.core.timer.JedAITimer 89 jedai-main INFO Subscribed on timer with interval 600,000
