04-23 14:16:04.228 17477 17526 I JedAITimer: 1745406964227 2025-04-23 14:16:04 com.anagog.jedai.core.timer.JedAITimer 89 jedai-main INFO About to start timer with interval 600,000
04-23 14:16:04.229 17477 17526 I JedAITimer: 1745406964229 2025-04-23 14:16:04 com.anagog.jedai.core.timer.JedAITimer 89 jedai-main INFO About to publish pulse event via timer with interval 600000 if needed. Last execution was at 02:00:00
04-23 14:16:04.229 17477 17526 D JedAITimer: 1745406964229 2025-04-23 14:16:04 com.anagog.jedai.core.timer.JedAITimer 89 jedai-main FINEST About to call listener: JedAIJemaWrapper
04-23 14:16:04.229 17477 17526 D CampaignManagerImpl: 1745406964229 2025-04-23 14:16:04 com.anagog.jedai.jema.campaign.CampaignManagerImpl 89 jedai-main FINE CampaignSycInterval - 1440 minutes
04-23 14:16:04.229 17477 17526 D CampaignManagerImpl: 1745406964229 2025-04-23 14:16:04 com.anagog.jedai.jema.campaign.CampaignManagerImpl 89 jedai-main FINE About to start campaign sync process on a background thread
04-23 14:16:04.230 17477 17526 I TimerManagerImpl: 1745406964229 2025-04-23 14:16:04 com.anagog.jedai.core.timer.TimerManagerImpl 89 jedai-main INFO About to subscribe on timer with interval 300,000 by [Jema Campaigns Sync watchdog]
04-23 14:16:04.230 17477 17526 D JedAITaskImpl: 1745406964230 2025-04-23 14:16:04 com.anagog.jedai.core.service.JedAITaskImpl 89 jedai-main FINE Starting Jema Campaigns Sync task in background. Task-work about to run.
04-23 14:16:04.231 17477 17526 D CpuStatsProvider: 1745406964231 2025-04-23 14:16:04 com.anagog.jedai.core.common.CpuStatsProvider 89 jedai-main FINE Jema Campaigns Sync took: 0.000 sec, time processing: 0.003 / 0.5882353%, timePassed: 0.51
04-23 14:16:04.231 17477 17526 I JedAITimer: 1745406964231 2025-04-23 14:16:04 com.anagog.jedai.core.timer.JedAITimer 89 jedai-main INFO Publish pulse event completed for timer 600000
04-23 14:16:04.232 17477 17526 D AlarmWakeupReceiver: 1745406964231 2025-04-23 14:16:04 com.anagog.jedai.core.service.AlarmWakeupReceiver 89 jedai-main FINE AlarmWakeupReceiver start
04-23 14:16:04.233 17477 17526 D AlarmWakeupReceiver: 1745406964233 2025-04-23 14:16:04 com.anagog.jedai.core.service.AlarmWakeupReceiver 89 jedai-main FINE AlarmWakeupReceiver setAlarm 250423112204
04-23 14:16:04.233 17477 17526 I TimerManagerImpl: 1745406964233 2025-04-23 14:16:04 com.anagog.jedai.core.timer.TimerManagerImpl 89 jedai-main INFO Subscribed on timer with interval 600,000 by [JedAIJemaWrapper]
04-23 14:16:04.234 17477 17526 I TimerManagerImpl: 1745406964234 2025-04-23 14:16:04 com.anagog.jedai.core.timer.TimerManagerImpl 89 jedai-main INFO There are 4 working: [com.anagog.jedai.core.recorder.timer.JedAIRecordingTimer@b350270, com.anagog.jedai.core.recorder.timer.JedAIRecordingTimer@3ea6bff, com.anagog.jedai.core.recorder.timer.JedAIRecordingTimer@6c2af88, com.anagog.jedai.core.recorder.timer.JedAIRecordingTimer@f4d6fc3]
04-23 14:16:04.235 17477 17526 I TimerManagerImpl: 1745406964234 2025-04-23 14:16:04 com.anagog.jedai.core.timer.TimerManagerImpl 89 jedai-main INFO Listener [Jema Campaigns Sync watchdog] is already subscribed on the same interval 300,000
04-23 14:16:04.235 17477 17618 I JedAiWrapper: 1745406964235 2025-04-23 14:16:04 com.anagog.jedai.extension.JedAiWrapper 143 androidx.work-1 INFO Bluetooth access: true
04-23 14:16:04.236 17477 17618 I JedAiWrapper: 1745406964236 2025-04-23 14:16:04 com.anagog.jedai.extension.JedAiWrapper 143 androidx.work-1 INFO Lan access      : true
04-23 14:16:04.236 17477 17618 I JedAiWrapper: 1745406964236 2025-04-23 14:16:04 com.anagog.jedai.extension.JedAiWrapper 143 androidx.work-1 INFO Location access : true
04-23 14:16:04.236 17477 17618 I JedAiWrapper: 1745406964236 2025-04-23 14:16:04 com.anagog.jedai.extension.JedAiWrapper 143 androidx.work-1 INFO Motion access   : true
04-23 14:16:04.236 17477 17618 I JedAiWrapper: 1745406964236 2025-04-23 14:16:04 com.anagog.jedai.extension.JedAiWrapper 143 androidx.work-1 INFO Trace access    : true
04-23 14:16:04.237 17477 17618 I JedAiWrapper: 1745406964237 2025-04-23 14:16:04 com.anagog.jedai.extension.JedAiWrapper 143 androidx.work-1 INFO Apps access     : true
04-23 14:16:04.237 17477 17618 I JedAiWrapper: 1745406964237 2025-04-23 14:16:04 com.anagog.jedai.extension.JedAiWrapper 143 androidx.work-1 INFO Wifi access     : true
04-23 14:16:04.237 17477 17618 I JedAiWrapper: 1745406964237 2025-04-23 14:16:04 com.anagog.jedai.extension.JedAiWrapper 143 androidx.work-1 INFO Downloadable models : true
04-23 14:16:04.240 17477 17618 I ConfigurationManager: 1745406964240 2025-04-23 14:16:04 com.anagog.jedai.extension.ConfigurationManager 143 androidx.work-1 INFO Updating configuration: on start...
04-23 14:16:04.240 17477 17618 E ConfigurationManager: 1745406964240 2025-04-23 14:16:04 com.anagog.jedai.extension.ConfigurationManager 143 androidx.work-1 SEVERE Exception reading file: remote_config.bin - java.io.FileNotFoundException: /data/user/0/com.anagog.jedai.jedaidemo/files/remote_config.bin: open failed: ENOENT (No such file or directory)
04-23 14:16:04.278 17477 17618 W ConfigurationManager: 1745406964278 2025-04-23 14:16:04 com.anagog.jedai.extension.ConfigurationManager 143 androidx.work-1 WARNING failed merging CarBrands
04-23 14:16:04.278 17477 17618 W ConfigurationManager: org.json.JSONException: No value for CarBrands
04-23 14:16:04.278 17477 17618 W ConfigurationManager: 1745406964278 2025-04-23 14:16:04 com.anagog.jedai.extension.ConfigurationManager 143 androidx.work-1 WARNING failed merging CarModels
04-23 14:16:04.278 17477 17618 W ConfigurationManager: org.json.JSONException: No value for CarModels
04-23 14:16:04.278 17477 17618 W ConfigurationManager: 1745406964278 2025-04-23 14:16:04 com.anagog.jedai.extension.ConfigurationManager 143 androidx.work-1 WARNING failed merging CarBrandsBlackList
04-23 14:16:04.278 17477 17618 W ConfigurationManager: org.json.JSONException: No value for CarBrandsBlackList
04-23 14:16:04.278 17477 17618 W ConfigurationManager: 1745406964278 2025-04-23 14:16:04 com.anagog.jedai.extension.ConfigurationManager 143 androidx.work-1 WARNING failed merging WatchNames
04-23 14:16:04.278 17477 17618 W ConfigurationManager: org.json.JSONException: No value for WatchNames
04-23 14:16:04.278 17477 17618 W ConfigurationManager: 1745406964278 2025-04-23 14:16:04 com.anagog.jedai.extension.ConfigurationManager 143 androidx.work-1 WARNING failed merging RunningWatches
04-23 14:16:04.278 17477 17618 W ConfigurationManager: org.json.JSONException: No value for RunningWatches
04-23 14:16:04.279 17477 17618 W ConfigurationManager: 1745406964279 2025-04-23 14:16:04 com.anagog.jedai.extension.ConfigurationManager 143 androidx.work-1 WARNING failed merging CyclingComputers
04-23 14:16:04.279 17477 17618 W ConfigurationManager: org.json.JSONException: No value for CyclingComputers
04-23 14:16:04.279 17477 17618 W ConfigurationManager: 1745406964279 2025-04-23 14:16:04 com.anagog.jedai.extension.ConfigurationManager 143 androidx.work-1 WARNING failed merging BluetoothSpeakers
04-23 14:16:04.279 17477 17618 W ConfigurationManager: org.json.JSONException: No value for BluetoothSpeakers
04-23 14:16:04.279 17477 17618 W ConfigurationManager: 1745406964279 2025-04-23 14:16:04 com.anagog.jedai.extension.ConfigurationManager 143 androidx.work-1 WARNING failed merging CarMacAddressOUI
04-23 14:16:04.279 17477 17618 W ConfigurationManager: org.json.JSONException: No value for CarMacAddressOUI
04-23 14:16:04.279 17477 17618 W ConfigurationManager: 1745406964279 2025-04-23 14:16:04 com.anagog.jedai.extension.ConfigurationManager 143 androidx.work-1 WARNING failed merging PhoneModels
04-23 14:16:04.279 17477 17618 W ConfigurationManager: org.json.JSONException: No value for PhoneModels
04-23 14:16:04.279 17477 17618 W ConfigurationManager: 1745406964279 2025-04-23 14:16:04 com.anagog.jedai.extension.ConfigurationManager 143 androidx.work-1 WARNING failed merging BluetoothProximity
04-23 14:16:04.279 17477 17618 W ConfigurationManager: org.json.JSONException: No value for BluetoothProximity
04-23 14:16:04.279 17477 17618 W ConfigurationManager: 1745406964279 2025-04-23 14:16:04 com.anagog.jedai.extension.ConfigurationManager 143 androidx.work-1 WARNING failed merging WifiProximity
04-23 14:16:04.279 17477 17618 W ConfigurationManager: org.json.JSONException: No value for WifiProximity
04-23 14:16:04.279 17477 17618 W ConfigurationManager: 1745406964279 2025-04-23 14:16:04 com.anagog.jedai.extension.ConfigurationManager 143 androidx.work-1 WARNING failed merging AppsLshParameters
04-23 14:16:04.279 17477 17618 W ConfigurationManager: org.json.JSONException: No value for AppsLshParameters
04-23 14:16:04.279 17477 17618 W ConfigurationManager: 1745406964279 2025-04-23 14:16:04 com.anagog.jedai.extension.ConfigurationManager 143 androidx.work-1 WARNING failed merging TraceRouteParameters
04-23 14:16:04.279 17477 17618 W ConfigurationManager: org.json.JSONException: No value for TraceRouteParameters
04-23 14:16:04.280 17477 17618 W ConfigurationManager: 1745406964279 2025-04-23 14:16:04 com.anagog.jedai.extension.ConfigurationManager 143 androidx.work-1 WARNING failed merging NetworkSensingParameters
04-23 14:16:04.280 17477 17618 W ConfigurationManager: org.json.JSONException: No value for NetworkSensingParameters
04-23 14:16:04.280 17477 17618 W ConfigurationManager: 1745406964280 2025-04-23 14:16:04 com.anagog.jedai.extension.ConfigurationManager 143 androidx.work-1 WARNING failed merging DeviceSensorsParameters
04-23 14:16:04.280 17477 17618 W ConfigurationManager: org.json.JSONException: No value for DeviceSensorsParameters
04-23 14:16:04.280 17477 17618 W ConfigurationManager: 1745406964280 2025-04-23 14:16:04 com.anagog.jedai.extension.ConfigurationManager 143 androidx.work-1 WARNING failed merging DbWritingParameters
04-23 14:16:04.280 17477 17618 W ConfigurationManager: org.json.JSONException: No value for DbWritingParameters
04-23 14:16:04.280 17477 17618 W ConfigurationManager: 1745406964280 2025-04-23 14:16:04 com.anagog.jedai.extension.ConfigurationManager 143 androidx.work-1 WARNING failed merging BestMomentParameters
04-23 14:16:04.280 17477 17618 W ConfigurationManager: org.json.JSONException: No value for BestMomentParameters
04-23 14:16:04.280 17477 17618 W ConfigurationManager: 1745406964280 2025-04-23 14:16:04 com.anagog.jedai.extension.ConfigurationManager 143 androidx.work-1 WARNING failed merging KeepAliveParameters
04-23 14:16:04.280 17477 17618 W ConfigurationManager: org.json.JSONException: No value for KeepAliveParameters
04-23 14:16:04.280 17477 17618 W ConfigurationManager: 1745406964280 2025-04-23 14:16:04 com.anagog.jedai.extension.ConfigurationManager 143 androidx.work-1 WARNING failed merging AppsLshModelsZipped
04-23 14:16:04.280 17477 17618 W ConfigurationManager: org.json.JSONException: No value for AppsLshModelsZipped
04-23 14:16:04.333 17477 17618 I ConfigurationManager: 1745406964333 2025-04-23 14:16:04 com.anagog.jedai.extension.ConfigurationManager 143 androidx.work-1 INFO updated config: 
04-23 14:16:04.333 17477 17618 I ConfigurationManager: {"AppList":{"TravelApps":{"count":1,"threshold":1,"list":[{"package":"com.orbitz","name":"Orbitz","weight":1},{"package":"com.trivago","name":"Trivago","weight":1},{"package":"com.airbnb.android","name":"Airbnb","weight":1},{"package":"com.expedia.bookings","name":"Expedia","weight":1},{"package":"com.kayak.android","name":"Kayak","weight":1},{"package":"com.hilton.android.hhonors","name":"Hilton","weight":1},{"package":"com.marriott.mrt","name":"Marriot","weight":1},{"package":"com.booking","name":"Booking","weight":1},{"package":"com.agoda.mobile.consumer","name":"Agoda","weight":1},{"package":"com.phonegap.daka90new","name":"Daka90","weight":1},{"package":"com.devsense.hulyo","name":"Hulyo","weight":1},{"package":"com.yit.loco","name":"Loco","weight":1},{"package":"com.flyingcarpet","name":"BoNauf","weight":1},{"package":"ru.yandex.mobile.avia","name":"YandexFlights","weight":1},{"package":"ru.tutu.tutu_emp","name":"Tutu","weight":1},{"package":"ru.aviasales","name":"AviaSales","weight":1},{"package":"com.onetwotrip.onetwotrip","name":"OneTwoTrip","weight":1},{"package":"com.makemytrip","name":"MakeMyTrip","weight":1},{"package":"com.goibibo","name":"goibibo","weight":1},{"package":"com.ixigo","name":"ixigo","weight":1},{"package":"in.goindigo.android","name":"goindigo","weight":1},{"package":"net.skyscanner.android.main","name":"skyscanner","weight":1},{"package":"com.cleartrip.android","name":"cleartrip","weight":1},{"package":"com.easemytrip.android","name":"easemytrip","weight":1},{"package":"ctrip.english","name":"ctrip","weight":1},{"package":"com.hopper.mountainview.play","name":"hopper","weight":1},{"package":"com.yatra.base","name":"yatra","weight":1},{"package":"com.wego.android","name":"wego","weight":1},{"package":"com.india.happyeasygo","name":"HappyEasy","weight":1},{"package":"com.cf.flightsearch","name":"CheapFlights","weight":1},{"package":"com.akbartravel.AkbarTravels","name":"AkbarTravels","weight":1}]},"SingleApps":{"count":1,"threshold":1,"list":[{"package":"com.bumble.app","name":"Bumble","weight":1},{"package":"com.tinder","name":"Tinder","weight":1},{"package":"com.okcupid.okcupid","name":"OkCupid","weight":1},{"package":"co.hinge.app","name":"Hinge","weight":1},{"package":"com.coffeemeetsbagel","name":"CoffeeMeetsBagel","weight":1},{"package":"com.badoo.mobile","name":"BadooMeet","weight":1},{"package":"com.match.android.matchmobile","name":"Match","weight":1},{"package":"com.eharmony","name":"eHarmony","weight":1},{"package":"com.weareher.her","name":"Her","weight":1},{"package":"com.grindrapp.android","name":"Grinder","weight":1},{"package":"com.jaumo","name":"Jaumo","weight":1},{"package":"ru.mamba.client","name":"Mamba","weight":1},{"package":"com.dating.mylove","name":"LoveRu","weight":1},{"package":"drug.vokrug","name":"Vokrug","weight":1},{"package":"ru.ru.photostrana.mobile.mobile","name":"Photostrana","weight":1},{"package":"ru.tabor.search","name":"Tabor","weight":1},{"package":"com.topface.topface","name":"TopFace","weight":1},{"package":"com.ftw_and_co.happn","name":"Happn","weight":1},{"package":"com.shaadi.android","name":"Shaadi","weight":1},{"package":"com.jeevansathi.android","name":"Jeevansathi","weight":1},{"package":"com.bharatmatrimony","name":"Bharat","weight":1},{"package":"com.aisle.app","name":"Aisle","weight":1},{"package":"com.quackquack","name":"QuackQuack","weight":1},{"package":"com.communityshaadi.android","name":"Sangam","weight":1},{"package":"jodii.app","name":"Jodii","weight":1},{"package":"com.telugumatrimony","name":"Telugu","weight":1},{"package":"com.trulymadly.android.app","name":"TrulyMadly","weight":1},{"package":"com.tamilmatrimony","name":"Tamil","weight":1},{"package":"enterprises.dating.boo","name":"Boo","weight":1},{"package":"com.divorceematrimony","name":"Divorcee","weight":1},{"package":"com.blued.international","name":"HeeSay","weight":1},{"package":"com.keralamatrimony","name":"Kerala","weight":1},{"package":"com.marathimatrimony","name":"Marathi","weight":1},{
04-23 14:16:04.333 17477 17618 I ConfigurationManager: 
04-23 14:16:04.334 17477 17618 I ConfigurationManager: 1745406964334 2025-04-23 14:16:04 com.anagog.jedai.extension.ConfigurationManager 143 androidx.work-1 INFO Updating new remote configuration:
04-23 14:16:04.334 17477 17618 I ConfigurationManager: 1745406964334 2025-04-23 14:16:04 com.anagog.jedai.extension.ConfigurationManager 143 androidx.work-1 INFO {"AppList":{"CommunicationApps":{"count":1,"includeInUI":true,"isList":1,"list":[{"name":"TikTok -    ","package":"com.zhiliaoapp.musically","weight":1},{"name":"WhatsApp Messenger","package":"com.whatsapp","weight":1},{"name":"Signal -  ","package":"org.thoughtcrime.securesms","weight":1},{"name":"Google Meet","package":"com.google.android.apps.tachyon","weight":1}],"listName":"CommunicationServices","msName":"CommunicationApps","threshold":1},"EducationApps":{"count":1,"includeInUI":true,"isList":1,"list":[{"name":"Prometheus - Online Courses","package":"org.prometheus.android","weight":1}],"listName":"EducationServices","msName":"EducationApps","threshold":1},"Sportiada":{"count":1,"includeInUI":true,"isList":1,"list":[{"name":"Sport 5","package":"com.rge.sport5","weight":4},{"name":"One","package":"com.tss.one","weight":4},{"name":"365sports","package":"com.scores365","weight":1},{"name":"espn","package":"com.espn.score_center","weight":1}],"listName":"SportApps","msName":"SportsLover","threshold":1}},"OnDeviceModelsZipped":"eJykvXmTJMW17ftVrsnOH++ZBViET+FRBiYTk4TEJEDiSNeOyYqmgBbdXagHJHTtfve3ftvdszKzMna1eJIOp+n0zAif9rj22v/7//zq2fXTm19d/ep3j7/7/rPblzfPXj6+fvLx7Tc3T341/er21csfX73829MXv7r635dHLhr1+Nk3N//61dXyf/+HP9//wm8evXz80+OXP39+8+j2u2ePXz6+ffbZzfOnj1+80J9++/z62cubb+5+Zv6/0903f/zxw2cvXl4/efLi8+uXN8fPOhn0xcvrZ998/fM7rx79cPPyblQ4HfXiT88et187/bF4POynm+fX3928d/34yc/vfn/9/LubL27sPV/cjU8747949Pzm5tn98dkd/+Xjp0fvUo7GvnP96Ifvnt++evbNR7ePrh9YtvXoi+9eP7l59s31c2d4PR3+5KPb7144w7eT4U81B2fwMt8f/f3ty9sXNuujccu9cX9+/M3N/XHH+9g25fm7t8+e3TxiTVg/vcx718ffON7Sd2+fPn318ua9x9r6Z4+OD1E6GfXs5fWjl94iLMcb+e6r5891BZ78/Juvn99eH48ql0a991xX4Nl3R8OON0wv/+KLx3q5ez9WL4768cdPf7x5djTseH/6oxj91c3ND8crGeYL4149t7N1tuhh2R9672fD/ti/3Lx4efP8m+PdCfH+8Pd/0jKdb3xIewPvvcHx1rx//VyX68nNzY9HA8r5gK+ufzg6C+F4O97/l175mcTgzdPb5z9//M7RsOP9+EBH5otHumtHnx9vxAe63vs/FeezoR8+2x16vBe/u37xyc0/daGe3Xx0/eLlx3qJ74+GHm/F726f3vzmudbt+gm3hKU7OYMxng0em3Y0JO0M6T92JOZi3hnKZnEaj4YWZ+j7z745HrqeDf3o5vqnG6bz8e3zs+nUs6FSCz+fPXg7G/LV7fMfuoA4FcRpPhn56sXN97dPvvni8b+Pxxzvy4dPJdc/ePzk5vwUp+Mt+fDZn2++f/zoyUEcfXyjXT9WLvFk9N6RSOn+MBZQO/1c6/Pk+BeP9+XDF+88eXXz8vb25ffvP7v++smxfEvldODt7Q+f31x/c/P8aMi6M0Qi6V1pqiPlm+r+0K9uZEMcj91Oxr57/fzTfz47fm6eLw64/9S87A08f2YOZyNfvLp+gpA5eW48HXSifI7XLqfTgXakEIPnP3i6Ge/+/OiJDsLR5+XS5xfmue6MuzfN02147+YJL/Tzn16cvNW2O+j+o8vsDT5/fjndEBO954tSTrdCwvAfryTlP3jy88mouD/qwlsmd/S91zzdl9/+/PSj29N3PN2Y30kK3Z/Hen/M6UKX090w0ScBcHqWynY26KXu8wfXR1J5nS+PuL8M67I78nwJ1tNd+IhPz2e4xvtjTme4nq77sFzvCZv1dME/fvzo+e3Ht18/fiJH4WhU2R91YbKrO/rehE83w0befPb89icZoc911Z99d/LC29nonx7fnJ2ROu8Muf+qddkfev6e9XRjPn714vGj8yfHnSEXnpz2h9578ukmye54cf7gcnnEheeuuyPvPfZ0Yz759tG941NPd+OTS4d1O92Oz64xxY8+Xi58fP+9t3B52PlLb6db8Blm16Ofv7h5diOP96cjq2FLOwNfnA88Xf3PXn395PEjqfdnL368fX527bby0NgLM1tf4zv3pnm6N3/84vOzF9kufX7/4cs87ww8f+Iyn27U5/Iozk7hMofLQy49N+4Ovf/k0636XILhC5kAxz7knC8PufTksjv0/pNP9+bzV8+enU64Xvj80jO3y+PuPXA53Y4vvr/98ceTJy7LpQEXHrmEnYH3n3m6FfJtvzt2ppYlXfj80hPz5XH3H3i6A1+8vH30w4fPfrp5cTJo3Rt06dHVGXz/+ae78eXNo+8fH084zBc+v/DUsFwed++B4XQvmm9wsq0hXhxx6aFpb+T9x55uyJ9efP3ezdevvvsO//1cki+hnA3GbH783eOX108+u/756c3pS6wPDb705vU1vnR/EqebRbzg1Y/3zIIlnu7ZV4+/fXzBP1jicm/Y/aWIp9uFc3rfPFxO3HZiACHJQX3+4l2J7x8+x9w6HpycwS+OB+bLA798/vi7705c1OXEfWdonHGzLz9/3R978pv14rhLT9/ORq67Dz9x4k+HHv/iiR9/GHbh0SeuPAN7JE7DP/2W2MXx2PNd6mNZ1ONh5/vD51+8vPnx5Lmne/Py5iy6taRyNuA0urWc+O0fPX3x7o+vCHfwvNPA6YnX/hph5+XEdf/oVpfj+Ze6IzjAt8/MIrsfVFpO3PkWAfng+e1T3KHjUcfbYsb8j0S93Ajt8QZ9/OrJy8cf6b6+uv7u5HfjySDZv3++ffLq9NHp8pDzA3bizn9yc/3865/d1ysnw1/+UxdcZ0Lrc3t8Jk6c+2baXljDej7o/Wcnz9rOP//i5fXzYwF34sh/cvtSIqnttxsEP3HoT751bxVP/PoLQ89X88TD/+TV09+8+uaxJOT5q52e2BNHv3/plmxPzxydvnw+HWya4vnjmxd/fizr+3RoOR36HoL/+e2ro8U5vqInvv/O8AuLWc+/9fOL+wmF7XTQb/WnF3szPAkNaLCFJXcHL6eDP77+cf+Hw+lYHLjdsWcb+dmjF795eXa717N9s4j2hWFnOyZ3iWjnhYHl3sCfJAh3X3E9H377zaueqNz9ztlufXH76PH1k93RZ9v25U/3X7qe7Zblv/Z+8CRmYMv1GzKJx/Ht5SRW8Nnzm6ePNbWRrD0eF
04-23 14:16:04.334 17477 17618 I ConfigurationManager: 
04-23 14:16:04.345 17477 17618 I ConfigurationManager: 1745406964345 2025-04-23 14:16:04 com.anagog.jedai.extension.ConfigurationManager 143 androidx.work-1 INFO Loading default configuration: on start...
04-23 14:16:04.362 17477 17618 I ConfigurationManager: 1745406964362 2025-04-23 14:16:04 com.anagog.jedai.extension.ConfigurationManager 143 androidx.work-1 INFO Alarm: 1
04-23 14:16:04.362 17477 17618 I ConfigurationManager: 1745406964362 2025-04-23 14:16:04 com.anagog.jedai.extension.ConfigurationManager 143 androidx.work-1 INFO Audio: 1
04-23 14:16:04.363 17477 17618 I ConfigurationManager: 1745406964362 2025-04-23 14:16:04 com.anagog.jedai.extension.ConfigurationManager 143 androidx.work-1 INFO AppSession: 1
04-23 14:16:04.363 17477 17526 D StatsDataStore: 1745406964363 2025-04-23 14:16:04 com.anagog.jedai.core.metrics.stats.datastore.StatsDataStore 89 jedai-main FINE about to set stats in cache: TraceRouteHome, USER_DEFINED_STRING, StatsValue{mType=USER_DEFINED_STRING, mStringValue='Disabled', mDecimalValue=0.0, mIntegerValue=0}, null, null, OVERALL
04-23 14:16:04.363 17477 17618 I ConfigurationManager: 1745406964363 2025-04-23 14:16:04 com.anagog.jedai.extension.ConfigurationManager 143 androidx.work-1 INFO Battery: 1
04-23 14:16:04.363 17477 17618 I ConfigurationManager: 1745406964363 2025-04-23 14:16:04 com.anagog.jedai.extension.ConfigurationManager 143 androidx.work-1 INFO BlueTooth: 1
04-23 14:16:04.363 17477 17526 D StatsDataStore: 1745406964363 2025-04-23 14:16:04 com.anagog.jedai.core.metrics.stats.datastore.StatsDataStore 89 jedai-main FINE about to get stat by query: TraceRouteHome.overall
04-23 14:16:04.364 17477 17618 I ConfigurationManager: 1745406964364 2025-04-23 14:16:04 com.anagog.jedai.extension.ConfigurationManager 143 androidx.work-1 INFO Cell: 1
04-23 14:16:04.364 17477 17526 D StatsCache: 1745406964364 2025-04-23 14:16:04 com.anagog.jedai.core.metrics.stats.datastore.StatsCache 89 jedai-main FINE about to get stat by MsQuery: TraceRouteHome.overall, stat: null
04-23 14:16:04.364 17477 17618 I ConfigurationManager: 1745406964364 2025-04-23 14:16:04 com.anagog.jedai.extension.ConfigurationManager 143 androidx.work-1 INFO Gofence: 1
04-23 14:16:04.364 17477 17618 I ConfigurationManager: 1745406964364 2025-04-23 14:16:04 com.anagog.jedai.extension.ConfigurationManager 143 androidx.work-1 INFO Install: 1
04-23 14:16:04.364 17477 17618 I ConfigurationManager: 1745406964364 2025-04-23 14:16:04 com.anagog.jedai.extension.ConfigurationManager 143 androidx.work-1 INFO MediaStore: 1
04-23 14:16:04.365 17477 17618 I ConfigurationManager: 1745406964365 2025-04-23 14:16:04 com.anagog.jedai.extension.ConfigurationManager 143 androidx.work-1 INFO Nearby: 1
04-23 14:16:04.365 17477 17618 I ConfigurationManager: 1745406964365 2025-04-23 14:16:04 com.anagog.jedai.extension.ConfigurationManager 143 androidx.work-1 INFO Network: 1
04-23 14:16:04.365 17477 17526 D StatsDataStore: 1745406964365 2025-04-23 14:16:04 com.anagog.jedai.core.metrics.stats.datastore.StatsDataStore 89 jedai-main FINE stats loaded from database: null
04-23 14:16:04.365 17477 17618 I ConfigurationManager: 1745406964365 2025-04-23 14:16:04 com.anagog.jedai.extension.ConfigurationManager 143 androidx.work-1 INFO Screen: 1
04-23 14:16:04.365 17477 17526 D StatsDataStore: 1745406964365 2025-04-23 14:16:04 com.anagog.jedai.core.metrics.stats.datastore.StatsDataStore 89 jedai-main FINE isStatUpdated oldStat: null, newStat: StatsModel{mName='TraceRouteHome', mIndex1='null', mIndex2='null', mTimeRange=OVERALL, mFrom=TomerRDate{mTomerRDate=20250423, mTimestamp=1745406961565}, mTo=TomerRDate{mTomerRDate=20371215, mTimestamp=2144448000000}, mTimestamp=1745406964363, mTimestampLocal=1745417764363, mStringValue='Disabled', mDecimalValue=null, mIntegerValue=null, mDataType=STRING, mStatus=2}, result: true
04-23 14:16:04.365 17477 17618 I ConfigurationManager: 1745406964365 2025-04-23 14:16:04 com.anagog.jedai.extension.ConfigurationManager 143 androidx.work-1 INFO Sensors: 1
04-23 14:16:04.366 17477 17526 D StatsDataStore: 1745406964366 2025-04-23 14:16:04 com.anagog.jedai.core.metrics.stats.datastore.StatsDataStore 89 jedai-main FINE about to store model: StatsModel{mName='TraceRouteHome', mIndex1='null', mIndex2='null', mTimeRange=OVERALL, mFrom=TomerRDate{mTomerRDate=20250423, mTimestamp=1745406961565}, mTo=TomerRDate{mTomerRDate=20371215, mTimestamp=2144448000000}, mTimestamp=1745406964363, mTimestampLocal=1745417764363, mStringValue='Disabled', mDecimalValue=null, mIntegerValue=null, mDataType=STRING, mStatus=2}
04-23 14:16:04.366 17477 17618 I ConfigurationManager: 1745406964366 2025-04-23 14:16:04 com.anagog.jedai.extension.ConfigurationManager 143 androidx.work-1 INFO Stats: 1
04-23 14:16:04.366 17477 17618 I ConfigurationManager: 1745406964366 2025-04-23 14:16:04 com.anagog.jedai.extension.ConfigurationManager 143 androidx.work-1 INFO Weather: 1
04-23 14:16:04.366 17477 17618 I ConfigurationManager: 1745406964366 2025-04-23 14:16:04 com.anagog.jedai.extension.ConfigurationManager 143 androidx.work-1 INFO Wifi: 1
04-23 14:16:04.367 17477 17618 I ConfigurationManager: 1745406964366 2025-04-23 14:16:04 com.anagog.jedai.extension.ConfigurationManager 143 androidx.work-1 INFO BestMoment: 1
04-23 14:16:04.367 17477 17618 I ConfigurationManager: 1745406964367 2025-04-23 14:16:04 com.anagog.jedai.extension.ConfigurationManager 143 androidx.work-1 INFO Notifications: 1
04-23 14:16:04.367 17477 17618 I ConfigurationManager: 1745406964367 2025-04-23 14:16:04 com.anagog.jedai.extension.ConfigurationManager 143 androidx.work-1 INFO BestMoment parameters: 8/21/60/4/1440/10080
04-23 14:16:04.368 17477 17618 I ConfigurationManager: 1745406964368 2025-04-23 14:16:04 com.anagog.jedai.extension.ConfigurationManager 143 androidx.work-1 INFO KeepAliveParameters parameters: 1440/0/0
04-23 14:16:04.370 17477 17618 I ConfigurationManager: 1745406964370 2025-04-23 14:16:04 com.anagog.jedai.extension.ConfigurationManager 143 androidx.work-1 INFO LoadConfigOnstart configuration:
04-23 14:16:04.371 17477 17526 W StatsDaoImpl: 1745406964371 2025-04-23 14:16:04 com.anagog.jedai.core.metrics.stats.StatsDaoImpl 89 jedai-main WARNING Failed to replace stats in database name: TraceRouteHome, index1: null, index2: null, timeRange: OVERALL
04-23 14:16:04.371 17477 17526 D StatsDataStore: 1745406964371 2025-04-23 14:16:04 com.anagog.jedai.core.metrics.stats.datastore.StatsDataStore 89 jedai-main FINE database updated for TraceRouteHome stat, took: 6 ms isSucceed: true
04-23 14:16:04.371 17477 17526 D StatsCache: 1745406964371 2025-04-23 14:16:04 com.anagog.jedai.core.metrics.stats.datastore.StatsCache 89 jedai-main FINE set value to cache: StatsModel{mName='TraceRouteHome', mIndex1='null', mIndex2='null', mTimeRange=OVERALL, mFrom=TomerRDate{mTomerRDate=20250423, mTimestamp=1745406961565}, mTo=TomerRDate{mTomerRDate=20371215, mTimestamp=2144448000000}, mTimestamp=1745406964363, mTimestampLocal=1745417764363, mStringValue='Disabled', mDecimalValue=null, mIntegerValue=null, mDataType=STRING, mStatus=2}
04-23 14:16:04.372 17477 17526 D StatsCache: 1745406964372 2025-04-23 14:16:04 com.anagog.jedai.core.metrics.stats.datastore.StatsCache 89 jedai-main FINE cache values: [7]
04-23 14:16:04.372 17477 17526 D StatsDataStore: 1745406964372 2025-04-23 14:16:04 com.anagog.jedai.core.metrics.stats.datastore.StatsDataStore 89 jedai-main FINE about to set stats in cache: EdgeNetworkLshHome, USER_DEFINED_STRING, StatsValue{mType=USER_DEFINED_STRING, mStringValue='Disabled', mDecimalValue=0.0, mIntegerValue=0}, null, null, OVERALL
04-23 14:16:04.373 17477 17526 D StatsDataStore: 1745406964373 2025-04-23 14:16:04 com.anagog.jedai.core.metrics.stats.datastore.StatsDataStore 89 jedai-main FINE about to get stat by query: EdgeNetworkLshHome.overall
04-23 14:16:04.373 17477 17526 D StatsCache: 1745406964373 2025-04-23 14:16:04 com.anagog.jedai.core.metrics.stats.datastore.StatsCache 89 jedai-main FINE about to get stat by MsQuery: EdgeNetworkLshHome.overall, stat: null
04-23 14:16:04.373 17477 17526 D StatsDataStore: 1745406964373 2025-04-23 14:16:04 com.anagog.jedai.core.metrics.stats.datastore.StatsDataStore 89 jedai-main FINE stats loaded from database: null
04-23 14:16:04.373 17477 17526 D StatsDataStore: 1745406964373 2025-04-23 14:16:04 com.anagog.jedai.core.metrics.stats.datastore.StatsDataStore 89 jedai-main FINE isStatUpdated oldStat: null, newStat: StatsModel{mName='EdgeNetworkLshHome', mIndex1='null', mIndex2='null', mTimeRange=OVERALL, mFrom=TomerRDate{mTomerRDate=20250423, mTimestamp=1745406961565}, mTo=TomerRDate{mTomerRDate=20371215, mTimestamp=2144448000000}, mTimestamp=1745406964373, mTimestampLocal=1745417764373, mStringValue='Disabled', mDecimalValue=null, mIntegerValue=null, mDataType=STRING, mStatus=2}, result: true
04-23 14:16:04.373 17477 17526 D StatsDataStore: 1745406964373 2025-04-23 14:16:04 com.anagog.jedai.core.metrics.stats.datastore.StatsDataStore 89 jedai-main FINE about to store model: StatsModel{mName='EdgeNetworkLshHome', mIndex1='null', mIndex2='null', mTimeRange=OVERALL, mFrom=TomerRDate{mTomerRDate=20250423, mTimestamp=1745406961565}, mTo=TomerRDate{mTomerRDate=20371215, mTimestamp=2144448000000}, mTimestamp=1745406964373, mTimestampLocal=1745417764373, mStringValue='Disabled', mDecimalValue=null, mIntegerValue=null, mDataType=STRING, mStatus=2}
04-23 14:16:04.377 17477 17526 W StatsDaoImpl: 1745406964377 2025-04-23 14:16:04 com.anagog.jedai.core.metrics.stats.StatsDaoImpl 89 jedai-main WARNING Failed to replace stats in database name: EdgeNetworkLshHome, index1: null, index2: null, timeRange: OVERALL
04-23 14:16:04.377 17477 17526 D StatsDataStore: 1745406964377 2025-04-23 14:16:04 com.anagog.jedai.core.metrics.stats.datastore.StatsDataStore 89 jedai-main FINE database updated for EdgeNetworkLshHome stat, took: 4 ms isSucceed: true
04-23 14:16:04.377 17477 17526 D StatsCache: 1745406964377 2025-04-23 14:16:04 com.anagog.jedai.core.metrics.stats.datastore.StatsCache 89 jedai-main FINE set value to cache: StatsModel{mName='EdgeNetworkLshHome', mIndex1='null', mIndex2='null', mTimeRange=OVERALL, mFrom=TomerRDate{mTomerRDate=20250423, mTimestamp=1745406961565}, mTo=TomerRDate{mTomerRDate=20371215, mTimestamp=2144448000000}, mTimestamp=1745406964373, mTimestampLocal=1745417764373, mStringValue='Disabled', mDecimalValue=null, mIntegerValue=null, mDataType=STRING, mStatus=2}
04-23 14:16:04.377 17477 17526 D StatsCache: 1745406964377 2025-04-23 14:16:04 com.anagog.jedai.core.metrics.stats.datastore.StatsCache 89 jedai-main FINE cache values: [8]
04-23 14:16:04.378 17477 17526 D StatsDataStore: 1745406964378 2025-04-23 14:16:04 com.anagog.jedai.core.metrics.stats.datastore.StatsDataStore 89 jedai-main FINE about to set stats in cache: TraceRouteWork, USER_DEFINED_STRING, StatsValue{mType=USER_DEFINED_STRING, mStringValue='Disabled', mDecimalValue=0.0, mIntegerValue=0}, null, null, OVERALL
04-23 14:16:04.378 17477 17526 D StatsDataStore: 1745406964378 2025-04-23 14:16:04 com.anagog.jedai.core.metrics.stats.datastore.StatsDataStore 89 jedai-main FINE about to get stat by query: TraceRouteWork.overall
04-23 14:16:04.378 17477 17526 D StatsCache: 1745406964378 2025-04-23 14:16:04 com.anagog.jedai.core.metrics.stats.datastore.StatsCache 89 jedai-main FINE about to get stat by MsQuery: TraceRouteWork.overall, stat: null
04-23 14:16:04.379 17477 17526 D StatsDataStore: 1745406964379 2025-04-23 14:16:04 com.anagog.jedai.core.metrics.stats.datastore.StatsDataStore 89 jedai-main FINE stats loaded from database: null
04-23 14:16:04.379 17477 17526 D StatsDataStore: 1745406964379 2025-04-23 14:16:04 com.anagog.jedai.core.metrics.stats.datastore.StatsDataStore 89 jedai-main FINE isStatUpdated oldStat: null, newStat: StatsModel{mName='TraceRouteWork', mIndex1='null', mIndex2='null', mTimeRange=OVERALL, mFrom=TomerRDate{mTomerRDate=20250423, mTimestamp=1745406961565}, mTo=TomerRDate{mTomerRDate=20371215, mTimestamp=2144448000000}, mTimestamp=1745406964378, mTimestampLocal=1745417764378, mStringValue='Disabled', mDecimalValue=null, mIntegerValue=null, mDataType=STRING, mStatus=2}, result: true
04-23 14:16:04.380 17477 17603 W NetworkCall: 1745406964380 2025-04-23 14:16:04 com.anagog.jedai.core.network.NetworkCall 134 pool-18-thread-1 WARNING Failed to execute PostRequest: https://stage-api-jedai.anagog.com/config/consume/download/jedaisdk
04-23 14:16:04.380 17477 17603 W NetworkCall: Failure: Failure(failure=com.anagog.jedai.core.network.NetworkFailure$NoChange@b054eda)
04-23 14:16:04.380 17477 17627 I ConfigDownloadHelper: 1745406964380 2025-04-23 14:16:04 com.anagog.jedai.core.config.remote.ConfigDownloadHelper 148 Thread-10 INFO process failure: com.anagog.jedai.core.network.NetworkFailure$NoChange@b054eda
04-23 14:16:04.380 17477 17627 I ConfigDownloadHelper: 1745406964380 2025-04-23 14:16:04 com.anagog.jedai.core.config.remote.ConfigDownloadHelper 148 Thread-10 INFO Remote configuration received, but not modified. Endpoint: https://stage-api-jedai.anagog.com/config/consume/download/jedaisdk
04-23 14:16:04.381 17477 17627 I INTEGRATION: INFO Remote configuration received, but not modified. Endpoint: https://stage-api-jedai.anagog.com/config/consume/download/jedaisdk
04-23 14:16:04.381 17477 17627 W ConfigManagerImpl: 1745406964381 2025-04-23 14:16:04 com.anagog.jedai.core.config.ConfigManagerImpl 148 Thread-10 WARNING Null config received from the server
04-23 14:16:04.381 17477 17627 W ConfigManagerImpl: 1745406964381 2025-04-23 14:16:04 com.anagog.jedai.core.config.ConfigManagerImpl 148 Thread-10 WARNING Failed to download config from server
04-23 14:16:04.382 17477 17526 D StatsDataStore: 1745406964380 2025-04-23 14:16:04 com.anagog.jedai.core.metrics.stats.datastore.StatsDataStore 89 jedai-main FINE about to store model: StatsModel{mName='TraceRouteWork', mIndex1='null', mIndex2='null', mTimeRange=OVERALL, mFrom=TomerRDate{mTomerRDate=20250423, mTimestamp=1745406961565}, mTo=TomerRDate{mTomerRDate=20371215, mTimestamp=2144448000000}, mTimestamp=1745406964378, mTimestampLocal=1745417764378, mStringValue='Disabled', mDecimalValue=null, mIntegerValue=null, mDataType=STRING, mStatus=2}
04-23 14:16:04.385 17477 17526 W StatsDaoImpl: 1745406964385 2025-04-23 14:16:04 com.anagog.jedai.core.metrics.stats.StatsDaoImpl 89 jedai-main WARNING Failed to replace stats in database name: TraceRouteWork, index1: null, index2: null, timeRange: OVERALL
04-23 14:16:04.385 17477 17526 D StatsDataStore: 1745406964385 2025-04-23 14:16:04 com.anagog.jedai.core.metrics.stats.datastore.StatsDataStore 89 jedai-main FINE database updated for TraceRouteWork stat, took: 5 ms isSucceed: true
04-23 14:16:04.385 17477 17628 I AudioSettings: 1745406964385 2025-04-23 14:16:04 com.anagog.jedai.extension.AudioSettings 149 audioPlaybackThread INFO BUILTIN_SPEAKER Audio device connected
04-23 14:16:04.386 17477 17628 I AudioSettings: 1745406964386 2025-04-23 14:16:04 com.anagog.jedai.extension.AudioSettings 149 audioPlaybackThread INFO TELEPHONY Audio device connected
04-23 14:16:04.386 17477 17628 I AudioSettings: 1745406964386 2025-04-23 14:16:04 com.anagog.jedai.extension.AudioSettings 149 audioPlaybackThread INFO UNKNOWN 15 Audio device connected
04-23 14:16:04.386 17477 17526 D StatsCache: 1745406964386 2025-04-23 14:16:04 com.anagog.jedai.core.metrics.stats.datastore.StatsCache 89 jedai-main FINE set value to cache: StatsModel{mName='TraceRouteWork', mIndex1='null', mIndex2='null', mTimeRange=OVERALL, mFrom=TomerRDate{mTomerRDate=20250423, mTimestamp=1745406961565}, mTo=TomerRDate{mTomerRDate=20371215, mTimestamp=2144448000000}, mTimestamp=1745406964378, mTimestampLocal=1745417764378, mStringValue='Disabled', mDecimalValue=null, mIntegerValue=null, mDataType=STRING, mStatus=2}
04-23 14:16:04.386 17477 17628 I AudioSettings: 1745406964386 2025-04-23 14:16:04 com.anagog.jedai.extension.AudioSettings 149 audioPlaybackThread INFO TELEPHONY Audio device connected
04-23 14:16:04.387 17477 17526 D StatsCache: 1745406964387 2025-04-23 14:16:04 com.anagog.jedai.core.metrics.stats.datastore.StatsCache 89 jedai-main FINE cache values: [9]
04-23 14:16:04.387 17477 17628 I AudioSettings: 1745406964387 2025-04-23 14:16:04 com.anagog.jedai.extension.AudioSettings 149 audioPlaybackThread INFO TYPE_REMOTE_SUBMIX Audio device connected
04-23 14:16:04.388 17477 17628 I AudioSettings: 1745406964387 2025-04-23 14:16:04 com.anagog.jedai.extension.AudioSettings 149 audioPlaybackThread INFO TYPE_FM_TUNER Audio device connected
04-23 14:16:04.388 17477 17526 D StatsDataStore: 1745406964388 2025-04-23 14:16:04 com.anagog.jedai.core.metrics.stats.datastore.StatsDataStore 89 jedai-main FINE about to set stats in cache: TraceRouteWork2, USER_DEFINED_STRING, StatsValue{mType=USER_DEFINED_STRING, mStringValue='Disabled', mDecimalValue=0.0, mIntegerValue=0}, null, null, OVERALL
04-23 14:16:04.391 17477 17526 D StatsDataStore: 1745406964390 2025-04-23 14:16:04 com.anagog.jedai.core.metrics.stats.datastore.StatsDataStore 89 jedai-main FINE about to get stat by query: TraceRouteWork2.overall
04-23 14:16:04.392 17477 17526 D StatsCache: 1745406964392 2025-04-23 14:16:04 com.anagog.jedai.core.metrics.stats.datastore.StatsCache 89 jedai-main FINE about to get stat by MsQuery: TraceRouteWork2.overall, stat: null
04-23 14:16:04.392 17477 17526 D StatsDataStore: 1745406964392 2025-04-23 14:16:04 com.anagog.jedai.core.metrics.stats.datastore.StatsDataStore 89 jedai-main FINE stats loaded from database: null
04-23 14:16:04.393 17477 17526 D StatsDataStore: 1745406964392 2025-04-23 14:16:04 com.anagog.jedai.core.metrics.stats.datastore.StatsDataStore 89 jedai-main FINE isStatUpdated oldStat: null, newStat: StatsModel{mName='TraceRouteWork2', mIndex1='null', mIndex2='null', mTimeRange=OVERALL, mFrom=TomerRDate{mTomerRDate=20250423, mTimestamp=1745406961565}, mTo=TomerRDate{mTomerRDate=20371215, mTimestamp=2144448000000}, mTimestamp=1745406964390, mTimestampLocal=1745417764390, mStringValue='Disabled', mDecimalValue=null, mIntegerValue=null, mDataType=STRING, mStatus=2}, result: true
04-23 14:16:04.393 17477 17526 D StatsDataStore: 1745406964393 2025-04-23 14:16:04 com.anagog.jedai.core.metrics.stats.datastore.StatsDataStore 89 jedai-main FINE about to store model: StatsModel{mName='TraceRouteWork2', mIndex1='null', mIndex2='null', mTimeRange=OVERALL, mFrom=TomerRDate{mTomerRDate=20250423, mTimestamp=1745406961565}, mTo=TomerRDate{mTomerRDate=20371215, mTimestamp=2144448000000}, mTimestamp=1745406964390, mTimestampLocal=1745417764390, mStringValue='Disabled', mDecimalValue=null, mIntegerValue=null, mDataType=STRING, mStatus=2}
04-23 14:16:04.395 17477 17631 I WifiMonitor: 1745406964395 2025-04-23 14:16:04 com.anagog.jedai.extension.WifiMonitor 152 ConnectivityThread INFO OnAvailable
04-23 14:16:04.397 17477 17632 I DeepMs  : 1745406964397 2025-04-23 14:16:04 com.anagog.jedai.extension.DeepMs 153 androidx.work-2 INFO DeepPulse triggered
04-23 14:16:04.398 17477 17632 I DeepMs  : 1745406964397 2025-04-23 14:16:04 com.anagog.jedai.extension.DeepMs 153 androidx.work-2 INFO DeepPulse not initialized!!!
04-23 14:16:04.399 17477 17526 W StatsDaoImpl: 1745406964398 2025-04-23 14:16:04 com.anagog.jedai.core.metrics.stats.StatsDaoImpl 89 jedai-main WARNING Failed to replace stats in database name: TraceRouteWork2, index1: null, index2: null, timeRange: OVERALL
04-23 14:16:04.399 17477 17632 I Workers$pulseWorker1: 1745406964399 2025-04-23 14:16:04 com.anagog.jedai.extension.Workers$pulseWorker1 153 androidx.work-2 INFO DeepPulse : 0
04-23 14:16:04.401 17477 17526 D StatsDataStore: 1745406964399 2025-04-23 14:16:04 com.anagog.jedai.core.metrics.stats.datastore.StatsDataStore 89 jedai-main FINE database updated for TraceRouteWork2 stat, took: 6 ms isSucceed: true
04-23 14:16:04.402 17477 17617 I WM-WorkerWrapper: Worker result SUCCESS for Work [ id=d0906387-8bfd-4665-9aad-46df68cb95c0, tags={ com.anagog.jedai.extension.Workers$pulseWorker1 } ]
04-23 14:16:04.403 17477 17526 D StatsCache: 1745406964401 2025-04-23 14:16:04 com.anagog.jedai.core.metrics.stats.datastore.StatsCache 89 jedai-main FINE set value to cache: StatsModel{mName='TraceRouteWork2', mIndex1='null', mIndex2='null', mTimeRange=OVERALL, mFrom=TomerRDate{mTomerRDate=20250423, mTimestamp=1745406961565}, mTo=TomerRDate{mTomerRDate=20371215, mTimestamp=2144448000000}, mTimestamp=1745406964390, mTimestampLocal=1745417764390, mStringValue='Disabled', mDecimalValue=null, mIntegerValue=null, mDataType=STRING, mStatus=2}
04-23 14:16:04.403 17477 17526 D StatsCache: 1745406964403 2025-04-23 14:16:04 com.anagog.jedai.core.metrics.stats.datastore.StatsCache 89 jedai-main FINE cache values: [10]
04-23 14:16:04.404 17477 17526 D StatsDataStore: 1745406964404 2025-04-23 14:16:04 com.anagog.jedai.core.metrics.stats.datastore.StatsDataStore 89 jedai-main FINE about to set stats in cache: TraceRouteHome, USER_DEFINED_STRING, StatsValue{mType=USER_DEFINED_STRING, mStringValue='Disabled', mDecimalValue=0.0, mIntegerValue=0}, null, null, OVERALL
04-23 14:16:04.404 17477 17526 D StatsDataStore: 1745406964404 2025-04-23 14:16:04 com.anagog.jedai.core.metrics.stats.datastore.StatsDataStore 89 jedai-main FINE about to get stat by query: TraceRouteHome.overall
04-23 14:16:04.405 17477 17526 D StatsCache: 1745406964405 2025-04-23 14:16:04 com.anagog.jedai.core.metrics.stats.datastore.StatsCache 89 jedai-main FINE about to get stat by MsQuery: TraceRouteHome.overall, stat: StatsModel{mName='TraceRouteHome', mIndex1='null', mIndex2='null', mTimeRange=OVERALL, mFrom=TomerRDate{mTomerRDate=20250423, mTimestamp=1745406961565}, mTo=TomerRDate{mTomerRDate=20371215, mTimestamp=2144448000000}, mTimestamp=1745406964363, mTimestampLocal=1745417764363, mStringValue='Disabled', mDecimalValue=null, mIntegerValue=null, mDataType=STRING, mStatus=2}
04-23 14:16:04.405 17477 17526 D StatsDataStore: 1745406964405 2025-04-23 14:16:04 com.anagog.jedai.core.metrics.stats.datastore.StatsDataStore 89 jedai-main FINE isStatUpdated oldStat: StatsModel{mName='TraceRouteHome', mIndex1='null', mIndex2='null', mTimeRange=OVERALL, mFrom=TomerRDate{mTomerRDate=20250423, mTimestamp=1745406961565}, mTo=TomerRDate{mTomerRDate=20371215, mTimestamp=2144448000000}, mTimestamp=1745406964363, mTimestampLocal=1745417764363, mStringValue='Disabled', mDecimalValue=null, mIntegerValue=null, mDataType=STRING, mStatus=2}, newStat: StatsModel{mName='TraceRouteHome', mIndex1='null', mIndex2='null', mTimeRange=OVERALL, mFrom=TomerRDate{mTomerRDate=20250423, mTimestamp=1745406961565}, mTo=TomerRDate{mTomerRDate=20371215, mTimestamp=2144448000000}, mTimestamp=1745406964404, mTimestampLocal=1745417764404, mStringValue='Disabled', mDecimalValue=null, mIntegerValue=null, mDataType=STRING, mStatus=2}, result: true
04-23 14:16:04.405 17477 17526 D StatsDataStore: 1745406964405 2025-04-23 14:16:04 com.anagog.jedai.core.metrics.stats.datastore.StatsDataStore 89 jedai-main FINE about to store model: StatsModel{mName='TraceRouteHome', mIndex1='null', mIndex2='null', mTimeRange=OVERALL, mFrom=TomerRDate{mTomerRDate=20250423, mTimestamp=1745406961565}, mTo=TomerRDate{mTomerRDate=20371215, mTimestamp=2144448000000}, mTimestamp=1745406964404, mTimestampLocal=1745417764404, mStringValue='Disabled', mDecimalValue=null, mIntegerValue=null, mDataType=STRING, mStatus=2}
04-23 14:16:04.408 17477 17526 I StatsDaoImpl: 1745406964408 2025-04-23 14:16:04 com.anagog.jedai.core.metrics.stats.StatsDaoImpl 89 jedai-main INFO Replaced stats TraceRouteHome in database
04-23 14:16:04.408 17477 17526 D StatsDataStore: 1745406964408 2025-04-23 14:16:04 com.anagog.jedai.core.metrics.stats.datastore.StatsDataStore 89 jedai-main FINE database updated for TraceRouteHome stat, took: 3 ms isSucceed: true
04-23 14:16:04.408 17477 17526 D StatsCache: 1745406964408 2025-04-23 14:16:04 com.anagog.jedai.core.metrics.stats.datastore.StatsCache 89 jedai-main FINE set value to cache: StatsModel{mName='TraceRouteHome', mIndex1='null', mIndex2='null', mTimeRange=OVERALL, mFrom=TomerRDate{mTomerRDate=20250423, mTimestamp=1745406961565}, mTo=TomerRDate{mTomerRDate=20371215, mTimestamp=2144448000000}, mTimestamp=1745406964404, mTimestampLocal=1745417764404, mStringValue='Disabled', mDecimalValue=null, mIntegerValue=null, mDataType=STRING, mStatus=2}
04-23 14:16:04.408 17477 17526 D StatsCache: 1745406964408 2025-04-23 14:16:04 com.anagog.jedai.core.metrics.stats.datastore.StatsCache 89 jedai-main FINE cache values: [10]
04-23 14:16:04.409 17477 17526 D StatsDataStore: 1745406964409 2025-04-23 14:16:04 com.anagog.jedai.core.metrics.stats.datastore.StatsDataStore 89 jedai-main FINE about to set stats in cache: DeepMsVersion, USER_DEFINED_STRING, StatsValue{mType=USER_DEFINED_STRING, mStringValue='4.49.0-appium-1-dirty', mDecimalValue=0.0, mIntegerValue=0}, null, null, OVERALL
04-23 14:16:04.410 17477 17526 D StatsDataStore: 1745406964410 2025-04-23 14:16:04 com.anagog.jedai.core.metrics.stats.datastore.StatsDataStore 89 jedai-main FINE about to get stat by query: DeepMsVersion.overall
04-23 14:16:04.410 17477 17526 D StatsCache: 1745406964410 2025-04-23 14:16:04 com.anagog.jedai.core.metrics.stats.datastore.StatsCache 89 jedai-main FINE about to get stat by MsQuery: DeepMsVersion.overall, stat: null
04-23 14:16:04.411 17477 17526 D StatsDataStore: 1745406964411 2025-04-23 14:16:04 com.anagog.jedai.core.metrics.stats.datastore.StatsDataStore 89 jedai-main FINE stats loaded from database: null
04-23 14:16:04.411 17477 17526 D StatsDataStore: 1745406964411 2025-04-23 14:16:04 com.anagog.jedai.core.metrics.stats.datastore.StatsDataStore 89 jedai-main FINE isStatUpdated oldStat: null, newStat: StatsModel{mName='DeepMsVersion', mIndex1='null', mIndex2='null', mTimeRange=OVERALL, mFrom=TomerRDate{mTomerRDate=20250423, mTimestamp=1745406961565}, mTo=TomerRDate{mTomerRDate=20371215, mTimestamp=2144448000000}, mTimestamp=1745406964410, mTimestampLocal=1745417764410, mStringValue='4.49.0-appium-1-dirty', mDecimalValue=null, mIntegerValue=null, mDataType=STRING, mStatus=2}, result: true
04-23 14:16:04.411 17477 17526 D StatsDataStore: 1745406964411 2025-04-23 14:16:04 com.anagog.jedai.core.metrics.stats.datastore.StatsDataStore 89 jedai-main FINE about to store model: StatsModel{mName='DeepMsVersion', mIndex1='null', mIndex2='null', mTimeRange=OVERALL, mFrom=TomerRDate{mTomerRDate=20250423, mTimestamp=1745406961565}, mTo=TomerRDate{mTomerRDate=20371215, mTimestamp=2144448000000}, mTimestamp=1745406964410, mTimestampLocal=1745417764410, mStringValue='4.49.0-appium-1-dirty', mDecimalValue=null, mIntegerValue=null, mDataType=STRING, mStatus=2}
04-23 14:16:04.414 17477 17526 W StatsDaoImpl: 1745406964413 2025-04-23 14:16:04 com.anagog.jedai.core.metrics.stats.StatsDaoImpl 89 jedai-main WARNING Failed to replace stats in database name: DeepMsVersion, index1: null, index2: null, timeRange: OVERALL
04-23 14:16:04.414 17477 17526 D StatsDataStore: 1745406964414 2025-04-23 14:16:04 com.anagog.jedai.core.metrics.stats.datastore.StatsDataStore 89 jedai-main FINE database updated for DeepMsVersion stat, took: 3 ms isSucceed: true
04-23 14:16:04.414 17477 17526 D StatsCache: 1745406964414 2025-04-23 14:16:04 com.anagog.jedai.core.metrics.stats.datastore.StatsCache 89 jedai-main FINE set value to cache: StatsModel{mName='DeepMsVersion', mIndex1='null', mIndex2='null', mTimeRange=OVERALL, mFrom=TomerRDate{mTomerRDate=20250423, mTimestamp=1745406961565}, mTo=TomerRDate{mTomerRDate=20371215, mTimestamp=2144448000000}, mTimestamp=1745406964410, mTimestampLocal=1745417764410, mStringValue='4.49.0-appium-1-dirty', mDecimalValue=null, mIntegerValue=null, mDataType=STRING, mStatus=2}
04-23 14:16:04.414 17477 17526 D StatsCache: 1745406964414 2025-04-23 14:16:04 com.anagog.jedai.core.metrics.stats.datastore.StatsCache 89 jedai-main FINE cache values: [11]
04-23 14:16:04.415 17477 17526 D StatsDataStore: 1745406964415 2025-04-23 14:16:04 com.anagog.jedai.core.metrics.stats.datastore.StatsDataStore 89 jedai-main FINE about to set stats in cache: DeepMsVersionCode, USER_DEFINED_INTEGER, StatsValue{mType=USER_DEFINED_INTEGER, mStringValue='null', mDecimalValue=0.0, mIntegerValue=4049000}, null, null, OVERALL
04-23 14:16:04.416 17477 17526 D StatsDataStore: 1745406964415 2025-04-23 14:16:04 com.anagog.jedai.core.metrics.stats.datastore.StatsDataStore 89 jedai-main FINE about to get stat by query: DeepMsVersionCode.overall
04-23 14:16:04.416 17477 17526 D StatsCache: 1745406964416 2025-04-23 14:16:04 com.anagog.jedai.core.metrics.stats.datastore.StatsCache 89 jedai-main FINE about to get stat by MsQuery: DeepMsVersionCode.overall, stat: null
04-23 14:16:04.416 17477 17526 D StatsDataStore: 1745406964416 2025-04-23 14:16:04 com.anagog.jedai.core.metrics.stats.datastore.StatsDataStore 89 jedai-main FINE stats loaded from database: null
04-23 14:16:04.417 17477 17526 D StatsDataStore: 1745406964417 2025-04-23 14:16:04 com.anagog.jedai.core.metrics.stats.datastore.StatsDataStore 89 jedai-main FINE isStatUpdated oldStat: null, newStat: StatsModel{mName='DeepMsVersionCode', mIndex1='null', mIndex2='null', mTimeRange=OVERALL, mFrom=TomerRDate{mTomerRDate=20250423, mTimestamp=1745406961565}, mTo=TomerRDate{mTomerRDate=20371215, mTimestamp=2144448000000}, mTimestamp=1745406964415, mTimestampLocal=1745417764415, mStringValue='null', mDecimalValue=null, mIntegerValue=4049000, mDataType=INTEGER, mStatus=2}, result: true
04-23 14:16:04.417 17477 17526 D StatsDataStore: 1745406964417 2025-04-23 14:16:04 com.anagog.jedai.core.metrics.stats.datastore.StatsDataStore 89 jedai-main FINE about to store model: StatsModel{mName='DeepMsVersionCode', mIndex1='null', mIndex2='null', mTimeRange=OVERALL, mFrom=TomerRDate{mTomerRDate=20250423, mTimestamp=1745406961565}, mTo=TomerRDate{mTomerRDate=20371215, mTimestamp=2144448000000}, mTimestamp=1745406964415, mTimestampLocal=1745417764415, mStringValue='null', mDecimalValue=null, mIntegerValue=4049000, mDataType=INTEGER, mStatus=2}
04-23 14:16:04.419 17477 17526 W StatsDaoImpl: 1745406964419 2025-04-23 14:16:04 com.anagog.jedai.core.metrics.stats.StatsDaoImpl 89 jedai-main WARNING Failed to replace stats in database name: DeepMsVersionCode, index1: null, index2: null, timeRange: OVERALL
04-23 14:16:04.420 17477 17526 D StatsDataStore: 1745406964420 2025-04-23 14:16:04 com.anagog.jedai.core.metrics.stats.datastore.StatsDataStore 89 jedai-main FINE database updated for DeepMsVersionCode stat, took: 3 ms isSucceed: true
