04-24 17:25:50.412 31955 32121 D StatsCache: 1745504750412 2025-04-24 17:25:50 com.anagog.jedai.core.metrics.stats.datastore.StatsCache 379 jedai-main FINE about to get stat by MsQuery: Last7DaysClicksExternal.overall, stat: null
04-24 17:25:50.412 31955 32267 D TrafficStats: tagSocket(175) with statsTag=0xffffffff, statsUid=-1
04-24 17:25:50.413 31955 32121 D StatsDataStore: 1745504750413 2025-04-24 17:25:50 com.anagog.jedai.core.metrics.stats.datastore.StatsDataStore 379 jedai-main FINE stats loaded from database: null
04-24 17:25:50.413 31955 32121 D StatsDataStore: 1745504750413 2025-04-24 17:25:50 com.anagog.jedai.core.metrics.stats.datastore.StatsDataStore 379 jedai-main FINE isStatUpdated oldStat: null, newStat: StatsModel{mName='Last7DaysClicksExternal', mIndex1='null', mIndex2='null', mTimeRange=OVERALL, mFrom=TomerRDate{mTomerRDate=20250424, mTimestamp=1745504747279}, mTo=TomerRDate{mTomerRDate=20371215, mTimestamp=2144448000000}, mTimestamp=1745504750408, mTimestampLocal=1745515550408, mStringValue='null', mDecimalValue=null, mIntegerValue=0, mDataType=INTEGER, mStatus=2}, result: true
04-24 17:25:50.414 31955 32121 D StatsDataStore: 1745504750414 2025-04-24 17:25:50 com.anagog.jedai.core.metrics.stats.datastore.StatsDataStore 379 jedai-main FINE about to store model: StatsModel{mName='Last7DaysClicksExternal', mIndex1='null', mIndex2='null', mTimeRange=OVERALL, mFrom=TomerRDate{mTomerRDate=20250424, mTimestamp=1745504747279}, mTo=TomerRDate{mTomerRDate=20371215, mTimestamp=2144448000000}, mTimestamp=1745504750408, mTimestampLocal=1745515550408, mStringValue='null', mDecimalValue=null, mIntegerValue=0, mDataType=INTEGER, mStatus=2}
04-24 17:25:50.420 31955 32121 W StatsDaoImpl: 1745504750420 2025-04-24 17:25:50 com.anagog.jedai.core.metrics.stats.StatsDaoImpl 379 jedai-main WARNING Failed to replace stats in database name: Last7DaysClicksExternal, index1: null, index2: null, timeRange: OVERALL
04-24 17:25:50.424 31955 32121 D StatsDataStore: 1745504750424 2025-04-24 17:25:50 com.anagog.jedai.core.metrics.stats.datastore.StatsDataStore 379 jedai-main FINE database updated for Last7DaysClicksExternal stat, took: 7 ms isSucceed: true
04-24 17:25:50.424 31955 32261 I NetworkCall: 1745504750424 2025-04-24 17:25:50 com.anagog.jedai.core.network.NetworkCall 423 pool-18-thread-1 INFO About to execute GetRequest request, url: https://anagog-jedai-jema-repo.s3.amazonaws.com/89c4faa1e5082d9bae60892416354df6/com.anagog.jedai.jedaidemo/9EB2534D-54F3-438F-83D2-FFA33BCAA394.campaign.zip
04-24 17:25:50.425 31955 32261 D TrafficStats: tagSocket(181) with statsTag=0xffffffff, statsUid=-1
04-24 17:25:50.427 31955 32121 D StatsCache: 1745504750426 2025-04-24 17:25:50 com.anagog.jedai.core.metrics.stats.datastore.StatsCache 379 jedai-main FINE set value to cache: StatsModel{mName='Last7DaysClicksExternal', mIndex1='null', mIndex2='null', mTimeRange=OVERALL, mFrom=TomerRDate{mTomerRDate=20250424, mTimestamp=1745504747279}, mTo=TomerRDate{mTomerRDate=20371215, mTimestamp=2144448000000}, mTimestamp=1745504750408, mTimestampLocal=1745515550408, mStringValue='null', mDecimalValue=null, mIntegerValue=0, mDataType=INTEGER, mStatus=2}
04-24 17:25:50.428 31955 32121 D StatsCache: 1745504750428 2025-04-24 17:25:50 com.anagog.jedai.core.metrics.stats.datastore.StatsCache 379 jedai-main FINE cache values: [50]
04-24 17:25:50.429 31955 32321 I NetworkCall: 1745504750428 2025-04-24 17:25:50 com.anagog.jedai.core.network.NetworkCall 436 pool-18-thread-4 INFO About to execute GetRequest request, url: https://anagog-jedai-jema-repo.s3.amazonaws.com/89c4faa1e5082d9bae60892416354df6/com.anagog.jedai.jedaidemo/11115555-45E3-1111-8265-5B02D8D265F3.campaign.zip
04-24 17:25:50.430 31955 32321 D TrafficStats: tagSocket(182) with statsTag=0xffffffff, statsUid=-1
04-24 17:25:50.431 31955 32121 D StatsDataStore: 1745504750431 2025-04-24 17:25:50 com.anagog.jedai.core.metrics.stats.datastore.StatsDataStore 379 jedai-main FINE about to set stats in cache: Last7DaysNotificationsExternal, USER_DEFINED_INTEGER, StatsValue{mType=USER_DEFINED_INTEGER, mStringValue='null', mDecimalValue=0.0, mIntegerValue=0}, null, null, OVERALL
04-24 17:25:50.433 31955 32121 D StatsDataStore: 1745504750433 2025-04-24 17:25:50 com.anagog.jedai.core.metrics.stats.datastore.StatsDataStore 379 jedai-main FINE about to get stat by query: Last7DaysNotificationsExternal.overall
04-24 17:25:50.433 31955 32121 D StatsCache: 1745504750433 2025-04-24 17:25:50 com.anagog.jedai.core.metrics.stats.datastore.StatsCache 379 jedai-main FINE about to get stat by MsQuery: Last7DaysNotificationsExternal.overall, stat: null
04-24 17:25:50.434 31955 32121 D StatsDataStore: 1745504750434 2025-04-24 17:25:50 com.anagog.jedai.core.metrics.stats.datastore.StatsDataStore 379 jedai-main FINE stats loaded from database: null
04-24 17:25:50.434 31955 32121 D StatsDataStore: 1745504750434 2025-04-24 17:25:50 com.anagog.jedai.core.metrics.stats.datastore.StatsDataStore 379 jedai-main FINE isStatUpdated oldStat: null, newStat: StatsModel{mName='Last7DaysNotificationsExternal', mIndex1='null', mIndex2='null', mTimeRange=OVERALL, mFrom=TomerRDate{mTomerRDate=20250424, mTimestamp=1745504747279}, mTo=TomerRDate{mTomerRDate=20371215, mTimestamp=2144448000000}, mTimestamp=1745504750432, mTimestampLocal=1745515550432, mStringValue='null', mDecimalValue=null, mIntegerValue=0, mDataType=INTEGER, mStatus=2}, result: true
04-24 17:25:50.435 31955 32121 D StatsDataStore: 1745504750435 2025-04-24 17:25:50 com.anagog.jedai.core.metrics.stats.datastore.StatsDataStore 379 jedai-main FINE about to store model: StatsModel{mName='Last7DaysNotificationsExternal', mIndex1='null', mIndex2='null', mTimeRange=OVERALL, mFrom=TomerRDate{mTomerRDate=20250424, mTimestamp=1745504747279}, mTo=TomerRDate{mTomerRDate=20371215, mTimestamp=2144448000000}, mTimestamp=1745504750432, mTimestampLocal=1745515550432, mStringValue='null', mDecimalValue=null, mIntegerValue=0, mDataType=INTEGER, mStatus=2}
04-24 17:25:50.440 31955 32121 W StatsDaoImpl: 1745504750439 2025-04-24 17:25:50 com.anagog.jedai.core.metrics.stats.StatsDaoImpl 379 jedai-main WARNING Failed to replace stats in database name: Last7DaysNotificationsExternal, index1: null, index2: null, timeRange: OVERALL
04-24 17:25:50.440 31955 32121 D StatsDataStore: 1745504750440 2025-04-24 17:25:50 com.anagog.jedai.core.metrics.stats.datastore.StatsDataStore 379 jedai-main FINE database updated for Last7DaysNotificationsExternal stat, took: 5 ms isSucceed: true
04-24 17:25:50.441 31955 32121 D StatsCache: 1745504750441 2025-04-24 17:25:50 com.anagog.jedai.core.metrics.stats.datastore.StatsCache 379 jedai-main FINE set value to cache: StatsModel{mName='Last7DaysNotificationsExternal', mIndex1='null', mIndex2='null', mTimeRange=OVERALL, mFrom=TomerRDate{mTomerRDate=20250424, mTimestamp=1745504747279}, mTo=TomerRDate{mTomerRDate=20371215, mTimestamp=2144448000000}, mTimestamp=1745504750432, mTimestampLocal=1745515550432, mStringValue='null', mDecimalValue=null, mIntegerValue=0, mDataType=INTEGER, mStatus=2}
04-24 17:25:50.441 31955 32121 D StatsCache: 1745504750441 2025-04-24 17:25:50 com.anagog.jedai.core.metrics.stats.datastore.StatsCache 379 jedai-main FINE cache values: [51]
04-24 17:25:50.443 31955 32317 I WM-WorkerWrapper: Worker result SUCCESS for Work [ id=83982131-7384-4703-b9cd-a8b9dd381f3f, tags={ com.anagog.jedai.extension.Workers$pulseWorker1 } ]
04-24 17:25:50.449 31955 32332 I DeepMsDbHelper: 1745504750449 2025-04-24 17:25:50 com.anagog.jedai.extension.DeepMsDbHelper 443 androidx.work-2 INFO maintaining size
04-24 17:25:50.454 31955 32121 D StatsDataStore: 1745504750454 2025-04-24 17:25:50 com.anagog.jedai.core.metrics.stats.datastore.StatsDataStore 379 jedai-main FINE about to set stats in cache: CarModelName, USER_DEFINED_STRING, StatsValue{mType=USER_DEFINED_STRING, mStringValue='', mDecimalValue=0.0, mIntegerValue=0}, null, null, OVERALL
04-24 17:25:50.455 31955 32121 D StatsDataStore: 1745504750455 2025-04-24 17:25:50 com.anagog.jedai.core.metrics.stats.datastore.StatsDataStore 379 jedai-main FINE about to get stat by query: CarModelName.overall
04-24 17:25:50.455 31955 32332 I DeepMsDbHelper: 1745504750455 2025-04-24 17:25:50 com.anagog.jedai.extension.DeepMsDbHelper 443 androidx.work-2 INFO rawQuery finished: WITH Drives AS (
04-24 17:25:50.455 31955 32332 I DeepMsDbHelper:                 SELECT 
04-24 17:25:50.456 31955 32121 D StatsCache: 1745504750456 2025-04-24 17:25:50 com.anagog.jedai.core.metrics.stats.datastore.StatsCache 379 jedai-main FINE about to get stat by MsQuery: CarModelName.overall, stat: null
04-24 17:25:50.457 31955 32121 D StatsDataStore: 1745504750457 2025-04-24 17:25:50 com.anagog.jedai.core.metrics.stats.datastore.StatsDataStore 379 jedai-main FINE stats loaded from database: null
04-24 17:25:50.458 31955 32121 D StatsDataStore: 1745504750458 2025-04-24 17:25:50 com.anagog.jedai.core.metrics.stats.datastore.StatsDataStore 379 jedai-main FINE isStatUpdated oldStat: null, newStat: StatsModel{mName='CarModelName', mIndex1='null', mIndex2='null', mTimeRange=OVERALL, mFrom=TomerRDate{mTomerRDate=20250424, mTimestamp=1745504747279}, mTo=TomerRDate{mTomerRDate=20371215, mTimestamp=2144448000000}, mTimestamp=1745504750454, mTimestampLocal=1745515550454, mStringValue='', mDecimalValue=null, mIntegerValue=null, mDataType=STRING, mStatus=2}, result: true
04-24 17:25:50.458 31955 32121 D StatsDataStore: 1745504750458 2025-04-24 17:25:50 com.anagog.jedai.core.metrics.stats.datastore.StatsDataStore 379 jedai-main FINE about to store model: StatsModel{mName='CarModelName', mIndex1='null', mIndex2='null', mTimeRange=OVERALL, mFrom=TomerRDate{mTomerRDate=20250424, mTimestamp=1745504747279}, mTo=TomerRDate{mTomerRDate=20371215, mTimestamp=2144448000000}, mTimestamp=1745504750454, mTimestampLocal=1745515550454, mStringValue='', mDecimalValue=null, mIntegerValue=null, mDataType=STRING, mStatus=2}
04-24 17:25:50.462 31955 32121 W StatsDaoImpl: 1745504750462 2025-04-24 17:25:50 com.anagog.jedai.core.metrics.stats.StatsDaoImpl 379 jedai-main WARNING Failed to replace stats in database name: CarModelName, index1: null, index2: null, timeRange: OVERALL
04-24 17:25:50.463 31955 32121 D StatsDataStore: 1745504750462 2025-04-24 17:25:50 com.anagog.jedai.core.metrics.stats.datastore.StatsDataStore 379 jedai-main FINE database updated for CarModelName stat, took: 4 ms isSucceed: true
04-24 17:25:50.464 31955 32121 D StatsCache: 1745504750463 2025-04-24 17:25:50 com.anagog.jedai.core.metrics.stats.datastore.StatsCache 379 jedai-main FINE set value to cache: StatsModel{mName='CarModelName', mIndex1='null', mIndex2='null', mTimeRange=OVERALL, mFrom=TomerRDate{mTomerRDate=20250424, mTimestamp=1745504747279}, mTo=TomerRDate{mTomerRDate=20371215, mTimestamp=2144448000000}, mTimestamp=1745504750454, mTimestampLocal=1745515550454, mStringValue='', mDecimalValue=null, mIntegerValue=null, mDataType=STRING, mStatus=2}
04-24 17:25:50.464 31955 32121 D StatsCache: 1745504750464 2025-04-24 17:25:50 com.anagog.jedai.core.metrics.stats.datastore.StatsCache 379 jedai-main FINE cache values: [52]
04-24 17:25:50.465 31955 32121 D StatsDataStore: 1745504750465 2025-04-24 17:25:50 com.anagog.jedai.core.metrics.stats.datastore.StatsDataStore 379 jedai-main FINE about to set stats in cache: CarBrandName, USER_DEFINED_STRING, StatsValue{mType=USER_DEFINED_STRING, mStringValue='', mDecimalValue=0.0, mIntegerValue=0}, null, null, OVERALL
04-24 17:25:50.465 31955 32121 D StatsDataStore: 1745504750465 2025-04-24 17:25:50 com.anagog.jedai.core.metrics.stats.datastore.StatsDataStore 379 jedai-main FINE about to get stat by query: CarBrandName.overall
04-24 17:25:50.465 31955 32121 D StatsCache: 1745504750465 2025-04-24 17:25:50 com.anagog.jedai.core.metrics.stats.datastore.StatsCache 379 jedai-main FINE about to get stat by MsQuery: CarBrandName.overall, stat: null
04-24 17:25:50.465 31955 32121 D StatsDataStore: 1745504750465 2025-04-24 17:25:50 com.anagog.jedai.core.metrics.stats.datastore.StatsDataStore 379 jedai-main FINE stats loaded from database: null
04-24 17:25:50.465 31955 32121 D StatsDataStore: 1745504750465 2025-04-24 17:25:50 com.anagog.jedai.core.metrics.stats.datastore.StatsDataStore 379 jedai-main FINE isStatUpdated oldStat: null, newStat: StatsModel{mName='CarBrandName', mIndex1='null', mIndex2='null', mTimeRange=OVERALL, mFrom=TomerRDate{mTomerRDate=20250424, mTimestamp=1745504747279}, mTo=TomerRDate{mTomerRDate=20371215, mTimestamp=2144448000000}, mTimestamp=1745504750465, mTimestampLocal=1745515550465, mStringValue='', mDecimalValue=null, mIntegerValue=null, mDataType=STRING, mStatus=2}, result: true
04-24 17:25:50.466 31955 32121 D StatsDataStore: 1745504750466 2025-04-24 17:25:50 com.anagog.jedai.core.metrics.stats.datastore.StatsDataStore 379 jedai-main FINE about to store model: StatsModel{mName='CarBrandName', mIndex1='null', mIndex2='null', mTimeRange=OVERALL, mFrom=TomerRDate{mTomerRDate=20250424, mTimestamp=1745504747279}, mTo=TomerRDate{mTomerRDate=20371215, mTimestamp=2144448000000}, mTimestamp=1745504750465, mTimestampLocal=1745515550465, mStringValue='', mDecimalValue=null, mIntegerValue=null, mDataType=STRING, mStatus=2}
04-24 17:25:50.469 31955 32121 W StatsDaoImpl: 1745504750469 2025-04-24 17:25:50 com.anagog.jedai.core.metrics.stats.StatsDaoImpl 379 jedai-main WARNING Failed to replace stats in database name: CarBrandName, index1: null, index2: null, timeRange: OVERALL
04-24 17:25:50.470 31955 32121 D StatsDataStore: 1745504750470 2025-04-24 17:25:50 com.anagog.jedai.core.metrics.stats.datastore.StatsDataStore 379 jedai-main FINE database updated for CarBrandName stat, took: 4 ms isSucceed: true
04-24 17:25:50.470 31955 32121 D StatsCache: 1745504750470 2025-04-24 17:25:50 com.anagog.jedai.core.metrics.stats.datastore.StatsCache 379 jedai-main FINE set value to cache: StatsModel{mName='CarBrandName', mIndex1='null', mIndex2='null', mTimeRange=OVERALL, mFrom=TomerRDate{mTomerRDate=20250424, mTimestamp=1745504747279}, mTo=TomerRDate{mTomerRDate=20371215, mTimestamp=2144448000000}, mTimestamp=1745504750465, mTimestampLocal=1745515550465, mStringValue='', mDecimalValue=null, mIntegerValue=null, mDataType=STRING, mStatus=2}
04-24 17:25:50.470 31955 32121 D StatsCache: 1745504750470 2025-04-24 17:25:50 com.anagog.jedai.core.metrics.stats.datastore.StatsCache 379 jedai-main FINE cache values: [53]
04-24 17:25:50.472 31955 32121 D StatsDataStore: 1745504750472 2025-04-24 17:25:50 com.anagog.jedai.core.metrics.stats.datastore.StatsDataStore 379 jedai-main FINE about to set stats in cache: CarBrandNameRaw, USER_DEFINED_STRING, StatsValue{mType=USER_DEFINED_STRING, mStringValue='', mDecimalValue=0.0, mIntegerValue=0}, null, null, OVERALL
04-24 17:25:50.472 31955 32121 D StatsDataStore: 1745504750472 2025-04-24 17:25:50 com.anagog.jedai.core.metrics.stats.datastore.StatsDataStore 379 jedai-main FINE about to get stat by query: CarBrandNameRaw.overall
04-24 17:25:50.472 31955 32121 D StatsCache: 1745504750472 2025-04-24 17:25:50 com.anagog.jedai.core.metrics.stats.datastore.StatsCache 379 jedai-main FINE about to get stat by MsQuery: CarBrandNameRaw.overall, stat: null
04-24 17:25:50.473 31955 32121 D StatsDataStore: 1745504750473 2025-04-24 17:25:50 com.anagog.jedai.core.metrics.stats.datastore.StatsDataStore 379 jedai-main FINE stats loaded from database: null
04-24 17:25:50.473 31955 32121 D StatsDataStore: 1745504750473 2025-04-24 17:25:50 com.anagog.jedai.core.metrics.stats.datastore.StatsDataStore 379 jedai-main FINE isStatUpdated oldStat: null, newStat: StatsModel{mName='CarBrandNameRaw', mIndex1='null', mIndex2='null', mTimeRange=OVERALL, mFrom=TomerRDate{mTomerRDate=20250424, mTimestamp=1745504747279}, mTo=TomerRDate{mTomerRDate=20371215, mTimestamp=2144448000000}, mTimestamp=1745504750472, mTimestampLocal=1745515550472, mStringValue='', mDecimalValue=null, mIntegerValue=null, mDataType=STRING, mStatus=2}, result: true
04-24 17:25:50.473 31955 32121 D StatsDataStore: 1745504750473 2025-04-24 17:25:50 com.anagog.jedai.core.metrics.stats.datastore.StatsDataStore 379 jedai-main FINE about to store model: StatsModel{mName='CarBrandNameRaw', mIndex1='null', mIndex2='null', mTimeRange=OVERALL, mFrom=TomerRDate{mTomerRDate=20250424, mTimestamp=1745504747279}, mTo=TomerRDate{mTomerRDate=20371215, mTimestamp=2144448000000}, mTimestamp=1745504750472, mTimestampLocal=1745515550472, mStringValue='', mDecimalValue=null, mIntegerValue=null, mDataType=STRING, mStatus=2}
04-24 17:25:50.476 31955 32121 W StatsDaoImpl: 1745504750476 2025-04-24 17:25:50 com.anagog.jedai.core.metrics.stats.StatsDaoImpl 379 jedai-main WARNING Failed to replace stats in database name: CarBrandNameRaw, index1: null, index2: null, timeRange: OVERALL
04-24 17:25:50.476 31955 32121 D StatsDataStore: 1745504750476 2025-04-24 17:25:50 com.anagog.jedai.core.metrics.stats.datastore.StatsDataStore 379 jedai-main FINE database updated for CarBrandNameRaw stat, took: 3 ms isSucceed: true
04-24 17:25:50.476 31955 32121 D StatsCache: 1745504750476 2025-04-24 17:25:50 com.anagog.jedai.core.metrics.stats.datastore.StatsCache 379 jedai-main FINE set value to cache: StatsModel{mName='CarBrandNameRaw', mIndex1='null', mIndex2='null', mTimeRange=OVERALL, mFrom=TomerRDate{mTomerRDate=20250424, mTimestamp=1745504747279}, mTo=TomerRDate{mTomerRDate=20371215, mTimestamp=2144448000000}, mTimestamp=1745504750472, mTimestampLocal=1745515550472, mStringValue='', mDecimalValue=null, mIntegerValue=null, mDataType=STRING, mStatus=2}
04-24 17:25:50.476 31955 32121 D StatsCache: 1745504750476 2025-04-24 17:25:50 com.anagog.jedai.core.metrics.stats.datastore.StatsCache 379 jedai-main FINE cache values: [54]
04-24 17:25:50.477 31955 32121 D StatsDataStore: 1745504750477 2025-04-24 17:25:50 com.anagog.jedai.core.metrics.stats.datastore.StatsDataStore 379 jedai-main FINE about to set stats in cache: CarMacAddress, USER_DEFINED_STRING, StatsValue{mType=USER_DEFINED_STRING, mStringValue='', mDecimalValue=0.0, mIntegerValue=0}, null, null, OVERALL
04-24 17:25:50.477 31955 32121 D StatsDataStore: 1745504750477 2025-04-24 17:25:50 com.anagog.jedai.core.metrics.stats.datastore.StatsDataStore 379 jedai-main FINE about to get stat by query: CarMacAddress.overall
04-24 17:25:50.477 31955 32121 D StatsCache: 1745504750477 2025-04-24 17:25:50 com.anagog.jedai.core.metrics.stats.datastore.StatsCache 379 jedai-main FINE about to get stat by MsQuery: CarMacAddress.overall, stat: null
04-24 17:25:50.478 31955 32121 D StatsDataStore: 1745504750478 2025-04-24 17:25:50 com.anagog.jedai.core.metrics.stats.datastore.StatsDataStore 379 jedai-main FINE stats loaded from database: null
04-24 17:25:50.478 31955 32121 D StatsDataStore: 1745504750478 2025-04-24 17:25:50 com.anagog.jedai.core.metrics.stats.datastore.StatsDataStore 379 jedai-main FINE isStatUpdated oldStat: null, newStat: StatsModel{mName='CarMacAddress', mIndex1='null', mIndex2='null', mTimeRange=OVERALL, mFrom=TomerRDate{mTomerRDate=20250424, mTimestamp=1745504747279}, mTo=TomerRDate{mTomerRDate=20371215, mTimestamp=2144448000000}, mTimestamp=1745504750477, mTimestampLocal=1745515550477, mStringValue='', mDecimalValue=null, mIntegerValue=null, mDataType=STRING, mStatus=2}, result: true
04-24 17:25:50.478 31955 32121 D StatsDataStore: 1745504750478 2025-04-24 17:25:50 com.anagog.jedai.core.metrics.stats.datastore.StatsDataStore 379 jedai-main FINE about to store model: StatsModel{mName='CarMacAddress', mIndex1='null', mIndex2='null', mTimeRange=OVERALL, mFrom=TomerRDate{mTomerRDate=20250424, mTimestamp=1745504747279}, mTo=TomerRDate{mTomerRDate=20371215, mTimestamp=2144448000000}, mTimestamp=1745504750477, mTimestampLocal=1745515550477, mStringValue='', mDecimalValue=null, mIntegerValue=null, mDataType=STRING, mStatus=2}
04-24 17:25:50.481 31955 32121 W StatsDaoImpl: 1745504750481 2025-04-24 17:25:50 com.anagog.jedai.core.metrics.stats.StatsDaoImpl 379 jedai-main WARNING Failed to replace stats in database name: CarMacAddress, index1: null, index2: null, timeRange: OVERALL
04-24 17:25:50.481 31955 32121 D StatsDataStore: 1745504750481 2025-04-24 17:25:50 com.anagog.jedai.core.metrics.stats.datastore.StatsDataStore 379 jedai-main FINE database updated for CarMacAddress stat, took: 3 ms isSucceed: true
04-24 17:25:50.481 31955 32121 D StatsCache: 1745504750481 2025-04-24 17:25:50 com.anagog.jedai.core.metrics.stats.datastore.StatsCache 379 jedai-main FINE set value to cache: StatsModel{mName='CarMacAddress', mIndex1='null', mIndex2='null', mTimeRange=OVERALL, mFrom=TomerRDate{mTomerRDate=20250424, mTimestamp=1745504747279}, mTo=TomerRDate{mTomerRDate=20371215, mTimestamp=2144448000000}, mTimestamp=1745504750477, mTimestampLocal=1745515550477, mStringValue='', mDecimalValue=null, mIntegerValue=null, mDataType=STRING, mStatus=2}
04-24 17:25:50.481 31955 32121 D StatsCache: 1745504750481 2025-04-24 17:25:50 com.anagog.jedai.core.metrics.stats.datastore.StatsCache 379 jedai-main FINE cache values: [55]
04-24 17:25:50.482 31955 32121 D StatsDataStore: 1745504750482 2025-04-24 17:25:50 com.anagog.jedai.core.metrics.stats.datastore.StatsDataStore 379 jedai-main FINE about to set stats in cache: SecondaryCarModelName, USER_DEFINED_STRING, StatsValue{mType=USER_DEFINED_STRING, mStringValue='', mDecimalValue=0.0, mIntegerValue=0}, null, null, OVERALL
04-24 17:25:50.482 31955 32121 D StatsDataStore: 1745504750482 2025-04-24 17:25:50 com.anagog.jedai.core.metrics.stats.datastore.StatsDataStore 379 jedai-main FINE about to get stat by query: SecondaryCarModelName.overall
04-24 17:25:50.483 31955 32121 D StatsCache: 1745504750483 2025-04-24 17:25:50 com.anagog.jedai.core.metrics.stats.datastore.StatsCache 379 jedai-main FINE about to get stat by MsQuery: SecondaryCarModelName.overall, stat: null
04-24 17:25:50.483 31955 32121 D StatsDataStore: 1745504750483 2025-04-24 17:25:50 com.anagog.jedai.core.metrics.stats.datastore.StatsDataStore 379 jedai-main FINE stats loaded from database: null
04-24 17:25:50.483 31955 32121 D StatsDataStore: 1745504750483 2025-04-24 17:25:50 com.anagog.jedai.core.metrics.stats.datastore.StatsDataStore 379 jedai-main FINE isStatUpdated oldStat: null, newStat: StatsModel{mName='SecondaryCarModelName', mIndex1='null', mIndex2='null', mTimeRange=OVERALL, mFrom=TomerRDate{mTomerRDate=20250424, mTimestamp=1745504747279}, mTo=TomerRDate{mTomerRDate=20371215, mTimestamp=2144448000000}, mTimestamp=1745504750482, mTimestampLocal=1745515550482, mStringValue='', mDecimalValue=null, mIntegerValue=null, mDataType=STRING, mStatus=2}, result: true
04-24 17:25:50.483 31955 32121 D StatsDataStore: 1745504750483 2025-04-24 17:25:50 com.anagog.jedai.core.metrics.stats.datastore.StatsDataStore 379 jedai-main FINE about to store model: StatsModel{mName='SecondaryCarModelName', mIndex1='null', mIndex2='null', mTimeRange=OVERALL, mFrom=TomerRDate{mTomerRDate=20250424, mTimestamp=1745504747279}, mTo=TomerRDate{mTomerRDate=20371215, mTimestamp=2144448000000}, mTimestamp=1745504750482, mTimestampLocal=1745515550482, mStringValue='', mDecimalValue=null, mIntegerValue=null, mDataType=STRING, mStatus=2}
04-24 17:25:50.485 31955 32121 W StatsDaoImpl: 1745504750485 2025-04-24 17:25:50 com.anagog.jedai.core.metrics.stats.StatsDaoImpl 379 jedai-main WARNING Failed to replace stats in database name: SecondaryCarModelName, index1: null, index2: null, timeRange: OVERALL
04-24 17:25:50.486 31955 32121 D StatsDataStore: 1745504750485 2025-04-24 17:25:50 com.anagog.jedai.core.metrics.stats.datastore.StatsDataStore 379 jedai-main FINE database updated for SecondaryCarModelName stat, took: 2 ms isSucceed: true
04-24 17:25:50.486 31955 32121 D StatsCache: 1745504750486 2025-04-24 17:25:50 com.anagog.jedai.core.metrics.stats.datastore.StatsCache 379 jedai-main FINE set value to cache: StatsModel{mName='SecondaryCarModelName', mIndex1='null', mIndex2='null', mTimeRange=OVERALL, mFrom=TomerRDate{mTomerRDate=20250424, mTimestamp=1745504747279}, mTo=TomerRDate{mTomerRDate=20371215, mTimestamp=2144448000000}, mTimestamp=1745504750482, mTimestampLocal=1745515550482, mStringValue='', mDecimalValue=null, mIntegerValue=null, mDataType=STRING, mStatus=2}
04-24 17:25:50.486 31955 32121 D StatsCache: 1745504750486 2025-04-24 17:25:50 com.anagog.jedai.core.metrics.stats.datastore.StatsCache 379 jedai-main FINE cache values: [56]
04-24 17:25:50.487 31955 32121 D StatsDataStore: 1745504750487 2025-04-24 17:25:50 com.anagog.jedai.core.metrics.stats.datastore.StatsDataStore 379 jedai-main FINE about to set stats in cache: SecondaryCarBrandName, USER_DEFINED_STRING, StatsValue{mType=USER_DEFINED_STRING, mStringValue='', mDecimalValue=0.0, mIntegerValue=0}, null, null, OVERALL
04-24 17:25:50.487 31955 32121 D StatsDataStore: 1745504750487 2025-04-24 17:25:50 com.anagog.jedai.core.metrics.stats.datastore.StatsDataStore 379 jedai-main FINE about to get stat by query: SecondaryCarBrandName.overall
04-24 17:25:50.487 31955 32121 D StatsCache: 1745504750487 2025-04-24 17:25:50 com.anagog.jedai.core.metrics.stats.datastore.StatsCache 379 jedai-main FINE about to get stat by MsQuery: SecondaryCarBrandName.overall, stat: null
04-24 17:25:50.487 31955 32121 D StatsDataStore: 1745504750487 2025-04-24 17:25:50 com.anagog.jedai.core.metrics.stats.datastore.StatsDataStore 379 jedai-main FINE stats loaded from database: null
04-24 17:25:50.488 31955 32121 D StatsDataStore: 1745504750487 2025-04-24 17:25:50 com.anagog.jedai.core.metrics.stats.datastore.StatsDataStore 379 jedai-main FINE isStatUpdated oldStat: null, newStat: StatsModel{mName='SecondaryCarBrandName', mIndex1='null', mIndex2='null', mTimeRange=OVERALL, mFrom=TomerRDate{mTomerRDate=20250424, mTimestamp=1745504747279}, mTo=TomerRDate{mTomerRDate=20371215, mTimestamp=2144448000000}, mTimestamp=1745504750487, mTimestampLocal=1745515550487, mStringValue='', mDecimalValue=null, mIntegerValue=null, mDataType=STRING, mStatus=2}, result: true
04-24 17:25:50.488 31955 32121 D StatsDataStore: 1745504750488 2025-04-24 17:25:50 com.anagog.jedai.core.metrics.stats.datastore.StatsDataStore 379 jedai-main FINE about to store model: StatsModel{mName='SecondaryCarBrandName', mIndex1='null', mIndex2='null', mTimeRange=OVERALL, mFrom=TomerRDate{mTomerRDate=20250424, mTimestamp=1745504747279}, mTo=TomerRDate{mTomerRDate=20371215, mTimestamp=2144448000000}, mTimestamp=1745504750487, mTimestampLocal=1745515550487, mStringValue='', mDecimalValue=null, mIntegerValue=null, mDataType=STRING, mStatus=2}
04-24 17:25:50.499 31955 32121 W StatsDaoImpl: 1745504750499 2025-04-24 17:25:50 com.anagog.jedai.core.metrics.stats.StatsDaoImpl 379 jedai-main WARNING Failed to replace stats in database name: SecondaryCarBrandName, index1: null, index2: null, timeRange: OVERALL
04-24 17:25:50.500 31955 32121 D StatsDataStore: 1745504750500 2025-04-24 17:25:50 com.anagog.jedai.core.metrics.stats.datastore.StatsDataStore 379 jedai-main FINE database updated for SecondaryCarBrandName stat, took: 12 ms isSucceed: true
04-24 17:25:50.501 31955 32121 D StatsCache: 1745504750501 2025-04-24 17:25:50 com.anagog.jedai.core.metrics.stats.datastore.StatsCache 379 jedai-main FINE set value to cache: StatsModel{mName='SecondaryCarBrandName', mIndex1='null', mIndex2='null', mTimeRange=OVERALL, mFrom=TomerRDate{mTomerRDate=20250424, mTimestamp=1745504747279}, mTo=TomerRDate{mTomerRDate=20371215, mTimestamp=2144448000000}, mTimestamp=1745504750487, mTimestampLocal=1745515550487, mStringValue='', mDecimalValue=null, mIntegerValue=null, mDataType=STRING, mStatus=2}
04-24 17:25:50.501 31955 32121 D StatsCache: 1745504750501 2025-04-24 17:25:50 com.anagog.jedai.core.metrics.stats.datastore.StatsCache 379 jedai-main FINE cache values: [57]
04-24 17:25:50.507 31955 32121 D StatsDataStore: 1745504750507 2025-04-24 17:25:50 com.anagog.jedai.core.metrics.stats.datastore.StatsDataStore 379 jedai-main FINE about to set stats in cache: SecondaryCarBrandNameRaw, USER_DEFINED_STRING, StatsValue{mType=USER_DEFINED_STRING, mStringValue='', mDecimalValue=0.0, mIntegerValue=0}, null, null, OVERALL
04-24 17:25:50.509 31955 32121 D StatsDataStore: 1745504750509 2025-04-24 17:25:50 com.anagog.jedai.core.metrics.stats.datastore.StatsDataStore 379 jedai-main FINE about to get stat by query: SecondaryCarBrandNameRaw.overall
04-24 17:25:50.509 31955 32121 D StatsCache: 1745504750509 2025-04-24 17:25:50 com.anagog.jedai.core.metrics.stats.datastore.StatsCache 379 jedai-main FINE about to get stat by MsQuery: SecondaryCarBrandNameRaw.overall, stat: null
04-24 17:25:50.510 31955 32121 D StatsDataStore: 1745504750510 2025-04-24 17:25:50 com.anagog.jedai.core.metrics.stats.datastore.StatsDataStore 379 jedai-main FINE stats loaded from database: null
04-24 17:25:50.510 31955 32121 D StatsDataStore: 1745504750510 2025-04-24 17:25:50 com.anagog.jedai.core.metrics.stats.datastore.StatsDataStore 379 jedai-main FINE isStatUpdated oldStat: null, newStat: StatsModel{mName='SecondaryCarBrandNameRaw', mIndex1='null', mIndex2='null', mTimeRange=OVERALL, mFrom=TomerRDate{mTomerRDate=20250424, mTimestamp=1745504747279}, mTo=TomerRDate{mTomerRDate=20371215, mTimestamp=2144448000000}, mTimestamp=1745504750509, mTimestampLocal=1745515550509, mStringValue='', mDecimalValue=null, mIntegerValue=null, mDataType=STRING, mStatus=2}, result: true
04-24 17:25:50.510 31955 32121 D StatsDataStore: 1745504750510 2025-04-24 17:25:50 com.anagog.jedai.core.metrics.stats.datastore.StatsDataStore 379 jedai-main FINE about to store model: StatsModel{mName='SecondaryCarBrandNameRaw', mIndex1='null', mIndex2='null', mTimeRange=OVERALL, mFrom=TomerRDate{mTomerRDate=20250424, mTimestamp=1745504747279}, mTo=TomerRDate{mTomerRDate=20371215, mTimestamp=2144448000000}, mTimestamp=1745504750509, mTimestampLocal=1745515550509, mStringValue='', mDecimalValue=null, mIntegerValue=null, mDataType=STRING, mStatus=2}
04-24 17:25:50.515 31955 32121 W StatsDaoImpl: 1745504750515 2025-04-24 17:25:50 com.anagog.jedai.core.metrics.stats.StatsDaoImpl 379 jedai-main WARNING Failed to replace stats in database name: SecondaryCarBrandNameRaw, index1: null, index2: null, timeRange: OVERALL
04-24 17:25:50.515 31955 32121 D StatsDataStore: 1745504750515 2025-04-24 17:25:50 com.anagog.jedai.core.metrics.stats.datastore.StatsDataStore 379 jedai-main FINE database updated for SecondaryCarBrandNameRaw stat, took: 5 ms isSucceed: true
04-24 17:25:50.516 31955 32121 D StatsCache: 1745504750516 2025-04-24 17:25:50 com.anagog.jedai.core.metrics.stats.datastore.StatsCache 379 jedai-main FINE set value to cache: StatsModel{mName='SecondaryCarBrandNameRaw', mIndex1='null', mIndex2='null', mTimeRange=OVERALL, mFrom=TomerRDate{mTomerRDate=20250424, mTimestamp=1745504747279}, mTo=TomerRDate{mTomerRDate=20371215, mTimestamp=2144448000000}, mTimestamp=1745504750509, mTimestampLocal=1745515550509, mStringValue='', mDecimalValue=null, mIntegerValue=null, mDataType=STRING, mStatus=2}
04-24 17:25:50.516 31955 32121 D StatsCache: 1745504750516 2025-04-24 17:25:50 com.anagog.jedai.core.metrics.stats.datastore.StatsCache 379 jedai-main FINE cache values: [58]
04-24 17:25:50.517 31955 32121 D StatsDataStore: 1745504750516 2025-04-24 17:25:50 com.anagog.jedai.core.metrics.stats.datastore.StatsDataStore 379 jedai-main FINE about to set stats in cache: SecondaryCarMacAddress, USER_DEFINED_STRING, StatsValue{mType=USER_DEFINED_STRING, mStringValue='', mDecimalValue=0.0, mIntegerValue=0}, null, null, OVERALL
04-24 17:25:50.517 31955 32121 D StatsDataStore: 1745504750517 2025-04-24 17:25:50 com.anagog.jedai.core.metrics.stats.datastore.StatsDataStore 379 jedai-main FINE about to get stat by query: SecondaryCarMacAddress.overall
04-24 17:25:50.517 31955 32121 D StatsCache: 1745504750517 2025-04-24 17:25:50 com.anagog.jedai.core.metrics.stats.datastore.StatsCache 379 jedai-main FINE about to get stat by MsQuery: SecondaryCarMacAddress.overall, stat: null
04-24 17:25:50.517 31955 32121 D StatsDataStore: 1745504750517 2025-04-24 17:25:50 com.anagog.jedai.core.metrics.stats.datastore.StatsDataStore 379 jedai-main FINE stats loaded from database: null
04-24 17:25:50.518 31955 32121 D StatsDataStore: 1745504750518 2025-04-24 17:25:50 com.anagog.jedai.core.metrics.stats.datastore.StatsDataStore 379 jedai-main FINE isStatUpdated oldStat: null, newStat: StatsModel{mName='SecondaryCarMacAddress', mIndex1='null', mIndex2='null', mTimeRange=OVERALL, mFrom=TomerRDate{mTomerRDate=20250424, mTimestamp=1745504747279}, mTo=TomerRDate{mTomerRDate=20371215, mTimestamp=2144448000000}, mTimestamp=1745504750517, mTimestampLocal=1745515550517, mStringValue='', mDecimalValue=null, mIntegerValue=null, mDataType=STRING, mStatus=2}, result: true
04-24 17:25:50.519 31955 32121 D StatsDataStore: 1745504750518 2025-04-24 17:25:50 com.anagog.jedai.core.metrics.stats.datastore.StatsDataStore 379 jedai-main FINE about to store model: StatsModel{mName='SecondaryCarMacAddress', mIndex1='null', mIndex2='null', mTimeRange=OVERALL, mFrom=TomerRDate{mTomerRDate=20250424, mTimestamp=1745504747279}, mTo=TomerRDate{mTomerRDate=20371215, mTimestamp=2144448000000}, mTimestamp=1745504750517, mTimestampLocal=1745515550517, mStringValue='', mDecimalValue=null, mIntegerValue=null, mDataType=STRING, mStatus=2}
04-24 17:25:50.522 31955 32121 W StatsDaoImpl: 1745504750521 2025-04-24 17:25:50 com.anagog.jedai.core.metrics.stats.StatsDaoImpl 379 jedai-main WARNING Failed to replace stats in database name: SecondaryCarMacAddress, index1: null, index2: null, timeRange: OVERALL
04-24 17:25:50.522 31955 32121 D StatsDataStore: 1745504750522 2025-04-24 17:25:50 com.anagog.jedai.core.metrics.stats.datastore.StatsDataStore 379 jedai-main FINE database updated for SecondaryCarMacAddress stat, took: 4 ms isSucceed: true
04-24 17:25:50.523 31955 32121 D StatsCache: 1745504750522 2025-04-24 17:25:50 com.anagog.jedai.core.metrics.stats.datastore.StatsCache 379 jedai-main FINE set value to cache: StatsModel{mName='SecondaryCarMacAddress', mIndex1='null', mIndex2='null', mTimeRange=OVERALL, mFrom=TomerRDate{mTomerRDate=20250424, mTimestamp=1745504747279}, mTo=TomerRDate{mTomerRDate=20371215, mTimestamp=2144448000000}, mTimestamp=1745504750517, mTimestampLocal=1745515550517, mStringValue='', mDecimalValue=null, mIntegerValue=null, mDataType=STRING, mStatus=2}
04-24 17:25:50.523 31955 32121 D StatsCache: 1745504750523 2025-04-24 17:25:50 com.anagog.jedai.core.metrics.stats.datastore.StatsCache 379 jedai-main FINE cache values: [59]
04-24 17:25:50.531 31955 32121 D StatsDataStore: 1745504750530 2025-04-24 17:25:50 com.anagog.jedai.core.metrics.stats.datastore.StatsDataStore 379 jedai-main FINE about to set stats in cache: PhoneModelRaw, USER_DEFINED_STRING, StatsValue{mType=USER_DEFINED_STRING, mStringValue='sdk_gphone64_arm64', mDecimalValue=0.0, mIntegerValue=0}, null, null, OVERALL
04-24 17:25:50.533 31955 32121 D StatsDataStore: 1745504750533 2025-04-24 17:25:50 com.anagog.jedai.core.metrics.stats.datastore.StatsDataStore 379 jedai-main FINE about to get stat by query: PhoneModelRaw.overall
04-24 17:25:50.533 31955 32121 D StatsCache: 1745504750533 2025-04-24 17:25:50 com.anagog.jedai.core.metrics.stats.datastore.StatsCache 379 jedai-main FINE about to get stat by MsQuery: PhoneModelRaw.overall, stat: null
04-24 17:25:50.534 31955 32121 D StatsDataStore: 1745504750534 2025-04-24 17:25:50 com.anagog.jedai.core.metrics.stats.datastore.StatsDataStore 379 jedai-main FINE stats loaded from database: null
04-24 17:25:50.535 31955 32121 D StatsDataStore: 1745504750534 2025-04-24 17:25:50 com.anagog.jedai.core.metrics.stats.datastore.StatsDataStore 379 jedai-main FINE isStatUpdated oldStat: null, newStat: StatsModel{mName='PhoneModelRaw', mIndex1='null', mIndex2='null', mTimeRange=OVERALL, mFrom=TomerRDate{mTomerRDate=20250424, mTimestamp=1745504747279}, mTo=TomerRDate{mTomerRDate=20371215, mTimestamp=2144448000000}, mTimestamp=1745504750531, mTimestampLocal=1745515550531, mStringValue='sdk_gphone64_arm64', mDecimalValue=null, mIntegerValue=null, mDataType=STRING, mStatus=2}, result: true
04-24 17:25:50.535 31955 32121 D StatsDataStore: 1745504750535 2025-04-24 17:25:50 com.anagog.jedai.core.metrics.stats.datastore.StatsDataStore 379 jedai-main FINE about to store model: StatsModel{mName='PhoneModelRaw', mIndex1='null', mIndex2='null', mTimeRange=OVERALL, mFrom=TomerRDate{mTomerRDate=20250424, mTimestamp=1745504747279}, mTo=TomerRDate{mTomerRDate=20371215, mTimestamp=2144448000000}, mTimestamp=1745504750531, mTimestampLocal=1745515550531, mStringValue='sdk_gphone64_arm64', mDecimalValue=null, mIntegerValue=null, mDataType=STRING, mStatus=2}
04-24 17:25:50.541 31955 32121 W StatsDaoImpl: 1745504750541 2025-04-24 17:25:50 com.anagog.jedai.core.metrics.stats.StatsDaoImpl 379 jedai-main WARNING Failed to replace stats in database name: PhoneModelRaw, index1: null, index2: null, timeRange: OVERALL
04-24 17:25:50.541 31955 32121 D StatsDataStore: 1745504750541 2025-04-24 17:25:50 com.anagog.jedai.core.metrics.stats.datastore.StatsDataStore 379 jedai-main FINE database updated for PhoneModelRaw stat, took: 6 ms isSucceed: true
04-24 17:25:50.541 31955 32121 D StatsCache: 1745504750541 2025-04-24 17:25:50 com.anagog.jedai.core.metrics.stats.datastore.StatsCache 379 jedai-main FINE set value to cache: StatsModel{mName='PhoneModelRaw', mIndex1='null', mIndex2='null', mTimeRange=OVERALL, mFrom=TomerRDate{mTomerRDate=20250424, mTimestamp=1745504747279}, mTo=TomerRDate{mTomerRDate=20371215, mTimestamp=2144448000000}, mTimestamp=1745504750531, mTimestampLocal=1745515550531, mStringValue='sdk_gphone64_arm64', mDecimalValue=null, mIntegerValue=null, mDataType=STRING, mStatus=2}
04-24 17:25:50.542 31955 32121 D StatsCache: 1745504750542 2025-04-24 17:25:50 com.anagog.jedai.core.metrics.stats.datastore.StatsCache 379 jedai-main FINE cache values: [60]
04-24 17:25:50.550 31955 32332 I PhoneModels: 1745504750550 2025-04-24 17:25:50 com.anagog.jedai.extension.PhoneModels 443 androidx.work-2 INFO Searching for :.*\b(Mi Note 10)\b.* in: sdk_gphone64_arm64
04-24 17:25:50.551 31955 32332 I PhoneModels: 1745504750551 2025-04-24 17:25:50 com.anagog.jedai.extension.PhoneModels 443 androidx.work-2 INFO Searching for :.*\b(ELE-AL00|ELE-L04|ELE-L09|ELE-L14|ELE-L29|ELE-L39|ELE-L49|ELE-TL00)\b.* in: sdk_gphone64_arm64
04-24 17:25:50.552 31955 32332 I PhoneModels: 1745504750552 2025-04-24 17:25:50 com.anagog.jedai.extension.PhoneModels 443 androidx.work-2 INFO Searching for :.*\b(XQ-AQ52|XQ-AQ62)\b.* in: sdk_gphone64_arm64
04-24 17:25:50.552 31955 32332 I PhoneModels: 1745504750552 2025-04-24 17:25:50 com.anagog.jedai.extension.PhoneModels 443 androidx.work-2 INFO Searching for :.*\b(SM-N970F|SM-N9700|SM-N970U|SM-N970U1|SM-N970W|SM-N971N)\b.* in: sdk_gphone64_arm64
04-24 17:25:50.552 31955 32332 I PhoneModels: 1745504750552 2025-04-24 17:25:50 com.anagog.jedai.extension.PhoneModels 443 androidx.work-2 INFO Searching for :.*\b(SM-F9160|SM-F916B|SM-F916N|SM-F916Q|SM-F916U|SM-F916U1|SM-F916W)\b.* in: sdk_gphone64_arm64
04-24 17:25:50.552 31955 32332 I PhoneModels: 1745504750552 2025-04-24 17:25:50 com.anagog.jedai.extension.PhoneModels 443 androidx.work-2 INFO Searching for :.*\b(CPH2173|PEEM00|PEDM00|CPH2207)\b.* in: sdk_gphone64_arm64
04-24 17:25:50.553 31955 32332 I PhoneModels: 1745504750553 2025-04-24 17:25:50 com.anagog.jedai.extension.PhoneModels 443 androidx.work-2 INFO Searching for :.*\b(Pixel 5)\b.* in: sdk_gphone64_arm64
04-24 17:25:50.553 31955 32332 I PhoneModels: 1745504750553 2025-04-24 17:25:50 com.anagog.jedai.extension.PhoneModels 443 androidx.work-2 INFO Searching for :.*\b(M2011K2C|M2011K2G|M2102K1AC|M2102K1C|M2102K1G)\b.* in: sdk_gphone64_arm64
04-24 17:25:50.554 31955 32332 I PhoneModels: 1745504750554 2025-04-24 17:25:50 com.anagog.jedai.extension.PhoneModels 443 androidx.work-2 INFO Searching for :.*\b(motorola razr|motorola razr (2020)|motorola razr 5G)\b.* in: sdk_gphone64_arm64
04-24 17:25:50.554 31955 32332 I PhoneModels: 1745504750554 2025-04-24 17:25:50 com.anagog.jedai.extension.PhoneModels 443 androidx.work-2 INFO Searching for :.*\b(SM-G980F|SC-51A|SC51Aa|SCG01|SM-G9810|SM-G981N|SM-G981U|SM-G981U1|SM-G981V|SM-G981W|SM-G981B|SM-G780F|SM-G780G|SM-G7810|SM-G781B|SM-G781N|SM-G781U|SM-G781U1|SM-G781V|SM-G781W|SCG03|SM-G9880|SM-G988N|SM-G988Q|SM-G988U|SM-G988U1|SM-G988W|SM-G988B)\b.* in: sdk_gphone64_arm64
04-24 17:25:50.555 31955 32332 I PhoneModels: 1745504750554 2025-04-24 17:25:50 com.anagog.jedai.extension.PhoneModels 443 androidx.work-2 INFO Searching for :.*\b(901SO|J8210|J8270|J9210|J9260|SO-01M|SOV41|A002SO|SO-52A|SOG02|XQ-AS42|XQ-AS52|XQ-AS62|XQ-AS72)\b.* in: sdk_gphone64_arm64
04-24 17:25:50.555 31955 32332 I PhoneModels: 1745504750555 2025-04-24 17:25:50 com.anagog.jedai.extension.PhoneModels 443 androidx.work-2 INFO Searching for :.*\b(SM-N9810|SM-N981N|SM-N981U|SM-N981U1|SM-N981W|SM-N981B|SM-N985F)\b.* in: sdk_gphone64_arm64
04-24 17:25:50.555 31955 32332 I PhoneModels: 1745504750555 2025-04-24 17:25:50 com.anagog.jedai.extension.PhoneModels 443 androidx.work-2 INFO Searching for :.*\b(SC-53A|SCG06|SM-N9860|SM-N986N|SM-N986U|SM-N986U1|SM-N986W|SM-N986B)\b.* in: sdk_gphone64_arm64
04-24 17:25:50.556 31955 32332 I PhoneModels: 1745504750556 2025-04-24 17:25:50 com.anagog.jedai.extension.PhoneModels 443 androidx.work-2 INFO Searching for :.*\b(SM-G985F|SC-52A|SCG02|SM-G9860|SM-G986N|SM-G986U|SM-G986U1|SM-G986W|SM-G986)\b.* in: sdk_gphone64_arm64
04-24 17:25:50.556 31955 32332 I PhoneModels: 1745504750556 2025-04-24 17:25:50 com.anagog.jedai.extension.PhoneModels 443 androidx.work-2 INFO Searching for :.*\b(SCG10|SM-G9960|SM-G996U1|SM-G996W|SM-G996B|M-G996N)\b.* in: sdk_gphone64_arm64
04-24 17:25:50.556 31955 32332 I PhoneModels: 1745504750556 2025-04-24 17:25:50 com.anagog.jedai.extension.PhoneModels 443 androidx.work-2 INFO Searching for :.*\b(IN2010|IN2013|IN2015|IN2017|IN2019|IN2023|KB2005|KB2007)\b.* in: sdk_gphone64_arm64
04-24 17:25:50.557 31955 32332 I PhoneModels: 1745504750557 2025-04-24 17:25:50 com.anagog.jedai.extension.PhoneModels 443 androidx.work-2 INFO Searching for :.*\b(Pixel 4|Pixel 4 XL|Pixel 4a|Pixel 4a (5G))\b.* in: sdk_gphone64_arm64
04-24 17:25:50.557 31955 32332 I PhoneModels: 1745504750557 2025-04-24 17:25:50 com.anagog.jedai.extension.PhoneModels 443 androidx.work-2 INFO Searching for :.*\b(SC-01M|SCV45|SM-N9750|SM-N975C|SM-N975U|SM-N975U1|SM-N975W|SM-N975F|SM-N976B|SM-N976N|SM-N9760|SM-N976Q|SM-N976V|SM-N976U)\b.* in: sdk_gphone64_arm64
04-24 17:25:50.557 31955 32332 I PhoneModels: 1745504750557 2025-04-24 17:25:50 com.anagog.jedai.extension.PhoneModels 443 androidx.work-2 INFO Searching for :.*\b(LE2110|LE2113|LE2110|LE2111|LE2115|LE2117|LE2120|LE2120|LE2121|LE2123|LE2125|LE2127)\b.* in: sdk_gphone64_arm64
04-24 17:25:50.557 31955 32332 I PhoneModels: 1745504750557 2025-04-24 17:25:50 com.anagog.jedai.extension.PhoneModels 443 androidx.work-2 INFO Searching for :.*\b(ASUS_I005D|ASUS_I005DA|ASUS_I005DB|ZS673KS)\b.* in: sdk_gphone64_arm64
04-24 17:25:50.558 31955 32332 I PhoneModels: 1745504750558 2025-04-24 17:25:50 com.anagog.jedai.extension.PhoneModels 443 androidx.work-2 INFO Searching for :.*\b(HMA-L09|HMA-L29|LYA-L0C|LYA-L29|EVR-AN00|EVR-N29)\b.* in: sdk_gphone64_arm64
04-24 17:25:50.558 31955 32332 I PhoneModels: 1745504750558 2025-04-24 17:25:50 com.anagog.jedai.extension.PhoneModels 443 androidx.work-2 INFO Searching for :.*\b(802SO|J8110|J8170|J9110|J9180|SO-03L|SOV40|SO-51A|SOG01|XQ-AT42|XQ-AT51|XQ-AT52|XQ-AT72|J9150)\b.* in: sdk_gphone64_arm64
04-24 17:25:50.558 31955 32332 I PhoneModels: 1745504750558 2025-04-24 17:25:50 com.anagog.jedai.extension.PhoneModels 443 androidx.work-2 INFO model:sdk_gphone64_arm64, name:sdk_gphone64_arm64, brand:google, Device:emu64a
04-24 17:25:50.559 31955 32121 D StatsDataStore: 1745504750559 2025-04-24 17:25:50 com.anagog.jedai.core.metrics.stats.datastore.StatsDataStore 379 jedai-main FINE about to set stats in cache: PhoneModelName, USER_DEFINED_STRING, StatsValue{mType=USER_DEFINED_STRING, mStringValue='sdk_gphone64_arm64', mDecimalValue=0.0, mIntegerValue=0}, null, null, OVERALL
04-24 17:25:50.559 31955 32121 D StatsDataStore: 1745504750559 2025-04-24 17:25:50 com.anagog.jedai.core.metrics.stats.datastore.StatsDataStore 379 jedai-main FINE about to get stat by query: PhoneModelName.overall
04-24 17:25:50.560 31955 32121 D StatsCache: 1745504750560 2025-04-24 17:25:50 com.anagog.jedai.core.metrics.stats.datastore.StatsCache 379 jedai-main FINE about to get stat by MsQuery: PhoneModelName.overall, stat: null
04-24 17:25:50.560 31955 32121 D StatsDataStore: 1745504750560 2025-04-24 17:25:50 com.anagog.jedai.core.metrics.stats.datastore.StatsDataStore 379 jedai-main FINE stats loaded from database: null
04-24 17:25:50.560 31955 32121 D StatsDataStore: 1745504750560 2025-04-24 17:25:50 com.anagog.jedai.core.metrics.stats.datastore.StatsDataStore 379 jedai-main FINE isStatUpdated oldStat: null, newStat: StatsModel{mName='PhoneModelName', mIndex1='null', mIndex2='null', mTimeRange=OVERALL, mFrom=TomerRDate{mTomerRDate=20250424, mTimestamp=1745504747279}, mTo=TomerRDate{mTomerRDate=20371215, mTimestamp=2144448000000}, mTimestamp=1745504750559, mTimestampLocal=1745515550559, mStringValue='sdk_gphone64_arm64', mDecimalValue=null, mIntegerValue=null, mDataType=STRING, mStatus=2}, result: true
04-24 17:25:50.561 31955 32121 D StatsDataStore: 1745504750561 2025-04-24 17:25:50 com.anagog.jedai.core.metrics.stats.datastore.StatsDataStore 379 jedai-main FINE about to store model: StatsModel{mName='PhoneModelName', mIndex1='null', mIndex2='null', mTimeRange=OVERALL, mFrom=TomerRDate{mTomerRDate=20250424, mTimestamp=1745504747279}, mTo=TomerRDate{mTomerRDate=20371215, mTimestamp=2144448000000}, mTimestamp=1745504750559, mTimestampLocal=1745515550559, mStringValue='sdk_gphone64_arm64', mDecimalValue=null, mIntegerValue=null, mDataType=STRING, mStatus=2}
04-24 17:25:50.562 31955 32332 I PairedBtHelper: 1745504750562 2025-04-24 17:25:50 com.anagog.jedai.extension.PairedBtHelper 443 androidx.work-2 INFO Paired devices: 
04-24 17:25:50.563 31955 32332 I DeepMs  : 1745504750562 2025-04-24 17:25:50 com.anagog.jedai.extension.DeepMs 443 androidx.work-2 INFO Total languages: 1
04-24 17:25:50.566 31955 32121 W StatsDaoImpl: 1745504750566 2025-04-24 17:25:50 com.anagog.jedai.core.metrics.stats.StatsDaoImpl 379 jedai-main WARNING Failed to replace stats in database name: PhoneModelName, index1: null, index2: null, timeRange: OVERALL
04-24 17:25:50.566 31955 32121 D StatsDataStore: 1745504750566 2025-04-24 17:25:50 com.anagog.jedai.core.metrics.stats.datastore.StatsDataStore 379 jedai-main FINE database updated for PhoneModelName stat, took: 5 ms isSucceed: true
04-24 17:25:50.567 31955 32121 D StatsCache: 1745504750567 2025-04-24 17:25:50 com.anagog.jedai.core.metrics.stats.datastore.StatsCache 379 jedai-main FINE set value to cache: StatsModel{mName='PhoneModelName', mIndex1='null', mIndex2='null', mTimeRange=OVERALL, mFrom=TomerRDate{mTomerRDate=20250424, mTimestamp=1745504747279}, mTo=TomerRDate{mTomerRDate=20371215, mTimestamp=2144448000000}, mTimestamp=1745504750559, mTimestampLocal=1745515550559, mStringValue='sdk_gphone64_arm64', mDecimalValue=null, mIntegerValue=null, mDataType=STRING, mStatus=2}
04-24 17:25:50.567 31955 32121 D StatsCache: 1745504750567 2025-04-24 17:25:50 com.anagog.jedai.core.metrics.stats.datastore.StatsCache 379 jedai-main FINE cache values: [61]
04-24 17:25:50.568 31955 32121 D StatsDataStore: 1745504750568 2025-04-24 17:25:50 com.anagog.jedai.core.metrics.stats.datastore.StatsDataStore 379 jedai-main FINE about to set stats in cache: PhoneBrandName, USER_DEFINED_STRING, StatsValue{mType=USER_DEFINED_STRING, mStringValue='google', mDecimalValue=0.0, mIntegerValue=0}, null, null, OVERALL
04-24 17:25:50.569 31955 32121 D StatsDataStore: 1745504750569 2025-04-24 17:25:50 com.anagog.jedai.core.metrics.stats.datastore.StatsDataStore 379 jedai-main FINE about to get stat by query: PhoneBrandName.overall
04-24 17:25:50.569 31955 32121 D StatsCache: 1745504750569 2025-04-24 17:25:50 com.anagog.jedai.core.metrics.stats.datastore.StatsCache 379 jedai-main FINE about to get stat by MsQuery: PhoneBrandName.overall, stat: null
04-24 17:25:50.570 31955 32121 D StatsDataStore: 1745504750570 2025-04-24 17:25:50 com.anagog.jedai.core.metrics.stats.datastore.StatsDataStore 379 jedai-main FINE stats loaded from database: null
04-24 17:25:50.570 31955 32121 D StatsDataStore: 1745504750570 2025-04-24 17:25:50 com.anagog.jedai.core.metrics.stats.datastore.StatsDataStore 379 jedai-main FINE isStatUpdated oldStat: null, newStat: StatsModel{mName='PhoneBrandName', mIndex1='null', mIndex2='null', mTimeRange=OVERALL, mFrom=TomerRDate{mTomerRDate=20250424, mTimestamp=1745504747279}, mTo=TomerRDate{mTomerRDate=20371215, mTimestamp=2144448000000}, mTimestamp=1745504750569, mTimestampLocal=1745515550569, mStringValue='google', mDecimalValue=null, mIntegerValue=null, mDataType=STRING, mStatus=2}, result: true
04-24 17:25:50.570 31955 32121 D StatsDataStore: 1745504750570 2025-04-24 17:25:50 com.anagog.jedai.core.metrics.stats.datastore.StatsDataStore 379 jedai-main FINE about to store model: StatsModel{mName='PhoneBrandName', mIndex1='null', mIndex2='null', mTimeRange=OVERALL, mFrom=TomerRDate{mTomerRDate=20250424, mTimestamp=1745504747279}, mTo=TomerRDate{mTomerRDate=20371215, mTimestamp=2144448000000}, mTimestamp=1745504750569, mTimestampLocal=1745515550569, mStringValue='google', mDecimalValue=null, mIntegerValue=null, mDataType=STRING, mStatus=2}
04-24 17:25:50.576 31955 32121 W StatsDaoImpl: 1745504750576 2025-04-24 17:25:50 com.anagog.jedai.core.metrics.stats.StatsDaoImpl 379 jedai-main WARNING Failed to replace stats in database name: PhoneBrandName, index1: null, index2: null, timeRange: OVERALL
