04-24 17:25:48.320 31955 32165 D FusedOptimizedLocationActivator: 1745504748320 2025-04-24 17:25:48 com.anagog.jedai.core.sensors.activator.FusedOptimizedLocationActivator 404 sensor-manager FINE FusedOptimizedLocation is activated with interval = 60000
04-24 17:25:48.324 31955 32165 D JedAITaskImpl: 1745504748324 2025-04-24 17:25:48 com.anagog.jedai.core.service.JedAITaskImpl 404 sensor-manager FINE Task Steps Optimized Counter Update initialization.
04-24 17:25:48.325 31955 32165 I BaseActivator: 1745504748325 2025-04-24 17:25:48 com.anagog.jedai.core.sensors.activator.BaseActivator 404 sensor-manager INFO Failed to activate Step Optimized Counter. Reason Not valid
04-24 17:25:48.325 31955 32165 W SensorActivatorHandler: 1745504748325 2025-04-24 17:25:48 com.anagog.jedai.core.sensors.handler.SensorActivatorHandler 404 sensor-manager WARNING Failed to activate Step Optimized Counter with com.anagog.jedai.core.sensors.params.EmptyActivationParams@c444612
04-24 17:25:48.328 31955 32121 I JedAIGeofenceManagerImpl: 1745504748326 2025-04-24 17:25:48 com.anagog.jedai.core.geofence.JedAIGeofenceManagerImpl 379 jedai-main INFO Activating optimized Fused (Passive Mode) locations with 60,000 milliseconds sample interval
04-24 17:25:48.328 31955 31955 D FusedWakeupBroadcastReceiver: 1745504748327 2025-04-24 17:25:48 com.anagog.jedai.core.service.broadcast.FusedWakeupBroadcastReceiver 2 main FINE FusedWakeupBroadcastReceiver onReceive
04-24 17:25:48.329 31955 31955 D FusedWakeupBroadcastReceiver: 1745504748329 2025-04-24 17:25:48 com.anagog.jedai.core.service.broadcast.FusedWakeupBroadcastReceiver 2 main FINE Calling SDK start. If it is started already - should be skipped by inner check.
04-24 17:25:48.329 31955 31955 D JedAIApiWrapperThreadSafe: 1745504748329 2025-04-24 17:25:48 com.anagog.jedai.core.api.JedAIApiWrapperThreadSafe 2 main FINE JedAI Wrapper ThreadSafe: start if enabled
04-24 17:25:48.331 31955 31955 I FusedWakeupBroadcastReceiver: 1745504748330 2025-04-24 17:25:48 com.anagog.jedai.core.service.broadcast.FusedWakeupBroadcastReceiver 2 main INFO FusedWakeupBroadcastReceiver neither none or inaccurate locations found
04-24 17:25:48.331 31955 32121 I FlightManagerImpl: 1745504748331 2025-04-24 17:25:48 com.anagog.jedai.core.activity.flights.FlightManagerImpl 379 jedai-main INFO Flight Manager is started.
04-24 17:25:48.332 31955 32121 I TransportationTypeProviderImpl: 1745504748332 2025-04-24 17:25:48 com.anagog.jedai.core.activity.driving.transportation.TransportationTypeProviderImpl 379 jedai-main INFO TransportationTypeManager is started
04-24 17:25:48.332 31955 32121 I JedAIApiWrapper: 1745504748332 2025-04-24 17:25:48 com.anagog.jedai.core.api.JedAIApiWrapper 379 jedai-main INFO Location and motion enabled, starting motion and steps services
04-24 17:25:48.332 31955 32121 I JedAIActivityManager: 1745504748332 2025-04-24 17:25:48 com.anagog.jedai.core.activity.JedAIActivityManager 379 jedai-main INFO About to start activity manager
04-24 17:25:48.332 31955 32121 D RideDetectorImpl: 1745504748332 2025-04-24 17:25:48 com.anagog.jedai.core.activity.driving.RideDetectorImpl 379 jedai-main FINE About to start Ride Detector.
04-24 17:25:48.334 31955 32165 I BaseActivator: 1745504748334 2025-04-24 17:25:48 com.anagog.jedai.core.sensors.activator.BaseActivator 404 sensor-manager INFO Bluetooth activated with params com.anagog.jedai.core.sensors.params.BluetoothActivationParams@a814a5b
04-24 17:25:48.335 31955 32165 D BluetoothActivator: 1745504748335 2025-04-24 17:25:48 com.anagog.jedai.core.sensors.activator.BluetoothActivator 404 sensor-manager FINE Bluetooth is activated
04-24 17:25:48.336 31955 32165 I BaseActivator: 1745504748336 2025-04-24 17:25:48 com.anagog.jedai.core.sensors.activator.BaseActivator 404 sensor-manager INFO Failed to activate Step Optimized Counter. Reason Not valid
04-24 17:25:48.336 31955 32165 W SensorActivatorHandler: 1745504748336 2025-04-24 17:25:48 com.anagog.jedai.core.sensors.handler.SensorActivatorHandler 404 sensor-manager WARNING Failed to activate Step Optimized Counter with com.anagog.jedai.core.sensors.params.EmptyActivationParams@5778e36
04-24 17:25:48.337 31955 32121 I TimerManagerImpl: 1745504748336 2025-04-24 17:25:48 com.anagog.jedai.core.timer.TimerManagerImpl 379 jedai-main INFO About to subscribe on timer with interval 60,000 by [RideDetectorImpl]
04-24 17:25:48.338 31955 32121 D RideDetectorImpl: 1745504748338 2025-04-24 17:25:48 com.anagog.jedai.core.activity.driving.RideDetectorImpl 379 jedai-main FINE Force car bluetooth connected to FALSE.
04-24 17:25:48.341 31955 32165 I BaseActivator: 1745504748340 2025-04-24 17:25:48 com.anagog.jedai.core.sensors.activator.BaseActivator 404 sensor-manager INFO Transition activated with params com.anagog.jedai.core.sensors.params.EmptyActivationParams@5003137
04-24 17:25:48.343 31955 32165 I ActivityRecognitionClientCompat: 1745504748343 2025-04-24 17:25:48 com.anagog.jedai.core.sensors.compat.activitRecognitionCompat.ActivityRecognitionClientCompat 404 sensor-manager INFO About to provide API for ActivityRecognitionClient: from 21
04-24 17:25:48.343 31955 32165 D TransitionActivator: 1745504748343 2025-04-24 17:25:48 com.anagog.jedai.core.sensors.activator.TransitionActivator 404 sensor-manager FINE Transition is activated
04-24 17:25:48.343 31955 32121 D ActivityArbiter: 1745504748343 2025-04-24 17:25:48 com.anagog.jedai.core.activity.ActivityArbiter 379 jedai-main FINE active store = null
04-24 17:25:48.344 31955 32121 D ActivityArbiter: 1745504748344 2025-04-24 17:25:48 com.anagog.jedai.core.activity.ActivityArbiter 379 jedai-main FINE active activity = null
04-24 17:25:48.344 31955 32165 I BaseActivator: 1745504748344 2025-04-24 17:25:48 com.anagog.jedai.core.sensors.activator.BaseActivator 404 sensor-manager INFO Failed to activate Step Optimized Counter. Reason Not valid
04-24 17:25:48.344 31955 32165 W SensorActivatorHandler: 1745504748344 2025-04-24 17:25:48 com.anagog.jedai.core.sensors.handler.SensorActivatorHandler 404 sensor-manager WARNING Failed to activate Step Optimized Counter with com.anagog.jedai.core.sensors.params.EmptyActivationParams@d24c910
04-24 17:25:48.345 31955 32165 D JedAITaskImpl: 1745504748345 2025-04-24 17:25:48 com.anagog.jedai.core.service.JedAITaskImpl 404 sensor-manager FINE Task Steps Optimized Counter Keep Alive initialization.
04-24 17:25:48.345 31955 32165 I BaseActivator: 1745504748345 2025-04-24 17:25:48 com.anagog.jedai.core.sensors.activator.BaseActivator 404 sensor-manager INFO Failed to activate Step Keep Alive Counter. Reason Not valid
04-24 17:25:48.345 31955 32165 W SensorActivatorHandler: 1745504748345 2025-04-24 17:25:48 com.anagog.jedai.core.sensors.handler.SensorActivatorHandler 404 sensor-manager WARNING Failed to activate Step Keep Alive Counter with com.anagog.jedai.core.sensors.params.EmptyActivationParams@4cac09
04-24 17:25:48.346 31955 32121 I JedAIMetricsManagerImpl: 1745504748346 2025-04-24 17:25:48 com.anagog.jedai.core.metrics.JedAIMetricsManagerImpl 379 jedai-main INFO About to start metrics manager
04-24 17:25:48.347 31955 32121 I AggregationHistoryImpl: 1745504748347 2025-04-24 17:25:48 com.anagog.jedai.core.metrics.aggregation.AggregationHistoryImpl 379 jedai-main INFO About start preparations for aggregation
04-24 17:25:48.349 31955 32121 W AggregationDaoImpl: 1745504748349 2025-04-24 17:25:48 com.anagog.jedai.core.metrics.aggregation.AggregationDaoImpl 379 jedai-main WARNING No aggregation data
04-24 17:25:48.350 31955 32121 D AggregationHistoryImpl: 1745504748349 2025-04-24 17:25:48 com.anagog.jedai.core.metrics.aggregation.AggregationHistoryImpl 379 jedai-main FINE prepareAggregations: type = DAILY. StartTime = 1,735,689,600,000, StopDate = 1,767,139,200,000
04-24 17:25:48.352 31955 32121 W AggregationDaoImpl: 1745504748352 2025-04-24 17:25:48 com.anagog.jedai.core.metrics.aggregation.AggregationDaoImpl 379 jedai-main WARNING No GroupsAndYears
04-24 17:25:48.355 31955 31955 D TransitionSensor: 1745504748355 2025-04-24 17:25:48 com.anagog.jedai.core.sensors.domain.TransitionSensor 2 main FINE Transition sensor started successfully
04-24 17:25:48.423 31955 32121 I JedAIDBOpenHelper: 1745504748423 2025-04-24 17:25:48 com.anagog.jedai.core.repository.JedAIDBOpenHelper 379 jedai-main INFO About to end an SQL Transaction
04-24 17:25:48.464 31955 32298 W NetworkCall: 1745504748464 2025-04-24 17:25:48 com.anagog.jedai.core.network.NetworkCall 428 pool-18-thread-3 WARNING Failed to execute PostRequest: https://stage-api-jedai.anagog.com/config/consume/download/jedaisdk
04-24 17:25:48.464 31955 32298 W NetworkCall: Failure: Failure(failure=com.anagog.jedai.core.network.NetworkFailure$NoChange@5062e0e)
04-24 17:25:48.464 31955 32297 I ConfigDownloadHelper: 1745504748464 2025-04-24 17:25:48 com.anagog.jedai.core.config.remote.ConfigDownloadHelper 427 Thread-9 INFO process failure: com.anagog.jedai.core.network.NetworkFailure$NoChange@5062e0e
04-24 17:25:48.464 31955 32297 I ConfigDownloadHelper: 1745504748464 2025-04-24 17:25:48 com.anagog.jedai.core.config.remote.ConfigDownloadHelper 427 Thread-9 INFO Remote configuration received, but not modified. Endpoint: https://stage-api-jedai.anagog.com/config/consume/download/jedaisdk
04-24 17:25:48.466 31955 32297 I INTEGRATION: INFO Remote configuration received, but not modified. Endpoint: https://stage-api-jedai.anagog.com/config/consume/download/jedaisdk
04-24 17:25:48.466 31955 32297 W ConfigManagerImpl: 1745504748466 2025-04-24 17:25:48 com.anagog.jedai.core.config.ConfigManagerImpl 427 Thread-9 WARNING Null config received from the server
04-24 17:25:48.466 31955 32297 W ConfigManagerImpl: 1745504748466 2025-04-24 17:25:48 com.anagog.jedai.core.config.ConfigManagerImpl 427 Thread-9 WARNING Failed to download config from server
04-24 17:25:48.502 31955 32121 I JedAIDBOpenHelper: 1745504748502 2025-04-24 17:25:48 com.anagog.jedai.core.repository.JedAIDBOpenHelper 379 jedai-main INFO About to end an SQL Transaction
04-24 17:25:48.668 31955 32121 I JedAIDBOpenHelper: 1745504748667 2025-04-24 17:25:48 com.anagog.jedai.core.repository.JedAIDBOpenHelper 379 jedai-main INFO About to end an SQL Transaction
04-24 17:25:48.749 31955 32121 I JedAIDBOpenHelper: 1745504748749 2025-04-24 17:25:48 com.anagog.jedai.core.repository.JedAIDBOpenHelper 379 jedai-main INFO About to end an SQL Transaction
04-24 17:25:48.832 31955 32121 I JedAIDBOpenHelper: 1745504748832 2025-04-24 17:25:48 com.anagog.jedai.core.repository.JedAIDBOpenHelper 379 jedai-main INFO About to end an SQL Transaction
04-24 17:25:48.903 31955 32121 I JedAIDBOpenHelper: 1745504748903 2025-04-24 17:25:48 com.anagog.jedai.core.repository.JedAIDBOpenHelper 379 jedai-main INFO About to end an SQL Transaction
04-24 17:25:48.971 31955 32121 I JedAIDBOpenHelper: 1745504748971 2025-04-24 17:25:48 com.anagog.jedai.core.repository.JedAIDBOpenHelper 379 jedai-main INFO About to end an SQL Transaction
04-24 17:25:49.036 31955 32121 I JedAIDBOpenHelper: 1745504749036 2025-04-24 17:25:49 com.anagog.jedai.core.repository.JedAIDBOpenHelper 379 jedai-main INFO About to end an SQL Transaction
04-24 17:25:49.099 31955 32121 I JedAIDBOpenHelper: 1745504749099 2025-04-24 17:25:49 com.anagog.jedai.core.repository.JedAIDBOpenHelper 379 jedai-main INFO About to end an SQL Transaction
04-24 17:25:49.166 31955 32121 I JedAIDBOpenHelper: 1745504749166 2025-04-24 17:25:49 com.anagog.jedai.core.repository.JedAIDBOpenHelper 379 jedai-main INFO About to end an SQL Transaction
04-24 17:25:49.233 31955 32121 I JedAIDBOpenHelper: 1745504749233 2025-04-24 17:25:49 com.anagog.jedai.core.repository.JedAIDBOpenHelper 379 jedai-main INFO About to end an SQL Transaction
04-24 17:25:49.297 31955 32121 I JedAIDBOpenHelper: 1745504749297 2025-04-24 17:25:49 com.anagog.jedai.core.repository.JedAIDBOpenHelper 379 jedai-main INFO About to end an SQL Transaction
04-24 17:25:49.357 31955 32121 I JedAIDBOpenHelper: 1745504749357 2025-04-24 17:25:49 com.anagog.jedai.core.repository.JedAIDBOpenHelper 379 jedai-main INFO About to end an SQL Transaction
04-24 17:25:49.363 31955 32121 D AggregationHistoryImpl: 1745504749361 2025-04-24 17:25:49 com.anagog.jedai.core.metrics.aggregation.AggregationHistoryImpl 379 jedai-main FINE prepareAggregations: type = WEEKLY. StartTime = 1,735,689,600,000, StopDate = 1,767,139,200,000
04-24 17:25:49.364 31955 32121 W AggregationDaoImpl: 1745504749364 2025-04-24 17:25:49 com.anagog.jedai.core.metrics.aggregation.AggregationDaoImpl 379 jedai-main WARNING No GroupsAndYears
04-24 17:25:49.372 31955 32121 I JedAIDBOpenHelper: 1745504749372 2025-04-24 17:25:49 com.anagog.jedai.core.repository.JedAIDBOpenHelper 379 jedai-main INFO About to end an SQL Transaction
04-24 17:25:49.376 31955 32121 D AggregationHistoryImpl: 1745504749375 2025-04-24 17:25:49 com.anagog.jedai.core.metrics.aggregation.AggregationHistoryImpl 379 jedai-main FINE prepareAggregations: type = MONTHLY. StartTime = 1,735,689,600,000, StopDate = 1,767,139,200,000
04-24 17:25:49.377 31955 32121 W AggregationDaoImpl: 1745504749377 2025-04-24 17:25:49 com.anagog.jedai.core.metrics.aggregation.AggregationDaoImpl 379 jedai-main WARNING No GroupsAndYears
04-24 17:25:49.383 31955 32121 I JedAIDBOpenHelper: 1745504749383 2025-04-24 17:25:49 com.anagog.jedai.core.repository.JedAIDBOpenHelper 379 jedai-main INFO About to end an SQL Transaction
04-24 17:25:49.388 31955 32121 D JobsExecutor: 1745504749388 2025-04-24 17:25:49 com.anagog.jedai.core.scheduler.JobsExecutor 379 jedai-main FINE Received jobs for execution: Tag = ProcessAggregationJob, ID = 4,Tag = SendReport, ID = 1
04-24 17:25:49.388 31955 32121 D JobsExecutor: 1745504749388 2025-04-24 17:25:49 com.anagog.jedai.core.scheduler.JobsExecutor 379 jedai-main FINER About to execute a job Tag = ProcessAggregationJob, ID = 4
04-24 17:25:49.391 31955 32121 D JobsStorage: 1745504749390 2025-04-24 17:25:49 com.anagog.jedai.core.scheduler.JobsStorage 379 jedai-main FINE updated 1 rows with {1} Tag from Job table
04-24 17:25:49.392 31955 32121 I AggregationHistoryImpl: 1745504749392 2025-04-24 17:25:49 com.anagog.jedai.core.metrics.aggregation.AggregationHistoryImpl 379 jedai-main INFO About to process aggregation. Counter: 1, Groups: 
04-24 17:25:49.393 31955 32121 D JedAITaskImpl: 1745504749393 2025-04-24 17:25:49 com.anagog.jedai.core.service.JedAITaskImpl 379 jedai-main FINE Starting Aggregation Processing task in background. Task-work about to run.
04-24 17:25:49.394 31955 32121 I DebugReportStorageImpl: 1745504749394 2025-04-24 17:25:49 com.anagog.jedai.core.debug_report.DebugReportStorageImpl 379 jedai-main INFO Directory created: true
04-24 17:25:49.396 31955 32121 E DebugReportHandlerImpl: 1745504749396 2025-04-24 17:25:49 com.anagog.jedai.core.debug_report.DebugReportHandlerImpl 379 jedai-main SEVERE Error loading interval data: Expected start of the object '{', but had 'EOF' instead at path: $
04-24 17:25:49.396 31955 32121 E DebugReportHandlerImpl: JSON input: 
04-24 17:25:49.397 31955 32121 E DebugReportHandlerImpl: 1745504749397 2025-04-24 17:25:49 com.anagog.jedai.core.debug_report.DebugReportHandlerImpl 379 jedai-main SEVERE Error loading countable data: Expected start of the object '{', but had 'EOF' instead at path: $
04-24 17:25:49.397 31955 32121 E DebugReportHandlerImpl: JSON input: 
04-24 17:25:49.398 31955 32121 D JedAITaskImpl: 1745504749398 2025-04-24 17:25:49 com.anagog.jedai.core.service.JedAITaskImpl 379 jedai-main FINE Stopping Aggregation Processing task.
04-24 17:25:49.398 31955 32121 D ServiceStateProvider: 1745504749398 2025-04-24 17:25:49 com.anagog.jedai.core.service.ServiceStateProvider 379 jedai-main FINE About to post FG service unsubscribe
04-24 17:25:49.399 31955 32121 D CpuStatsProvider: 1745504749399 2025-04-24 17:25:49 com.anagog.jedai.core.common.CpuStatsProvider 379 jedai-main FINE Aggregation Processing took: 0.000 sec, time processing: 0.0 / 0.0%, timePassed: 0.001
04-24 17:25:49.399 31955 32121 D JobsExecutor: 1745504749399 2025-04-24 17:25:49 com.anagog.jedai.core.scheduler.JobsExecutor 379 jedai-main FINE Job Tag = ProcessAggregationJob, ID = 4 executed with result SUCCESS
04-24 17:25:49.403 31955 32121 D JobsStorage: 1745504749403 2025-04-24 17:25:49 com.anagog.jedai.core.scheduler.JobsStorage 379 jedai-main FINE updated 1 rows with {1} Tag from Job table
04-24 17:25:49.404 31955 32121 D JobsExecutor: 1745504749404 2025-04-24 17:25:49 com.anagog.jedai.core.scheduler.JobsExecutor 379 jedai-main FINER About to execute a job Tag = SendReport, ID = 1
04-24 17:25:49.407 31955 32121 D JobsStorage: 1745504749407 2025-04-24 17:25:49 com.anagog.jedai.core.scheduler.JobsStorage 379 jedai-main FINE updated 1 rows with {1} Tag from Job table
04-24 17:25:49.408 31955 32121 I AnagogJobScheduler: 1745504749407 2025-04-24 17:25:49 com.anagog.jedai.core.scheduler.AnagogJobScheduler 379 jedai-main INFO Created a new job: tag=ProcessAggregationJob, id=4, interval=3,600,000, conditions=0
04-24 17:25:49.411 31955 32165 I BaseActivator: 1745504749411 2025-04-24 17:25:49 com.anagog.jedai.core.sensors.activator.BaseActivator 404 sensor-manager INFO AppSession activated with params com.anagog.jedai.core.sensors.params.EmptyActivationParams@666627d
04-24 17:25:49.412 31955 32165 D DevicePropertiesKtImpl: 1745504749412 2025-04-24 17:25:49 com.anagog.jedai.core.common.DevicePropertiesKtImpl 404 sensor-manager FINE App in foreground check: true
04-24 17:25:49.412 31955 32165 I AppSessionSensorImpl: 1745504749412 2025-04-24 17:25:49 com.anagog.jedai.core.app_event.app_session.sensor.AppSessionSensorImpl 404 sensor-manager INFO Emit foreground state
04-24 17:25:49.412 31955 32165 D AppSessionSensorImpl: 1745504749412 2025-04-24 17:25:49 com.anagog.jedai.core.app_event.app_session.sensor.AppSessionSensorImpl 404 sensor-manager FINE register ProcessLifeCycleOwner onThread[sensor-manager]
04-24 17:25:49.412 31955 32165 I AppSessionSensorImpl: 1745504749412 2025-04-24 17:25:49 com.anagog.jedai.core.app_event.app_session.sensor.AppSessionSensorImpl 404 sensor-manager INFO start [Registration to appSession succeed]
04-24 17:25:49.414 31955 32165 I BaseActivator: 1745504749413 2025-04-24 17:25:49 com.anagog.jedai.core.sensors.activator.BaseActivator 404 sensor-manager INFO DozeMode activated with params com.anagog.jedai.core.sensors.params.EmptyActivationParams@4c49640
04-24 17:25:49.415 31955 32165 I BaseActivator: 1745504749415 2025-04-24 17:25:49 com.anagog.jedai.core.sensors.activator.BaseActivator 404 sensor-manager INFO BatteryLevel activated with params com.anagog.jedai.core.sensors.params.EmptyActivationParams@37cd66c
04-24 17:25:49.420 31955 32121 I AnagogJobScheduler: 1745504749419 2025-04-24 17:25:49 com.anagog.jedai.core.scheduler.AnagogJobScheduler 379 jedai-main INFO Created a new job: tag=DatabaseCleanup, id=5, interval=86,400,000, conditions=0
04-24 17:25:49.421 31955 32121 D DatabaseCleanerImpl: 1745504749421 2025-04-24 17:25:49 com.anagog.jedai.core.repository.cleaner.DatabaseCleanerImpl 379 jedai-main FINE DatabaseCleanup job is scheduled
04-24 17:25:49.425 31955 32121 I AnagogJobScheduler: 1745504749424 2025-04-24 17:25:49 com.anagog.jedai.core.scheduler.AnagogJobScheduler 379 jedai-main INFO Created a new job: tag=DatabaseVacuum, id=6, interval=1,209,600,000, conditions=0
04-24 17:25:49.426 31955 32121 D DatabaseCleanerImpl: 1745504749426 2025-04-24 17:25:49 com.anagog.jedai.core.repository.cleaner.DatabaseCleanerImpl 379 jedai-main FINE DatabaseVacuum job is scheduled
04-24 17:25:49.426 31955 32121 D DatabaseCleanerImpl: 1745504749426 2025-04-24 17:25:49 com.anagog.jedai.core.repository.cleaner.DatabaseCleanerImpl 379 jedai-main FINE DatabaseCleaner is started
04-24 17:25:49.427 31955 32121 I TimerManagerImpl: 1745504749426 2025-04-24 17:25:49 com.anagog.jedai.core.timer.TimerManagerImpl 379 jedai-main INFO About to subscribe on timer with interval 60,000 by [CpuStatProvider]
04-24 17:25:49.427 31955 32121 D ConfigManagerImpl: 1745504749427 2025-04-24 17:25:49 com.anagog.jedai.core.config.ConfigManagerImpl 379 jedai-main FINE About to add mandatory report: DailyUsageReportFactory
04-24 17:25:49.429 31955 32121 D StatsDataStore: 1745504749429 2025-04-24 17:25:49 com.anagog.jedai.core.metrics.stats.datastore.StatsDataStore 379 jedai-main FINE about to set stats in cache: AppInstallDatetime, USER_DEFINED_STRING, StatsValue{mType=USER_DEFINED_STRING, mStringValue='2025-04-24T17:25:38+03:00', mDecimalValue=0.0, mIntegerValue=0}, null, null, null
04-24 17:25:49.431 31955 32121 D StatsDataStore: 1745504749430 2025-04-24 17:25:49 com.anagog.jedai.core.metrics.stats.datastore.StatsDataStore 379 jedai-main FINE about to get stat by query: AppInstallDatetime.overall
04-24 17:25:49.431 31955 32121 D StatsCache: 1745504749431 2025-04-24 17:25:49 com.anagog.jedai.core.metrics.stats.datastore.StatsCache 379 jedai-main FINE about to get stat by MsQuery: AppInstallDatetime.overall, stat: null
04-24 17:25:49.431 31955 32121 D StatsDataStore: 1745504749431 2025-04-24 17:25:49 com.anagog.jedai.core.metrics.stats.datastore.StatsDataStore 379 jedai-main FINE stats loaded from database: null
04-24 17:25:49.431 31955 32121 D StatsDataStore: 1745504749431 2025-04-24 17:25:49 com.anagog.jedai.core.metrics.stats.datastore.StatsDataStore 379 jedai-main FINE isStatUpdated oldStat: null, newStat: StatsModel{mName='AppInstallDatetime', mIndex1='null', mIndex2='null', mTimeRange=OVERALL, mFrom=TomerRDate{mTomerRDate=20250424, mTimestamp=1745504747279}, mTo=TomerRDate{mTomerRDate=20371215, mTimestamp=2144448000000}, mTimestamp=1745504749429, mTimestampLocal=1745515549429, mStringValue='2025-04-24T17:25:38+03:00', mDecimalValue=null, mIntegerValue=null, mDataType=STRING, mStatus=2}, result: true
04-24 17:25:49.431 31955 32121 D StatsDataStore: 1745504749431 2025-04-24 17:25:49 com.anagog.jedai.core.metrics.stats.datastore.StatsDataStore 379 jedai-main FINE about to store model: StatsModel{mName='AppInstallDatetime', mIndex1='null', mIndex2='null', mTimeRange=OVERALL, mFrom=TomerRDate{mTomerRDate=20250424, mTimestamp=1745504747279}, mTo=TomerRDate{mTomerRDate=20371215, mTimestamp=2144448000000}, mTimestamp=1745504749429, mTimestampLocal=1745515549429, mStringValue='2025-04-24T17:25:38+03:00', mDecimalValue=null, mIntegerValue=null, mDataType=STRING, mStatus=2}
04-24 17:25:49.435 31955 32121 W StatsDaoImpl: 1745504749434 2025-04-24 17:25:49 com.anagog.jedai.core.metrics.stats.StatsDaoImpl 379 jedai-main WARNING Failed to replace stats in database name: AppInstallDatetime, index1: null, index2: null, timeRange: OVERALL
04-24 17:25:49.435 31955 32121 D StatsDataStore: 1745504749435 2025-04-24 17:25:49 com.anagog.jedai.core.metrics.stats.datastore.StatsDataStore 379 jedai-main FINE database updated for AppInstallDatetime stat, took: 4 ms isSucceed: true
04-24 17:25:49.435 31955 32121 D StatsCache: 1745504749435 2025-04-24 17:25:49 com.anagog.jedai.core.metrics.stats.datastore.StatsCache 379 jedai-main FINE set value to cache: StatsModel{mName='AppInstallDatetime', mIndex1='null', mIndex2='null', mTimeRange=OVERALL, mFrom=TomerRDate{mTomerRDate=20250424, mTimestamp=1745504747279}, mTo=TomerRDate{mTomerRDate=20371215, mTimestamp=2144448000000}, mTimestamp=1745504749429, mTimestampLocal=1745515549429, mStringValue='2025-04-24T17:25:38+03:00', mDecimalValue=null, mIntegerValue=null, mDataType=STRING, mStatus=2}
04-24 17:25:49.435 31955 32121 D StatsCache: 1745504749435 2025-04-24 17:25:49 com.anagog.jedai.core.metrics.stats.datastore.StatsCache 379 jedai-main FINE cache values: [1]
04-24 17:25:49.436 31955 32121 D StatsDataStore: 1745504749436 2025-04-24 17:25:49 com.anagog.jedai.core.metrics.stats.datastore.StatsDataStore 379 jedai-main FINE about to set stats in cache: InstallDateTime, USER_DEFINED_STRING, StatsValue{mType=USER_DEFINED_STRING, mStringValue='2025-04-24T17:25:47+03:00', mDecimalValue=0.0, mIntegerValue=0}, null, null, null
04-24 17:25:49.436 31955 32121 D StatsDataStore: 1745504749436 2025-04-24 17:25:49 com.anagog.jedai.core.metrics.stats.datastore.StatsDataStore 379 jedai-main FINE about to get stat by query: InstallDateTime.overall
04-24 17:25:49.436 31955 32121 D StatsCache: 1745504749436 2025-04-24 17:25:49 com.anagog.jedai.core.metrics.stats.datastore.StatsCache 379 jedai-main FINE about to get stat by MsQuery: InstallDateTime.overall, stat: null
04-24 17:25:49.436 31955 32121 D StatsDataStore: 1745504749436 2025-04-24 17:25:49 com.anagog.jedai.core.metrics.stats.datastore.StatsDataStore 379 jedai-main FINE stats loaded from database: null
04-24 17:25:49.437 31955 32121 D StatsDataStore: 1745504749437 2025-04-24 17:25:49 com.anagog.jedai.core.metrics.stats.datastore.StatsDataStore 379 jedai-main FINE isStatUpdated oldStat: null, newStat: StatsModel{mName='InstallDateTime', mIndex1='null', mIndex2='null', mTimeRange=OVERALL, mFrom=TomerRDate{mTomerRDate=20250424, mTimestamp=1745504747279}, mTo=TomerRDate{mTomerRDate=20371215, mTimestamp=2144448000000}, mTimestamp=1745504749436, mTimestampLocal=1745515549436, mStringValue='2025-04-24T17:25:47+03:00', mDecimalValue=null, mIntegerValue=null, mDataType=STRING, mStatus=2}, result: true
04-24 17:25:49.437 31955 32121 D StatsDataStore: 1745504749437 2025-04-24 17:25:49 com.anagog.jedai.core.metrics.stats.datastore.StatsDataStore 379 jedai-main FINE about to store model: StatsModel{mName='InstallDateTime', mIndex1='null', mIndex2='null', mTimeRange=OVERALL, mFrom=TomerRDate{mTomerRDate=20250424, mTimestamp=1745504747279}, mTo=TomerRDate{mTomerRDate=20371215, mTimestamp=2144448000000}, mTimestamp=1745504749436, mTimestampLocal=1745515549436, mStringValue='2025-04-24T17:25:47+03:00', mDecimalValue=null, mIntegerValue=null, mDataType=STRING, mStatus=2}
04-24 17:25:49.440 31955 32121 W StatsDaoImpl: 1745504749440 2025-04-24 17:25:49 com.anagog.jedai.core.metrics.stats.StatsDaoImpl 379 jedai-main WARNING Failed to replace stats in database name: InstallDateTime, index1: null, index2: null, timeRange: OVERALL
04-24 17:25:49.440 31955 32121 D StatsDataStore: 1745504749440 2025-04-24 17:25:49 com.anagog.jedai.core.metrics.stats.datastore.StatsDataStore 379 jedai-main FINE database updated for InstallDateTime stat, took: 3 ms isSucceed: true
04-24 17:25:49.440 31955 32121 D StatsCache: 1745504749440 2025-04-24 17:25:49 com.anagog.jedai.core.metrics.stats.datastore.StatsCache 379 jedai-main FINE set value to cache: StatsModel{mName='InstallDateTime', mIndex1='null', mIndex2='null', mTimeRange=OVERALL, mFrom=TomerRDate{mTomerRDate=20250424, mTimestamp=1745504747279}, mTo=TomerRDate{mTomerRDate=20371215, mTimestamp=2144448000000}, mTimestamp=1745504749436, mTimestampLocal=1745515549436, mStringValue='2025-04-24T17:25:47+03:00', mDecimalValue=null, mIntegerValue=null, mDataType=STRING, mStatus=2}
04-24 17:25:49.441 31955 32121 D StatsCache: 1745504749441 2025-04-24 17:25:49 com.anagog.jedai.core.metrics.stats.datastore.StatsCache 379 jedai-main FINE cache values: [2]
04-24 17:25:49.441 31955 32121 D ReportManager: 1745504749441 2025-04-24 17:25:49 com.anagog.jedai.core.reporter.ReportManager 379 jedai-main FINEST About to add scheduled report DailyUsageReportFactory
04-24 17:25:49.441 31955 32121 D ReportManager: 1745504749441 2025-04-24 17:25:49 com.anagog.jedai.core.reporter.ReportManager 379 jedai-main FINEST Adding scheduled report DailyUsageReportFactory
04-24 17:25:49.442 31955 32121 D ReportManager: 1745504749442 2025-04-24 17:25:49 com.anagog.jedai.core.reporter.ReportManager 379 jedai-main FINEST About to add scheduled report StatsIReportFactory
04-24 17:25:49.442 31955 32121 D ReportManager: 1745504749442 2025-04-24 17:25:49 com.anagog.jedai.core.reporter.ReportManager 379 jedai-main FINEST Adding scheduled report StatsIReportFactory
04-24 17:25:49.442 31955 32121 D ReportManager: 1745504749442 2025-04-24 17:25:49 com.anagog.jedai.core.reporter.ReportManager 379 jedai-main FINEST About to add scheduled report MicrosegmentsSnapshot
04-24 17:25:49.443 31955 32121 D ReportManager: 1745504749443 2025-04-24 17:25:49 com.anagog.jedai.core.reporter.ReportManager 379 jedai-main FINEST Adding scheduled report MicrosegmentsSnapshot
04-24 17:25:49.443 31955 32121 D ReportManager: 1745504749443 2025-04-24 17:25:49 com.anagog.jedai.core.reporter.ReportManager 379 jedai-main FINEST About to add scheduled report EventsReportFactory
04-24 17:25:49.443 31955 32121 D ReportManager: 1745504749443 2025-04-24 17:25:49 com.anagog.jedai.core.reporter.ReportManager 379 jedai-main FINEST Adding scheduled report EventsReportFactory
04-24 17:25:49.444 31955 32121 D ReportManager: 1745504749444 2025-04-24 17:25:49 com.anagog.jedai.core.reporter.ReportManager 379 jedai-main FINEST About to add scheduled report DebugReportFactory
04-24 17:25:49.444 31955 32121 D ReportManager: 1745504749444 2025-04-24 17:25:49 com.anagog.jedai.core.reporter.ReportManager 379 jedai-main FINEST Adding scheduled report DebugReportFactory
04-24 17:25:49.444 31955 32121 D ReportManager: 1745504749444 2025-04-24 17:25:49 com.anagog.jedai.core.reporter.ReportManager 379 jedai-main FINEST About to add scheduled report DailyUsageReportFactory
04-24 17:25:49.445 31955 32121 I VisitDetector: 1745504749445 2025-04-24 17:25:49 com.anagog.jedai.core.visit.VisitDetector 379 jedai-main INFO Activating optimized Fused (Passive Mode) locations with 60,000 milliseconds sample interval
04-24 17:25:49.446 31955 32121 D JedAITaskImpl: 1745504749446 2025-04-24 17:25:49 com.anagog.jedai.core.service.JedAITaskImpl 379 jedai-main FINE Task Visit Location Processing initialization.
04-24 17:25:49.455 31955 32121 D JedAILambda: 1745504749455 2025-04-24 17:25:49 com.anagog.jedai.lambda.JedAILambda 379 jedai-main FINE about to start lambda
04-24 17:25:49.455 31955 32121 I JedAILambdaWrapper: 1745504749455 2025-04-24 17:25:49 com.anagog.jedai.lambda.JedAILambdaWrapper 379 jedai-main INFO init JS recreate [false]
04-24 17:25:49.470 31955 32121 I JedAILambdaWrapper: 1745504749470 2025-04-24 17:25:49 com.anagog.jedai.lambda.JedAILambdaWrapper 379 jedai-main INFO init finished
04-24 17:25:49.470 31955 32121 I ConfigManagerImpl: 1745504749470 2025-04-24 17:25:49 com.anagog.jedai.core.config.ConfigManagerImpl 379 jedai-main INFO addConfigListener: com.anagog.jedai.extension.JedAiWrapper$$ExternalSyntheticLambda0@9372392
04-24 17:25:49.471 31955 32121 I ConfigManagerImpl: 1745504749471 2025-04-24 17:25:49 com.anagog.jedai.core.config.ConfigManagerImpl 379 jedai-main INFO isOperationalEnabled: config enable percentile 100, User PCT: 91
04-24 17:25:49.472 31955 32121 I INTEGRATION: INFO isOperationalEnabled: config enable percentile 100, User PCT: 91
04-24 17:25:49.481 31955 32121 I DeepMs  : 1745504749481 2025-04-24 17:25:49 com.anagog.jedai.extension.DeepMs 379 jedai-main INFO Sdk enabled and Deep not initialized - starting DeepMS
04-24 17:25:49.484 31955 32121 D ServiceStateProvider: 1745504749484 2025-04-24 17:25:49 com.anagog.jedai.core.service.ServiceStateProvider 379 jedai-main FINE FG service got to Unavailable state. Notifying listener [JedAIApiWrapper init]
04-24 17:25:49.486 31955 32121 I JedAITimer: 1745504749485 2025-04-24 17:25:49 com.anagog.jedai.core.timer.JedAITimer 379 jedai-main INFO Subscribed on timer with interval 60,000
04-24 17:25:49.487 31955 32121 I TimerManagerImpl: 1745504749486 2025-04-24 17:25:49 com.anagog.jedai.core.timer.TimerManagerImpl 379 jedai-main INFO Listener [OperationWorkModeManagerImpl] added to existing timer with interval 60,000, need to perform pulse
04-24 17:25:49.489 31955 32317 D CompatibilityChangeReporter: Compat change id reported: 194532703; UID 10248; state: ENABLED
04-24 17:25:49.489 31955 32317 D CompatibilityChangeReporter: Compat change id reported: 253665015; UID 10248; state: ENABLED
04-24 17:25:49.490 31955 32121 D OperationWorkModeManagerImpl: 1745504749488 2025-04-24 17:25:49 com.anagog.jedai.core.config.operation.OperationWorkModeManagerImpl 379 jedai-main FINE Work mode verification: prevMode = 0, nextMode = 0
04-24 17:25:49.492 31955 32121 I TimerManagerImpl: 1745504749492 2025-04-24 17:25:49 com.anagog.jedai.core.timer.TimerManagerImpl 379 jedai-main INFO Timer with interval 60,000 already exist, listener [OperationWorkModeManagerImpl] added to this timer
04-24 17:25:49.494 31955 32121 I TimerManagerImpl: 1745504749493 2025-04-24 17:25:49 com.anagog.jedai.core.timer.TimerManagerImpl 379 jedai-main INFO Listener [Job Scheduler] is already subscribed on the same interval 60,000
04-24 17:25:49.496 31955 32106 D CompatibilityChangeReporter: Compat change id reported: 263076149; UID 10248; state: ENABLED
04-24 17:25:49.496 31955 32121 D StatsDataStore: 1745504749496 2025-04-24 17:25:49 com.anagog.jedai.core.metrics.stats.datastore.StatsDataStore 379 jedai-main FINE about to set stats in cache: PageLastVisitDate, USER_DEFINED_STRING, StatsValue{mType=USER_DEFINED_STRING, mStringValue='2025-04-24', mDecimalValue=0.0, mIntegerValue=0}, null, null, null
04-24 17:25:49.497 31955 32121 D StatsDataStore: 1745504749497 2025-04-24 17:25:49 com.anagog.jedai.core.metrics.stats.datastore.StatsDataStore 379 jedai-main FINE about to get stat by query: PageLastVisitDate.overall
04-24 17:25:49.497 31955 32121 D StatsCache: 1745504749497 2025-04-24 17:25:49 com.anagog.jedai.core.metrics.stats.datastore.StatsCache 379 jedai-main FINE about to get stat by MsQuery: PageLastVisitDate.overall, stat: null
04-24 17:25:49.498 31955 32318 I DeepMs  : 1745504749497 2025-04-24 17:25:49 com.anagog.jedai.extension.DeepMs 433 androidx.work-1 INFO Enabling disabled manifest elements!!!
04-24 17:25:49.498 31955 32318 I DeepMs  : 1745504749498 2025-04-24 17:25:49 com.anagog.jedai.extension.DeepMs 433 androidx.work-1 INFO Starting!!!!
04-24 17:25:49.499 31955 32121 D StatsDataStore: 1745504749498 2025-04-24 17:25:49 com.anagog.jedai.core.metrics.stats.datastore.StatsDataStore 379 jedai-main FINE stats loaded from database: null
04-24 17:25:49.500 31955 32318 I ConfigurationManager: 1745504749499 2025-04-24 17:25:49 com.anagog.jedai.extension.ConfigurationManager 433 androidx.work-1 INFO LoadConfigOnstart configuration:
04-24 17:25:49.500 31955 31955 I AppLifecycleObserver: 1745504749500 2025-04-24 17:25:49 com.anagog.jedai.extension.AppLifecycleObserver 2 main INFO App On Start
04-24 17:25:49.501 31955 32121 D StatsDataStore: 1745504749501 2025-04-24 17:25:49 com.anagog.jedai.core.metrics.stats.datastore.StatsDataStore 379 jedai-main FINE isStatUpdated oldStat: null, newStat: StatsModel{mName='PageLastVisitDate', mIndex1='null', mIndex2='null', mTimeRange=OVERALL, mFrom=TomerRDate{mTomerRDate=20250424, mTimestamp=1745504747279}, mTo=TomerRDate{mTomerRDate=20371215, mTimestamp=2144448000000}, mTimestamp=1745504749496, mTimestampLocal=1745515549496, mStringValue='2025-04-24', mDecimalValue=null, mIntegerValue=null, mDataType=STRING, mStatus=2}, result: true
04-24 17:25:49.503 31955 32121 D StatsDataStore: 1745504749502 2025-04-24 17:25:49 com.anagog.jedai.core.metrics.stats.datastore.StatsDataStore 379 jedai-main FINE about to store model: StatsModel{mName='PageLastVisitDate', mIndex1='null', mIndex2='null', mTimeRange=OVERALL, mFrom=TomerRDate{mTomerRDate=20250424, mTimestamp=1745504747279}, mTo=TomerRDate{mTomerRDate=20371215, mTimestamp=2144448000000}, mTimestamp=1745504749496, mTimestampLocal=1745515549496, mStringValue='2025-04-24', mDecimalValue=null, mIntegerValue=null, mDataType=STRING, mStatus=2}
04-24 17:25:49.508 31955 32121 W StatsDaoImpl: 1745504749508 2025-04-24 17:25:49 com.anagog.jedai.core.metrics.stats.StatsDaoImpl 379 jedai-main WARNING Failed to replace stats in database name: PageLastVisitDate, index1: null, index2: null, timeRange: OVERALL
04-24 17:25:49.509 31955 32121 D StatsDataStore: 1745504749508 2025-04-24 17:25:49 com.anagog.jedai.core.metrics.stats.datastore.StatsDataStore 379 jedai-main FINE database updated for PageLastVisitDate stat, took: 6 ms isSucceed: true
04-24 17:25:49.509 31955 32121 D StatsCache: 1745504749509 2025-04-24 17:25:49 com.anagog.jedai.core.metrics.stats.datastore.StatsCache 379 jedai-main FINE set value to cache: StatsModel{mName='PageLastVisitDate', mIndex1='null', mIndex2='null', mTimeRange=OVERALL, mFrom=TomerRDate{mTomerRDate=20250424, mTimestamp=1745504747279}, mTo=TomerRDate{mTomerRDate=20371215, mTimestamp=2144448000000}, mTimestamp=1745504749496, mTimestampLocal=1745515549496, mStringValue='2025-04-24', mDecimalValue=null, mIntegerValue=null, mDataType=STRING, mStatus=2}
04-24 17:25:49.509 31955 32121 D StatsCache: 1745504749509 2025-04-24 17:25:49 com.anagog.jedai.core.metrics.stats.datastore.StatsCache 379 jedai-main FINE cache values: [3]
04-24 17:25:49.510 31955 32121 D StatsDataStore: 1745504749510 2025-04-24 17:25:49 com.anagog.jedai.core.metrics.stats.datastore.StatsDataStore 379 jedai-main FINE about to set stats in cache: PageLastVisit, USER_DEFINED_STRING, StatsValue{mType=USER_DEFINED_STRING, mStringValue='MainActivity', mDecimalValue=0.0, mIntegerValue=0}, null, null, null
04-24 17:25:49.511 31955 32121 D StatsDataStore: 1745504749510 2025-04-24 17:25:49 com.anagog.jedai.core.metrics.stats.datastore.StatsDataStore 379 jedai-main FINE about to get stat by query: PageLastVisit.overall
04-24 17:25:49.511 31955 32121 D StatsCache: 1745504749511 2025-04-24 17:25:49 com.anagog.jedai.core.metrics.stats.datastore.StatsCache 379 jedai-main FINE about to get stat by MsQuery: PageLastVisit.overall, stat: null
04-24 17:25:49.512 31955 32121 D StatsDataStore: 1745504749512 2025-04-24 17:25:49 com.anagog.jedai.core.metrics.stats.datastore.StatsDataStore 379 jedai-main FINE stats loaded from database: null
04-24 17:25:49.512 31955 32121 D StatsDataStore: 1745504749512 2025-04-24 17:25:49 com.anagog.jedai.core.metrics.stats.datastore.StatsDataStore 379 jedai-main FINE isStatUpdated oldStat: null, newStat: StatsModel{mName='PageLastVisit', mIndex1='null', mIndex2='null', mTimeRange=OVERALL, mFrom=TomerRDate{mTomerRDate=20250424, mTimestamp=1745504747279}, mTo=TomerRDate{mTomerRDate=20371215, mTimestamp=2144448000000}, mTimestamp=1745504749510, mTimestampLocal=1745515549510, mStringValue='MainActivity', mDecimalValue=null, mIntegerValue=null, mDataType=STRING, mStatus=2}, result: true
04-24 17:25:49.512 31955 32121 D StatsDataStore: 1745504749512 2025-04-24 17:25:49 com.anagog.jedai.core.metrics.stats.datastore.StatsDataStore 379 jedai-main FINE about to store model: StatsModel{mName='PageLastVisit', mIndex1='null', mIndex2='null', mTimeRange=OVERALL, mFrom=TomerRDate{mTomerRDate=20250424, mTimestamp=1745504747279}, mTo=TomerRDate{mTomerRDate=20371215, mTimestamp=2144448000000}, mTimestamp=1745504749510, mTimestampLocal=1745515549510, mStringValue='MainActivity', mDecimalValue=null, mIntegerValue=null, mDataType=STRING, mStatus=2}
04-24 17:25:49.515 31955 32121 W StatsDaoImpl: 1745504749515 2025-04-24 17:25:49 com.anagog.jedai.core.metrics.stats.StatsDaoImpl 379 jedai-main WARNING Failed to replace stats in database name: PageLastVisit, index1: null, index2: null, timeRange: OVERALL
04-24 17:25:49.515 31955 32121 D StatsDataStore: 1745504749515 2025-04-24 17:25:49 com.anagog.jedai.core.metrics.stats.datastore.StatsDataStore 379 jedai-main FINE database updated for PageLastVisit stat, took: 3 ms isSucceed: true
04-24 17:25:49.516 31955 32121 D StatsCache: 1745504749516 2025-04-24 17:25:49 com.anagog.jedai.core.metrics.stats.datastore.StatsCache 379 jedai-main FINE set value to cache: StatsModel{mName='PageLastVisit', mIndex1='null', mIndex2='null', mTimeRange=OVERALL, mFrom=TomerRDate{mTomerRDate=20250424, mTimestamp=1745504747279}, mTo=TomerRDate{mTomerRDate=20371215, mTimestamp=2144448000000}, mTimestamp=1745504749510, mTimestampLocal=1745515549510, mStringValue='MainActivity', mDecimalValue=null, mIntegerValue=null, mDataType=STRING, mStatus=2}
04-24 17:25:49.516 31955 32121 D StatsCache: 1745504749516 2025-04-24 17:25:49 com.anagog.jedai.core.metrics.stats.datastore.StatsCache 379 jedai-main FINE cache values: [4]
04-24 17:25:49.522 31955 32121 D EventManagerImpl: 1745504749522 2025-04-24 17:25:49 com.anagog.jedai.core.event.EventManagerImpl 379 jedai-main FINE About to send application event: ApplicationEvent(
04-24 17:25:49.522 31955 32121 D EventManagerImpl:     identifier='PageVisit', 
04-24 17:25:49.522 31955 32121 D EventManagerImpl:     textParameters={PageName=MainActivity}, 
04-24 17:25:49.522 31955 32121 D EventManagerImpl:     numericParameters={}, 
04-24 17:25:49.522 31955 32121 D EventManagerImpl:     booleanParameters={}, 
04-24 17:25:49.522 31955 32121 D EventManagerImpl:     locationParameters={},
04-24 17:25:49.522 31955 32121 D EventManagerImpl:     isInternal=true
04-24 17:25:49.522 31955 32121 D EventManagerImpl: ) 
04-24 17:25:49.526 31955 32121 I EventReporterProcessor: Event added to file: {"ReportTime":1745504749523,"SDKVersion":"4.49.0-appium-1-dirty","HostAppName":"com.anagog.jedai.jedaidemo","HostAppVersionName":"4.49.0-appium-1-dirty","APIKey":"89c4faa1e5082d9bae60892416354df6","DeviceModel":"sdk_gphone64_arm64","DeviceManufacturer":"Google","OSVersionNumber":34,"OSVersionName":"14","OSType":"Android","DataVersion":2,"ReportUserID":"nUxuuCLLecEDOL0N9v2i0QwhHjh2tCJH61532GEh0YY=","Event":{"Timestamp":"2025-04-24T17:25:49.522+0300","Type":"PageVisit","Name":"MainActivity","State":"Enter"}}
04-24 17:25:49.527 31955 32121 D JobsExecutor: 1745504749527 2025-04-24 17:25:49 com.anagog.jedai.core.scheduler.JobsExecutor 379 jedai-main FINE Job Tag = SendReport, ID = 1 executed with result RESCHEDULE
04-24 17:25:49.527 31955 32114 I MainActivity: SdkVersion: 4.49.0-appium-1-dirty
04-24 17:25:49.527 31955 32114 I ApiManagerImpl: 1745504749527 2025-04-24 17:25:49 com.anagog.jedai.anagog_api.executor.ApiManagerImpl 377 AnagogApiThread INFO AnagogActiveImpl::getVersion result 4.49.0-appium-1-dirty
04-24 17:25:49.528 31955 32114 I MainActivity: Success to updated app launch count:
04-24 17:25:49.529 31955 32121 D JobsExecutor: 1745504749527 2025-04-24 17:25:49 com.anagog.jedai.core.scheduler.JobsExecutor 379 jedai-main FINE Job Tag = SendReport, ID = 1 reschedule: failures=1, maxRetries=5, startAt=1,745,504,869,404
04-24 17:25:49.529 31955 32114 I ApiManagerImpl: 1745504749528 2025-04-24 17:25:49 com.anagog.jedai.anagog_api.executor.ApiManagerImpl 377 AnagogApiThread INFO AnagogActiveImpl::setUserDefinedDecimal result kotlin.Unit
04-24 17:25:49.533 31955 32121 D JobsStorage: 1745504749533 2025-04-24 17:25:49 com.anagog.jedai.core.scheduler.JobsStorage 379 jedai-main FINE updated 1 rows with {1} Tag from Job table
04-24 17:25:49.534 31955 32121 D ServiceStateProvider: 1745504749534 2025-04-24 17:25:49 com.anagog.jedai.core.service.ServiceStateProvider 379 jedai-main FINE FG service unSubscribe [operator-id::244409936] with [JedAIApiWrapper init]. 0 Listeners: {}
04-24 17:25:49.534 31955 32121 D JobsExecutor: 1745504749534 2025-04-24 17:25:49 com.anagog.jedai.core.scheduler.JobsExecutor 379 jedai-main FINE Job Tag = SendReport, ID = 1 executed with result RESCHEDULE
04-24 17:25:49.536 31955 32121 D JobsExecutor: 1745504749535 2025-04-24 17:25:49 com.anagog.jedai.core.scheduler.JobsExecutor 379 jedai-main FINE Job Tag = SendReport, ID = 1 reschedule: failures=2, maxRetries=5, startAt=1,745,504,989,404
04-24 17:25:49.540 31955 32121 D JobsStorage: 1745504749540 2025-04-24 17:25:49 com.anagog.jedai.core.scheduler.JobsStorage 379 jedai-main FINE updated 1 rows with {1} Tag from Job table
04-24 17:25:49.541 31955 32121 D JobsExecutor: 1745504749541 2025-04-24 17:25:49 com.anagog.jedai.core.scheduler.JobsExecutor 379 jedai-main FINE Job Tag = SendReport, ID = 1 executed with result RESCHEDULE
04-24 17:25:49.543 31955 32121 D JobsExecutor: 1745504749541 2025-04-24 17:25:49 com.anagog.jedai.core.scheduler.JobsExecutor 379 jedai-main FINE Job Tag = SendReport, ID = 1 reschedule: failures=3, maxRetries=5, startAt=1,745,505,229,404
04-24 17:25:49.546 31955 32121 D JobsStorage: 1745504749546 2025-04-24 17:25:49 com.anagog.jedai.core.scheduler.JobsStorage 379 jedai-main FINE updated 1 rows with {1} Tag from Job table
04-24 17:25:49.561 31955 32121 I FileStoreFactory: 1745504749560 2025-04-24 17:25:49 com.anagog.jedai.core.storage.file.FileStoreFactory 379 jedai-main INFO About to get a file: config.json
04-24 17:25:49.561 31955 32121 I RemoteConfigRepository: 1745504749561 2025-04-24 17:25:49 com.anagog.jedai.config.remote.RemoteConfigRepository 379 jedai-main INFO Stored new config: 
04-24 17:25:49.562 31955 32121 I RemoteConfigRepository: 1745504749562 2025-04-24 17:25:49 com.anagog.jedai.config.remote.RemoteConfigRepository 379 jedai-main INFO currentNetProviderResolution: NetProviderResolution(active=true, percentage=100, geoAware=true, url=https://api-jedai.anagog.com/poi/isp)
04-24 17:25:49.562 31955 32121 I RemoteConfigRepository: 1745504749562 2025-04-24 17:25:49 com.anagog.jedai.config.remote.RemoteConfigRepository 379 jedai-main INFO merged signal access: ControlAccess(signalsAccessInstalledApps=true, signalsAccessLocation=true, signalsAccessMotion=true, signalsAccessBluetooth=true, signalsAccessWifi=true, signalsAccessLan=true, signalsAccessTraceroute=true, signalAccessIPBasedExtIp=true, enableCampaigns=true, enableDownloadableModels=true, enableReports=true)
04-24 17:25:49.563 31955 32121 I RemoteConfigRepository: 1745504749562 2025-04-24 17:25:49 com.anagog.jedai.config.remote.RemoteConfigRepository 379 jedai-main INFO merged NetProviderResolution: NetProviderResolution(active=true, percentage=100, geoAware=false, url=https://stage-api-jedai.anagog.com/poi/isp)
04-24 17:25:49.563 31955 32121 I ConfigManagerImpl: 1745504749563 2025-04-24 17:25:49 com.anagog.jedai.core.config.ConfigManagerImpl 379 jedai-main INFO Config updated: 
04-24 17:25:49.563 31955 32121 I ConfigManagerImpl: JedAISDKRemoteConfig(metaData) = Metadata(version=2020-02-20 02:20, build=210, comment=remove exclude from MS and snapshot reports )
04-24 17:25:49.563 31955 32121 I ConfigManagerImpl: 1745504749563 2025-04-24 17:25:49 com.anagog.jedai.core.config.ConfigManagerImpl 379 jedai-main INFO isOperationalEnabled: config enable percentile 100, User PCT: 91
04-24 17:25:49.565 31955 32121 I INTEGRATION: INFO isOperationalEnabled: config enable percentile 100, User PCT: 91
04-24 17:25:49.569 31955 32121 I DeepMs  : 1745504749569 2025-04-24 17:25:49 com.anagog.jedai.extension.DeepMs 379 jedai-main INFO Sdk enabled and Deep not initialized - starting DeepMS
04-24 17:25:49.569 31955 32121 I JedAIApiWrapper: 1745504749569 2025-04-24 17:25:49 com.anagog.jedai.core.api.JedAIApiWrapper 379 jedai-main INFO onConfigUpdated: enabledInCohort: true, operationalPercentage: 100
04-24 17:25:49.569 31955 32121 I JedAIApiWrapper: 1745504749569 2025-04-24 17:25:49 com.anagog.jedai.core.api.JedAIApiWrapper 379 jedai-main INFO onConfigUpdated: SignalControlAccess: ControlAccess(signalsAccessInstalledApps=true, signalsAccessLocation=true, signalsAccessMotion=true, signalsAccessBluetooth=true, signalsAccessWifi=true, signalsAccessLan=true, signalsAccessTraceroute=true, signalAccessIPBasedExtIp=true, enableCampaigns=true, enableDownloadableModels=true, enableReports=true)
04-24 17:25:49.570 31955 32121 I JedAIApiWrapper: 1745504749569 2025-04-24 17:25:49 com.anagog.jedai.core.api.JedAIApiWrapper 379 jedai-main INFO startOrStopCrashHandler: crash report isActive = true
04-24 17:25:49.570 31955 32121 D ReportManager: 1745504749570 2025-04-24 17:25:49 com.anagog.jedai.core.reporter.ReportManager 379 jedai-main FINEST About to add scheduled report DailyUsageReportFactory
04-24 17:25:49.570 31955 32121 D ReportManager: 1745504749570 2025-04-24 17:25:49 com.anagog.jedai.core.reporter.ReportManager 379 jedai-main FINEST About to add scheduled report StatsIReportFactory
04-24 17:25:49.571 31955 32121 D ReportManager: 1745504749571 2025-04-24 17:25:49 com.anagog.jedai.core.reporter.ReportManager 379 jedai-main FINEST About to add scheduled report MicrosegmentsSnapshot
04-24 17:25:49.572 31955 32121 D ReportManager: 1745504749572 2025-04-24 17:25:49 com.anagog.jedai.core.reporter.ReportManager 379 jedai-main FINEST About to add scheduled report EventsReportFactory
04-24 17:25:49.572 31955 32121 D ReportManager: 1745504749572 2025-04-24 17:25:49 com.anagog.jedai.core.reporter.ReportManager 379 jedai-main FINEST About to add scheduled report DebugReportFactory
04-24 17:25:49.573 31955 32121 D ReportManager: 1745504749573 2025-04-24 17:25:49 com.anagog.jedai.core.reporter.ReportManager 379 jedai-main FINEST About to add scheduled report DailyUsageReportFactory
04-24 17:25:49.574 31955 32121 I VisitDetector: 1745504749574 2025-04-24 17:25:49 com.anagog.jedai.core.visit.VisitDetector 379 jedai-main INFO Activating optimized Fused (Passive Mode) locations with 60,000 milliseconds sample interval
04-24 17:25:49.575 31955 32121 D JedAITaskImpl: 1745504749575 2025-04-24 17:25:49 com.anagog.jedai.core.service.JedAITaskImpl 379 jedai-main FINE Task Visit Location Processing initialization.
04-24 17:25:49.580 31955 32121 D JobsExecutor: 1745504749580 2025-04-24 17:25:49 com.anagog.jedai.core.scheduler.JobsExecutor 379 jedai-main FINE Job Tag = GetConfigJob, ID = 3 executed with result SUCCESS
04-24 17:25:49.583 31955 32121 D JobsStorage: 1745504749582 2025-04-24 17:25:49 com.anagog.jedai.core.scheduler.JobsStorage 379 jedai-main FINE updated 1 rows with {1} Tag from Job table
04-24 17:25:49.584 31955 32121 I JedAITimer: 1745504749583 2025-04-24 17:25:49 com.anagog.jedai.core.timer.JedAITimer 379 jedai-main INFO Subscribed on timer with interval 60,000
04-24 17:25:49.585 31955 32121 I TimerManagerImpl: 1745504749585 2025-04-24 17:25:49 com.anagog.jedai.core.timer.TimerManagerImpl 379 jedai-main INFO Listener [FusedOptimizedLocationActivator] added to existing timer with interval 60,000, need to perform pulse
