--------- beginning of main
04-23 14:15:55.242 17477 17477 I jedai.jedaidemo: Late-enabling -Xcheck:jni
04-23 14:15:55.253 17477 17477 I jedai.jedaidemo: Using CollectorTypeCC GC.
04-23 14:15:55.291 17477 17477 D CompatibilityChangeReporter: Compat change id reported: 171979766; UID 10220; state: ENABLED
04-23 14:15:55.291 17477 17477 D CompatibilityChangeReporter: Compat change id reported: 242716250; UID 10220; state: ENABLED
04-23 14:15:55.304 17477 17477 D nativeloader: Configuring clns-6 for other apk /system/framework/org.apache.http.legacy.jar. target_sdk_version=34, uses_libraries=ALL, library_path=/data/app/~~S42ixdkdcU2ssbhXldnhXA==/com.anagog.jedai.jedaidemo-S9tb1T9yBLXTW1P-vCeihQ==/lib/arm64:/data/app/~~S42ixdkdcU2ssbhXldnhXA==/com.anagog.jedai.jedaidemo-S9tb1T9yBLXTW1P-vCeihQ==/base.apk!/lib/arm64-v8a, permitted_path=/data:/mnt/expand:/data/user/0/com.anagog.jedai.jedaidemo
04-23 14:15:55.304 17477 17477 D ApplicationLoaders: Returning zygote-cached class loader: /system_ext/framework/androidx.window.extensions.jar
04-23 14:15:55.304 17477 17477 D ApplicationLoaders: Returning zygote-cached class loader: /system_ext/framework/androidx.window.sidecar.jar
04-23 14:15:55.305 17477 17477 W ziparchive: Unable to open '/data/app/~~S42ixdkdcU2ssbhXldnhXA==/com.anagog.jedai.jedaidemo-S9tb1T9yBLXTW1P-vCeihQ==/base.dm': No such file or directory
04-23 14:15:55.305 17477 17477 W ziparchive: Unable to open '/data/app/~~S42ixdkdcU2ssbhXldnhXA==/com.anagog.jedai.jedaidemo-S9tb1T9yBLXTW1P-vCeihQ==/base.dm': No such file or directory
04-23 14:15:55.619 17477 17477 D nativeloader: Configuring clns-7 for other apk /data/app/~~S42ixdkdcU2ssbhXldnhXA==/com.anagog.jedai.jedaidemo-S9tb1T9yBLXTW1P-vCeihQ==/base.apk. target_sdk_version=34, uses_libraries=, library_path=/data/app/~~S42ixdkdcU2ssbhXldnhXA==/com.anagog.jedai.jedaidemo-S9tb1T9yBLXTW1P-vCeihQ==/lib/arm64:/data/app/~~S42ixdkdcU2ssbhXldnhXA==/com.anagog.jedai.jedaidemo-S9tb1T9yBLXTW1P-vCeihQ==/base.apk!/lib/arm64-v8a, permitted_path=/data:/mnt/expand:/data/user/0/com.anagog.jedai.jedaidemo
04-23 14:15:55.633 17477 17477 V GraphicsEnvironment: Currently set values for:
04-23 14:15:55.633 17477 17477 V GraphicsEnvironment:   angle_gl_driver_selection_pkgs=[]
04-23 14:15:55.633 17477 17477 V GraphicsEnvironment:   angle_gl_driver_selection_values=[]
04-23 14:15:55.634 17477 17477 V GraphicsEnvironment: ANGLE GameManagerService for com.anagog.jedai.jedaidemo: false
04-23 14:15:55.634 17477 17477 V GraphicsEnvironment: com.anagog.jedai.jedaidemo is not listed in per-application setting
04-23 14:15:55.634 17477 17477 V GraphicsEnvironment: Neither updatable production driver nor prerelease driver is supported.
04-23 14:15:55.653 17477 17477 I MultiDex: VM with version 2.1.0 has multidex support
04-23 14:15:55.653 17477 17477 I MultiDex: Installing application
04-23 14:15:55.653 17477 17477 I MultiDex: VM has multidex support, MultiDex support library is disabled.
04-23 14:15:55.658 17477 17477 D CompatibilityChangeReporter: Compat change id reported: 183155436; UID 10220; state: ENABLED
04-23 14:15:55.662 17477 17477 D SessionsDependencies: Dependency to CRASHLYTICS added.
04-23 14:15:55.665 17477 17477 I FirebaseApp: Device unlocked: initializing all Firebase APIs for app [DEFAULT]
04-23 14:15:55.667 17477 17477 D CompatibilityChangeReporter: Compat change id reported: 3400644; UID 10220; state: ENABLED
04-23 14:15:55.668 17477 17477 I FirebaseCrashlytics: Initializing Firebase Crashlytics 19.3.0 for com.anagog.jedai.jedaidemo
04-23 14:15:55.684 17477 17477 D SessionsDependencies: Subscriber CRASHLYTICS registered.
04-23 14:15:55.703 17477 17498 W jedai.jedaidemo: ClassLoaderContext classpath size mismatch. expected=13, found=0 (DLC[];PCL[base.apk*1605202515:base.apk!classes2.dex*1634128669:base.apk!classes3.dex*1402910042:base.apk!classes4.dex*2889712262:base.apk!classes5.dex*3565258791:base.apk!classes6.dex*2100716199:base.apk!classes7.dex*3334384629:base.apk!classes8.dex*3216706360:base.apk!classes9.dex*155153970:base.apk!classes10.dex*2994256785:base.apk!classes11.dex*2503147080:base.apk!classes12.dex*1086869963:base.apk!classes13.dex*27205189]{PCL[/system/framework/org.apache.http.legacy.jar*365604908]#PCL[/system/framework/com.android.media.remotedisplay.jar*2114713713]#PCL[/system/framework/com.android.location.provider.jar*3994156536]#PCL[/system_ext/framework/androidx.window.extensions.jar*3801209684]#PCL[/system_ext/framework/androidx.window.sidecar.jar*2709203797]#PCL[/system/framework/org.apache.http.legacy.jar*365604908]} | DLC[];PCL[])
04-23 14:15:55.705 17477 17498 I DynamiteModule: Considering local module com.google.android.gms.measurement.dynamite:127 and remote module com.google.android.gms.measurement.dynamite:141
04-23 14:15:55.705 17477 17498 I DynamiteModule: Selected remote version of com.google.android.gms.measurement.dynamite, version >= 141
04-23 14:15:55.705 17477 17498 V DynamiteModule: Dynamite loader version >= 2, using loadModule2NoCrashUtils
04-23 14:15:55.711 17477 17503 D CompatibilityChangeReporter: Compat change id reported: 247079863; UID 10220; state: ENABLED
04-23 14:15:55.715 17477 17498 W System  : ClassLoader referenced unknown path: 
04-23 14:15:55.716 17477 17503 D libcrashlytics: Initializing libcrashlytics version 3.2.0
04-23 14:15:55.716 17477 17498 D nativeloader: Configuring clns-8 for other apk . target_sdk_version=36, uses_libraries=, library_path=/data/app/~~kyIIm0w65u855VgEzLKx1w==/com.google.android.gms-Qw23WsZPQL06rznsGb_tdA==/lib/arm64:/data/app/~~kyIIm0w65u855VgEzLKx1w==/com.google.android.gms-Qw23WsZPQL06rznsGb_tdA==/base.apk!/lib/arm64-v8a, permitted_path=/data:/mnt/expand:/data/user/0/com.google.android.gms
04-23 14:15:55.719 17477 17477 D FirebaseSessions: Initializing Firebase Sessions SDK.
04-23 14:15:55.720 17477 17503 D libcrashlytics: Initializing native crash handling successful.
04-23 14:15:55.730 17477 17477 I FirebaseInitProvider: FirebaseApp initialization successful
04-23 14:15:55.731 17477 17505 D FirebaseSessions: No Sessions subscribers. Not listening to lifecycle events.
04-23 14:15:55.736 17477 17477 D WM-WrkMgrInitializer: Initializing WorkManager with default configuration.
04-23 14:15:55.745 17477 17509 I FirebaseCrashlytics: No version control information found
04-23 14:15:55.755 17477 17477 D WM-PackageManagerHelper: androidx.work.impl.background.systemjob.SystemJobService enabled
04-23 14:15:55.755 17477 17477 D WM-Schedulers: Created SystemJobScheduler and enabled SystemJobService
04-23 14:15:55.778 17477 17516 D CompatibilityChangeReporter: Compat change id reported: 160794467; UID 10220; state: ENABLED
04-23 14:15:55.779 17477 17498 W jedai.jedaidemo: ClassLoaderContext classpath size mismatch. expected=13, found=20 (DLC[];PCL[base.apk*1605202515:base.apk!classes2.dex*1634128669:base.apk!classes3.dex*1402910042:base.apk!classes4.dex*2889712262:base.apk!classes5.dex*3565258791:base.apk!classes6.dex*2100716199:base.apk!classes7.dex*3334384629:base.apk!classes8.dex*3216706360:base.apk!classes9.dex*155153970:base.apk!classes10.dex*2994256785:base.apk!classes11.dex*2503147080:base.apk!classes12.dex*1086869963:base.apk!classes13.dex*27205189]{PCL[/system/framework/org.apache.http.legacy.jar*365604908]#PCL[/system/framework/com.android.media.remotedisplay.jar*2114713713]#PCL[/system/framework/com.android.location.provider.jar*3994156536]#PCL[/system_ext/framework/androidx.window.extensions.jar*3801209684]#PCL[/system_ext/framework/androidx.window.sidecar.jar*2709203797]#PCL[/system/framework/org.apache.http.legacy.jar*365604908]} | DLC[];PCL[/data/app/~~S42ixdkdcU2ssbhXldnhXA==/com.anagog.jedai.jedaidemo-S9tb1T9yBLXTW1P-vCeihQ==/base.apk*1090543794:/data/app/~~S42ixdkdcU2ssbhXldnhXA==/com.anagog.jedai.jedaidemo-S9tb1T9yBLXTW1P-vCeihQ==/base.apk!classes2.dex*1735261902:/data/app/~~S42ixdkdcU2ssbhXldnhXA==/com.anagog.jedai.jedaidemo-S9tb1T9yBLXTW1P-vCeihQ==/base.apk!classes3.dex*639847054:/data/app/~~S42ixdkdcU2ssbhXldnhXA==/com.anagog.jedai.jedaidemo-S9tb1T9yBLXTW1P-vCeihQ==/base.apk!classes4.dex*1117794637:/data/app/~~S42ixdkdcU2ssbhXldnhXA==/com.anagog.jedai.jedaidemo-S9tb1T9yBLXTW1P-vCeihQ==/base.apk!classes5.dex*1216963457:/data/app/~~S42ixdkdcU2ssbhXldnhXA==/com.anagog.jedai.jedaidemo-S9tb1T9yBLXTW1P-vCeihQ==/base.apk!classes6.dex*1294428024:/data/app/~~S42ixdkdcU2ssbhXldnhXA==/com.anagog.jedai.jedaidemo-S9tb1T9yBLXTW1P-vCeihQ==/base.apk!classes7.dex*2133684057:/data/app/~~S42ixdkdcU2ssbhXldnhXA==/com.anagog.jedai.jedaidemo-S9tb1T9yBLXTW1P-vCeihQ==/base.apk!classes8.dex*1317232089:/data/app/~~S42ixdkdcU2ssbhXldnhXA==/com.anagog.jedai.jedaidemo-S9tb1T9yBLXTW1P-vCeihQ==/base.apk!classes9.dex*3283352446:/data/app/~~S42ixdkdcU2ssbhXldnhXA==/com.anagog.jedai.jedaidemo-S9tb1T9yBLXTW1P-vCeihQ==/base.apk!classes10.dex*2519563288:/data/app/~~S42ixdkdcU2ssbhXldnhXA==/com.anagog.jedai.jedaidemo-S9tb1T9yBLXTW1P-vCeihQ==/base.apk!classes11.dex*1244291721:/data/app/~~S42ixdkdcU2ssbhXldnhXA==/com.anagog.jedai.jedaidemo-S9tb1T9yBLXTW1P-vCeihQ==/base.apk!classes12.dex*3227211193:/data/app/~~S42ixdkdcU2ssbhXldnhXA==/com.anagog.jedai.jedaidemo-S9tb1T9yBLXTW1P-vCeihQ==/base.apk!classes13.dex*1774029797:/data/app/~~S42ixdkdcU2ssbhXldnhXA==/com.anagog.jedai.jedaidemo-S9tb1T9yBLXTW1P-vCeihQ==/base.apk!classes14.dex*402151403:/data/app/~~S42ixdkdcU2ssbhXldnhXA==/com.anagog.jedai.jedaidemo-S9tb1T9yBLXTW1P-vCeihQ==/base.apk!classes15.dex*4045606076:/data/app/~~S42ixdkdcU2ssbhXldnhXA==/com.anagog.jedai.jedaidemo-S9tb1T9yBLXTW1P-vCeihQ==/base.apk!classes16.dex*863242469:/data/app/~~S42ixdkdcU2ssbhXldnhXA==/com.anagog.jedai.jedaidemo-S9tb1T9yBLXTW1P-vCeihQ==/base.apk!classes17.dex*1665825634:/data/app/~~S42ixdkdcU2ssbhXldnhXA==/com.anagog.jedai.jedaidemo-S9tb1T9yBLXTW1P-vCeihQ==/base.apk!classes18.dex*793127431:/data/app/~~S42ixdkdcU2ssbhXldnhXA==/com.anagog.jedai.jedaidemo-S9tb1T9yBLXTW1P-vCeihQ==/base.apk!classes19.dex*1091292528:/data/app/~~S42ixdkdcU2ssbhXldnhXA==/com.anagog.jedai.jedaidemo-S9tb1T9yBLXTW1P-vCeihQ==/base.apk!classes20.dex*4262864075]{PCL[/system/framework/org.apache.http.legacy.jar*365604908]#PCL[/system_ext/framework/androidx.window.extensions.jar*3801209684]#PCL[/system_ext/framework/androidx.window.sidecar.jar*2709203797]})
04-23 14:15:55.780 17477 17513 D TrafficStats: tagSocket(80) with statsTag=0x8001, statsUid=-1
04-23 14:15:55.785 17477 17477 I SignalAccessHelper: signalAccessBuffer: AnagogConfig(notificationChannelId=null, enableAudienceAnalytics=true, jedaiAutoEnabled=false, remoteNotificationEnabled=false, vehicleHighAccuracy=false, inVehicleLocationRateSec=30, signalsAccessLocation=true, signalsAccessBluetooth=true, signalsAccessInstalledApps=true, signalsAccessMotion=true, signalsAccessWifi=true, signalsAccessLan=true, signalsAccessTraceroute=true, netProviderResolution=true, netProviderGeoAwareResolution=false, netProviderUrl=https://stage-api-jedai.anagog.com/poi/isp, enableCampaigns=true, enableDownloadableModels=true, enableReports=true, configurePoi=true, enableInternalLog=true, clientName=com.anagog.jedai.jedaidemo, reportBaseUrl=https://stage-api-jedai.anagog.com/reports/, manifestUrl=https://anagog-jedai-jema-repo.s3.amazonaws.com, remoteConfigUrl=https://stage-api-jedai.anagog.com/config/consume, usageReportUrl=null, poiUrl=https://stage-api-jedai.anagog.com/poi, pnsUrl=https://dev-pns.anagog.com/)
04-23 14:15:55.792 17477 17477 I JedaiSdkStarterImpl: setup with config: AnagogConfig(notificationChannelId=null, enableAudienceAnalytics=true, jedaiAutoEnabled=false, remoteNotificationEnabled=false, vehicleHighAccuracy=false, inVehicleLocationRateSec=30, signalsAccessLocation=true, signalsAccessBluetooth=true, signalsAccessInstalledApps=true, signalsAccessMotion=true, signalsAccessWifi=true, signalsAccessLan=true, signalsAccessTraceroute=true, netProviderResolution=true, netProviderGeoAwareResolution=false, netProviderUrl=https://stage-api-jedai.anagog.com/poi/isp, enableCampaigns=true, enableDownloadableModels=true, enableReports=true, configurePoi=true, enableInternalLog=true, clientName=com.anagog.jedai.jedaidemo, reportBaseUrl=https://stage-api-jedai.anagog.com/reports/, manifestUrl=https://anagog-jedai-jema-repo.s3.amazonaws.com, remoteConfigUrl=https://stage-api-jedai.anagog.com/config/consume, usageReportUrl=null, poiUrl=https://stage-api-jedai.anagog.com/poi, pnsUrl=https://dev-pns.anagog.com/)
04-23 14:15:55.793 17477 17524 W dAIApiWrapperThreadSafe: JedAI Wrapper ThreadSafe: Jedai-Main thread runnable is null, locking the caller thread.
04-23 14:15:55.793 17477 17477 I JedaiSdkStarterImpl: initJedaiUi: notification channel: jedaidemo_EdgeChannel
04-23 14:15:55.797 17477 17477 I iNotificationHelperImpl: setService: notificationChannelId: jedaidemo_EdgeChannel
04-23 14:15:55.798 17477 17477 W JedaiSdkStarterImpl: Anagog SDK not enabled, cancel SDK start
04-23 14:15:55.802 17477 17477 I XXX-App : onCreate
04-23 14:15:55.805 17477 17477 I CustomApplication: Registering to BestMoment event!
04-23 14:15:55.807 17477 17477 I CustomApplication: saveNotificationDataForBestMoment: success: false
04-23 14:15:55.810 17477 17477 D JedAI   : 1745406955808 2025-04-23 14:15:55 com.anagog.jedai.core.api.JedAI 2 main FINE JedAI API: initIfNeeded does actual init
04-23 14:15:55.811 17477 17526 I JedAIApiWrapperThreadSafe: 1745406955805 2025-04-23 14:15:55 com.anagog.jedai.core.api.JedAIApiWrapperThreadSafe 89 jedai-main INFO JedAI initialization started on a Thread[jedai-main]; apiKey: 89c4faa1e5082d9bae60892416354df6
04-23 14:15:55.813 17477 17526 I Integration: Welcome to JedAI
04-23 14:15:55.813 17477 17526 I JedAIApiWrapperThreadSafe: 1745406955813 2025-04-23 14:15:55 com.anagog.jedai.core.api.JedAIApiWrapperThreadSafe 89 jedai-main INFO Inner init inside runnable
04-23 14:15:55.824 17477 17527 E jedai.jedaidemo: No package ID 76 found for resource ID 0x760b000f.
04-23 14:15:55.824 17477 17527 I FA      : App measurement initialized, version: 119000
04-23 14:15:55.824 17477 17527 I FA      : To enable debug logging run: adb shell setprop log.tag.FA VERBOSE
04-23 14:15:55.824 17477 17527 I FA      : To enable faster debug mode event logging run:
04-23 14:15:55.824 17477 17527 I FA      :   adb shell setprop debug.firebase.analytics.app com.anagog.jedai.jedaidemo
04-23 14:15:55.836 17477 17531 D libEGL  : loaded /vendor/lib64/egl/libEGL_emulation.so
04-23 14:15:55.836 17477 17477 D AppCompatDelegate: Checking for metadata for AppLocalesMetadataHolderService : Service not found
04-23 14:15:55.838 17477 17531 D libEGL  : loaded /vendor/lib64/egl/libGLESv1_CM_emulation.so
04-23 14:15:55.841 17477 17531 D libEGL  : loaded /vendor/lib64/egl/libGLESv2_emulation.so
04-23 14:15:55.870 17477 17477 D CompatibilityChangeReporter: Compat change id reported: 171228096; UID 10220; state: ENABLED
04-23 14:15:55.874 17477 17477 D CompatibilityChangeReporter: Compat change id reported: 210923482; UID 10220; state: ENABLED
04-23 14:15:55.876 17477 17526 I TimerManagerImpl: 1745406955875 2025-04-23 14:15:55 com.anagog.jedai.core.timer.TimerManagerImpl 89 jedai-main INFO About to subscribe on timer with interval 60,000 by [Job Scheduler]
04-23 14:15:55.880 17477 17526 I FileStoreFactory: 1745406955880 2025-04-23 14:15:55 com.anagog.jedai.core.storage.file.FileStoreFactory 89 jedai-main INFO About to get a file: config.json
04-23 14:15:55.881 17477 17526 I RemoteConfigRepository: 1745406955881 2025-04-23 14:15:55 com.anagog.jedai.config.remote.RemoteConfigRepository 89 jedai-main INFO No stored config. Using defaults
04-23 14:15:55.888 17477 17527 I FA      : Tag Manager is not found and thus will not be used
04-23 14:15:55.893 17477 17526 E JobsExecutor: 1745406955893 2025-04-23 14:15:55 com.anagog.jedai.core.scheduler.JobsExecutor 89 jedai-main SEVERE Pulse failed. The job factory wasn't initialized!
04-23 14:15:55.895 17477 17526 I AnagogJobScheduler: 1745406955893 2025-04-23 14:15:55 com.anagog.jedai.core.scheduler.AnagogJobScheduler 89 jedai-main INFO Created a new job: tag=SendReport, id=1, interval=0, conditions=0
04-23 14:15:55.900 17477 17526 D JedAIApiWrapperThreadSafe: 1745406955900 2025-04-23 14:15:55 com.anagog.jedai.core.api.JedAIApiWrapperThreadSafe 89 jedai-main FINE Explicitly start FG service and subscribe to it for SDK init  onThread[jedai-main];
04-23 14:15:55.905 17477 17526 D JedAIApiWrapperThreadSafe: 1745406955904 2025-04-23 14:15:55 com.anagog.jedai.core.api.JedAIApiWrapperThreadSafe 89 jedai-main FINE Android version is 34 and SCHEDULE_EXACT_PERMISSION is denied. Starting FG Service in always on mode.
04-23 14:15:55.905 17477 17526 I ForegroundServiceManager: 1745406955905 2025-04-23 14:15:55 com.anagog.jedai.core.service.ForegroundServiceManager 89 jedai-main INFO Always foreground mode on. Starting.
04-23 14:15:55.906 17477 17526 W ServiceStateOperator: 1745406955906 2025-04-23 14:15:55 com.anagog.jedai.core.service.ServiceStateOperator 89 jedai-main WARNING FG service is unavailable [operator-id::171987595]
04-23 14:15:55.906 17477 17526 D ServiceStateProvider: 1745406955906 2025-04-23 14:15:55 com.anagog.jedai.core.service.ServiceStateProvider 89 jedai-main FINE About to post FG service doCallback with Unavailable
04-23 14:15:55.908 17477 17526 I JedAIApiWrapperThreadSafe: 1745406955908 2025-04-23 14:15:55 com.anagog.jedai.core.api.JedAIApiWrapperThreadSafe 89 jedai-main INFO User report id is: aDhKguJ6wW55k/zRnRSGJ6OxZKlDitYI9mxBCiVfpZE=
04-23 14:15:55.910 17477 17526 I RemoteConfigRepository: 1745406955910 2025-04-23 14:15:55 com.anagog.jedai.config.remote.RemoteConfigRepository 89 jedai-main INFO currentNetProviderResolution: NetProviderResolution(active=false, percentage=0, geoAware=false, url=https://api-jedai.anagog.com/poi/isp)
04-23 14:15:55.911 17477 17526 I RemoteConfigRepository: 1745406955911 2025-04-23 14:15:55 com.anagog.jedai.config.remote.RemoteConfigRepository 89 jedai-main INFO merged signal access: ControlAccess(signalsAccessInstalledApps=true, signalsAccessLocation=true, signalsAccessMotion=true, signalsAccessBluetooth=true, signalsAccessWifi=true, signalsAccessLan=true, signalsAccessTraceroute=true, signalAccessIPBasedExtIp=true, enableCampaigns=true, enableDownloadableModels=true, enableReports=true)
04-23 14:15:55.911 17477 17526 I RemoteConfigRepository: 1745406955911 2025-04-23 14:15:55 com.anagog.jedai.config.remote.RemoteConfigRepository 89 jedai-main INFO merged NetProviderResolution: NetProviderResolution(active=false, percentage=0, geoAware=false, url=https://stage-api-jedai.anagog.com/poi/isp)
04-23 14:15:55.911 17477 17526 I JedAIApiWrapperThreadSafe: 1745406955911 2025-04-23 14:15:55 com.anagog.jedai.core.api.JedAIApiWrapperThreadSafe 89 jedai-main INFO JedAI initialization completed onThread[jedai-main];
04-23 14:15:55.919 17477 17477 W jedai.jedaidemo: Accessing hidden method Landroid/view/ViewGroup;->makeOptionalFitsSystemWindows()V (unsupported, reflection, allowed)
04-23 14:15:55.924 17477 17477 I ApiManagerImpl: 1745406955924 2025-04-23 14:15:55 com.anagog.jedai.anagog_api.executor.ApiManagerImpl 2 main INFO runAsyncSafe, SDK not running yet, enqueue pending operation AnagogActiveImpl::enterPage till it will start to run
04-23 14:15:55.924 17477 17477 I ApiManagerImpl: 1745406955924 2025-04-23 14:15:55 com.anagog.jedai.anagog_api.executor.ApiManagerImpl 2 main INFO enqueuePendingOperation: There are 1 enqueued pending operation
04-23 14:15:55.924 17477 17477 I AnagogApi: 1745406955924 2025-04-23 14:15:55 com.anagog.jedai.anagog_api.AnagogApi 2 main INFO getVersion:
04-23 14:15:55.925 17477 17477 I ApiManagerImpl: 1745406955925 2025-04-23 14:15:55 com.anagog.jedai.anagog_api.executor.ApiManagerImpl 2 main INFO runAsyncSafe, SDK not running yet, enqueue pending operation AnagogActiveImpl::getVersion till it will start to run
04-23 14:15:55.925 17477 17477 I ApiManagerImpl: 1745406955925 2025-04-23 14:15:55 com.anagog.jedai.anagog_api.executor.ApiManagerImpl 2 main INFO enqueuePendingOperation: There are 2 enqueued pending operation
04-23 14:15:55.928 17477 17477 I MainActivity: PlaybackExtra: null
04-23 14:15:55.929 17477 17545 I AnagogApi: 1745406955928 2025-04-23 14:15:55 com.anagog.jedai.anagog_api.AnagogApi 106 DefaultDispatcher-worker-1 INFO setUserDefinedDecimal: DecimalValueTest value: 4.0
04-23 14:15:55.929 17477 17545 I ApiManagerImpl: 1745406955929 2025-04-23 14:15:55 com.anagog.jedai.anagog_api.executor.ApiManagerImpl 106 DefaultDispatcher-worker-1 INFO runAsyncSafe, SDK not running yet, enqueue pending operation AnagogActiveImpl::setUserDefinedDecimal till it will start to run
04-23 14:15:55.930 17477 17477 I UiLifeCycleListener: onActivityForeground: com.anagog.jedai.jedaidemo.MainActivity@85c0ed1
04-23 14:15:55.930 17477 17545 I ApiManagerImpl: 1745406955930 2025-04-23 14:15:55 com.anagog.jedai.anagog_api.executor.ApiManagerImpl 106 DefaultDispatcher-worker-1 INFO enqueuePendingOperation: There are 3 enqueued pending operation
04-23 14:15:55.931 17477 17545 I AnagogApi: 1745406955931 2025-04-23 14:15:55 com.anagog.jedai.anagog_api.AnagogApi 106 DefaultDispatcher-worker-1 INFO getUserDefinedInteger: AppLaunchesCount 
04-23 14:15:55.932 17477 17545 I ApiManagerImpl: 1745406955932 2025-04-23 14:15:55 com.anagog.jedai.anagog_api.executor.ApiManagerImpl 106 DefaultDispatcher-worker-1 INFO runAsyncSafe, SDK not running yet, enqueue pending operation AnagogActiveImpl::getUserDefinedInteger till it will start to run
04-23 14:15:55.933 17477 17545 I ApiManagerImpl: 1745406955933 2025-04-23 14:15:55 com.anagog.jedai.anagog_api.executor.ApiManagerImpl 106 DefaultDispatcher-worker-1 INFO enqueuePendingOperation: There are 4 enqueued pending operation
04-23 14:15:55.938 17477 17526 D JedAIJemaWrapper: 1745406955937 2025-04-23 14:15:55 com.anagog.jedai.jema.JedAIJemaWrapper 89 jedai-main FINE about to init jema
04-23 14:15:55.939 17477 17526 I TimerManagerImpl: 1745406955938 2025-04-23 14:15:55 com.anagog.jedai.core.timer.TimerManagerImpl 89 jedai-main INFO Need to create a new timer with interval 60,000 and start if need
04-23 14:15:55.941 17477 17526 I JedAITimer: 1745406955940 2025-04-23 14:15:55 com.anagog.jedai.core.timer.JedAITimer 89 jedai-main INFO Subscribed on timer with interval 60,000
04-23 14:15:55.942 17477 17526 I TimerManagerImpl: 1745406955942 2025-04-23 14:15:55 com.anagog.jedai.core.timer.TimerManagerImpl 89 jedai-main INFO Subscribed on timer with interval 60,000 by [Job Scheduler]
04-23 14:15:55.943 17477 17526 I TimerManagerImpl: 1745406955943 2025-04-23 14:15:55 com.anagog.jedai.core.timer.TimerManagerImpl 89 jedai-main INFO There are 1 working: [com.anagog.jedai.core.recorder.timer.JedAIRecordingTimer@f4d6fc3]
04-23 14:15:55.945 17477 17477 I AnagogApi: obtainEventStream:
04-23 14:15:55.946 17477 17477 I AnagogApi: 1745406955945 2025-04-23 14:15:55 com.anagog.jedai.anagog_api.AnagogApi 2 main INFO obtainEventStream:
04-23 14:15:55.948 17477 17477 I FacadeEventEmitterImpl: 1745406955948 2025-04-23 14:15:55 com.anagog.jedai.anagog_api.event_emitter.FacadeEventEmitterImpl 2 main INFO setMessageListener: 
04-23 14:15:55.949 17477 17477 I FacadeEventEmitterImpl: 1745406955949 2025-04-23 14:15:55 com.anagog.jedai.anagog_api.event_emitter.FacadeEventEmitterImpl 2 main INFO setMessageListener: com.anagog.jedai.jedaidemo.MainActivity$$ExternalSyntheticLambda0@a001635 there are 1 listeners
04-23 14:15:55.951 17477 17477 I FacadeEventEmitterImpl: 1745406955950 2025-04-23 14:15:55 com.anagog.jedai.anagog_api.event_emitter.FacadeEventEmitterImpl 2 main INFO emitEvent: com.anagog.jedai.anagog_api.model.Message$OnSdkStatusChanged@2cb143b
04-23 14:15:55.952 17477 17477 I FacadeEventEmitterImpl: 1745406955951 2025-04-23 14:15:55 com.anagog.jedai.anagog_api.event_emitter.FacadeEventEmitterImpl 2 main INFO notifySubscribers: There are 1 subscribers
04-23 14:15:55.955 17477 17477 D CompatibilityChangeReporter: Compat change id reported: 237531167; UID 10220; state: DISABLED
04-23 14:15:55.955 17477 17526 D JedAITaskImpl: 1745406955955 2025-04-23 14:15:55 com.anagog.jedai.core.service.JedAITaskImpl 89 jedai-main FINE Task Aggregation Processing initialization.
04-23 14:15:55.956 17477 17477 W OpenGLRenderer: Unknown dataspace 0
04-23 14:15:55.964 17477 17526 D StatsDataStore: 1745406955964 2025-04-23 14:15:55 com.anagog.jedai.core.metrics.stats.datastore.StatsDataStore 89 jedai-main FINE processCache cacheSize: 0
04-23 14:15:55.982 17477 17526 I JedAIDBOpenHelper: 1745406955982 2025-04-23 14:15:55 com.anagog.jedai.core.repository.JedAIDBOpenHelper 89 jedai-main INFO onCreate: 
04-23 14:15:55.983 17477 17526 I JedAIDBOpenHelper: 1745406955983 2025-04-23 14:15:55 com.anagog.jedai.core.repository.JedAIDBOpenHelper 89 jedai-main INFO About to load internal metrics from file 
04-23 14:15:56.022 17477 17529 W OpenGLRenderer: Failed to choose config with EGL_SWAP_BEHAVIOR_PRESERVED, retrying without...
04-23 14:15:56.022 17477 17529 W OpenGLRenderer: Failed to initialize 101010-2 format, error = EGL_SUCCESS
04-23 14:15:56.029 17477 17526 I JedAIDBOpenHelper: 1745406956029 2025-04-23 14:15:56 com.anagog.jedai.core.repository.JedAIDBOpenHelper 89 jedai-main INFO onOpen: dbVersion: 77
04-23 14:15:56.029 17477 17526 I JedAIDBOpenHelper: 1745406956029 2025-04-23 14:15:56 com.anagog.jedai.core.repository.JedAIDBOpenHelper 89 jedai-main INFO onOpen: is db opened: true
04-23 14:15:56.030 17477 17526 D StatsCache: 1745406956030 2025-04-23 14:15:56 com.anagog.jedai.core.metrics.stats.datastore.StatsCache 89 jedai-main FINE cache size: 0
04-23 14:15:56.030 17477 17526 D StatsCache: 1745406956030 2025-04-23 14:15:56 com.anagog.jedai.core.metrics.stats.datastore.StatsCache 89 jedai-main FINE cache values: [[]]
04-23 14:15:56.040 17477 17529 I Gralloc4: mapper 4.x is not supported
04-23 14:15:56.047 17477 17529 E OpenGLRenderer: Unable to match the desired swap behavior.
04-23 14:15:56.052 17477 17526 D RideDetectionUtil: 1745406956052 2025-04-23 14:15:56 com.anagog.jedai.core.activity.driving.RideDetectionUtil 89 jedai-main FINE Ride Detection inputs loaded: RideDetectionInputsModel{mGPSSpeed=0.0, mNetworkSpeed=0.0, mFusedSpeed=0.0, mSpeedInVehicleConfidence=0.0, mIsCarBtConnectionEvent=false, mIsCarBtConnected=false, mGoogleActivityType=4, mStepsCounter=0}
04-23 14:15:56.054 17477 17526 D RideDetectionUtil: 1745406956054 2025-04-23 14:15:56 com.anagog.jedai.core.activity.driving.RideDetectionUtil 89 jedai-main FINE Ride Detection internal model loaded: RideDetectionInternalModel{, mLastSteps=-1, mLastStepsTimestamp=0, mStepsCounterForRideEndTimestamp=0, mStepsAboveThresholdForRideEndTimestamp=0, mConfidenceWeAreInAnyVehicle=0, mConfidenceWeAreInACar=0, mStartRideLocationId=-1, mStartRideTimestamp=0, mStartRideLocation=null, mEndRideLocationId=-1, mEndRideTimestamp=-1, mEndRideLocation=null, mLastRideValidationLocationId=-1, mLastRideValidationTimestamp=0, mLastRideValidationLocation=null, mStepsThresholdForRideEndReached=false, mStepsAboveThresholdForRideStartTimestamp=0, mStepsAboveThresholdForRideStartValue=0, mExtraState=null}
04-23 14:15:56.055 17477 17526 D RideDetectionUtil: 1745406956054 2025-04-23 14:15:56 com.anagog.jedai.core.activity.driving.RideDetectionUtil 89 jedai-main FINE Ride Detection current ride state loaded: 0
04-23 14:15:56.058 17477 17526 I ActivityArbiter: 1745406956058 2025-04-23 14:15:56 com.anagog.jedai.core.activity.ActivityArbiter 89 jedai-main INFO About to restore detectors: 
04-23 14:15:56.064 17477 17526 D JedAITaskImpl: 1745406956064 2025-04-23 14:15:56 com.anagog.jedai.core.service.JedAITaskImpl 89 jedai-main FINE Task Geofence Location Processing initialization.
04-23 14:15:56.078 17477 17477 I MainActivity: onNewMessage: OnSdkStatusChanged status -> DISABLED
04-23 14:15:56.079 17477 17477 W System.err: java.lang.NoSuchFieldException: No field mActionMenuPresenter in class Landroid/widget/Toolbar; (declaration of 'android.widget.Toolbar' appears in /system/framework/framework.jar!classes4.dex)
04-23 14:15:56.079 17477 17477 W System.err: 	at java.lang.Class.getDeclaredField(Native Method)
04-23 14:15:56.079 17477 17477 W System.err: 	at com.anagog.jedai.jedaidemo.MainActivity.onCreate$lambda$1(MainActivity.kt:155)
04-23 14:15:56.079 17477 17477 W System.err: 	at com.anagog.jedai.jedaidemo.MainActivity.$r8$lambda$_hnltn3OnPJYArSpfbKg9NeS1rs(Unknown Source:0)
04-23 14:15:56.079 17477 17477 W System.err: 	at com.anagog.jedai.jedaidemo.MainActivity$$ExternalSyntheticLambda12.run(D8$$SyntheticClass:0)
04-23 14:15:56.079 17477 17477 W System.err: 	at android.os.Handler.handleCallback(Handler.java:958)
04-23 14:15:56.079 17477 17477 W System.err: 	at android.os.Handler.dispatchMessage(Handler.java:99)
04-23 14:15:56.079 17477 17477 W System.err: 	at android.os.Looper.loopOnce(Looper.java:205)
04-23 14:15:56.079 17477 17477 W System.err: 	at android.os.Looper.loop(Looper.java:294)
04-23 14:15:56.079 17477 17477 W System.err: 	at android.app.ActivityThread.main(ActivityThread.java:8177)
04-23 14:15:56.079 17477 17477 W System.err: 	at java.lang.reflect.Method.invoke(Native Method)
04-23 14:15:56.080 17477 17477 W System.err: 	at com.android.internal.os.RuntimeInit$MethodAndArgsCaller.run(RuntimeInit.java:552)
04-23 14:15:56.080 17477 17477 W System.err: 	at com.android.internal.os.ZygoteInit.main(ZygoteInit.java:971)
04-23 14:15:56.088 17477 17526 I JedAIApiWrapper: 1745406956088 2025-04-23 14:15:56 com.anagog.jedai.core.api.JedAIApiWrapper 89 jedai-main INFO JedAIApiWrapper created. Version = 4.49.0-appium-1-dirty
04-23 14:15:56.089 17477 17526 I JedaiSdkStarterImpl: 1745406956089 2025-04-23 14:15:56 com.anagog.jedai.anagog_api.sdk_wrapper.JedaiSdkStarterImpl 89 jedai-main INFO onSdkStateChanged: DISABLED
04-23 14:15:56.089 17477 17526 I SdkStateHolderImpl: 1745406956089 2025-04-23 14:15:56 com.anagog.jedai.anagog_api.sdk_state_holder.SdkStateHolderImpl 89 jedai-main INFO onRemoteConfigUpdated DISABLED
04-23 14:15:56.089 17477 17526 I FacadeEventEmitterImpl: 1745406956089 2025-04-23 14:15:56 com.anagog.jedai.anagog_api.event_emitter.FacadeEventEmitterImpl 89 jedai-main INFO emitEvent: com.anagog.jedai.anagog_api.model.Message$OnSdkStatusChanged@cb63fb0
04-23 14:15:56.090 17477 17526 I FacadeEventEmitterImpl: 1745406956090 2025-04-23 14:15:56 com.anagog.jedai.anagog_api.event_emitter.FacadeEventEmitterImpl 89 jedai-main INFO notifySubscribers: There are 1 subscribers
04-23 14:15:56.090 17477 17524 I JedaiSdkStarterImpl: 1745406956090 2025-04-23 14:15:56 com.anagog.jedai.anagog_api.sdk_wrapper.JedaiSdkStarterImpl 88 AnagogApiThread INFO addSdkStateChangeListener: added: true
04-23 14:15:56.095 17477 17477 I MainActivity: onNewMessage: OnSdkStatusChanged status -> DISABLED
04-23 14:15:57.622 17477 17529 D EGL_emulation: app_time_stats: avg=130.48ms min=2.74ms max=1376.47ms count=11
04-23 14:15:57.741 17477 17529 E OpenGLRenderer: Unable to match the desired swap behavior.
04-23 14:15:58.814 17477 17529 D EGL_emulation: app_time_stats: avg=38.86ms min=10.09ms max=602.67ms count=26
04-23 14:15:59.814 17477 17529 D EGL_emulation: app_time_stats: avg=16.67ms min=13.92ms max=19.17ms count=60
04-23 14:16:00.814 17477 17529 D EGL_emulation: app_time_stats: avg=16.94ms min=14.16ms max=28.69ms count=59
04-23 14:16:01.454 17477 17477 I AnagogApi: enableJedAI:
04-23 14:16:01.454 17477 17477 I PluginPreferences: setBoolean: key sdk_enabled, value: true
04-23 14:16:01.455 17477 17477 I JedaiSdkStarterImpl: 1745406961455 2025-04-23 14:16:01 com.anagog.jedai.anagog_api.sdk_wrapper.JedaiSdkStarterImpl 2 main INFO setup with config: AnagogConfig(notificationChannelId=null, enableAudienceAnalytics=true, jedaiAutoEnabled=false, remoteNotificationEnabled=false, vehicleHighAccuracy=false, inVehicleLocationRateSec=30, signalsAccessLocation=true, signalsAccessBluetooth=true, signalsAccessInstalledApps=true, signalsAccessMotion=true, signalsAccessWifi=true, signalsAccessLan=true, signalsAccessTraceroute=true, netProviderResolution=true, netProviderGeoAwareResolution=false, netProviderUrl=https://stage-api-jedai.anagog.com/poi/isp, enableCampaigns=true, enableDownloadableModels=true, enableReports=true, configurePoi=true, enableInternalLog=true, clientName=com.anagog.jedai.jedaidemo, reportBaseUrl=https://stage-api-jedai.anagog.com/reports/, manifestUrl=https://anagog-jedai-jema-repo.s3.amazonaws.com, remoteConfigUrl=https://stage-api-jedai.anagog.com/config/consume, usageReportUrl=null, poiUrl=https://stage-api-jedai.anagog.com/poi, pnsUrl=https://dev-pns.anagog.com/)
04-23 14:16:01.456 17477 17477 D JedaiSdkStarterImpl: 1745406961456 2025-04-23 14:16:01 com.anagog.jedai.anagog_api.sdk_wrapper.JedaiSdkStarterImpl 2 main FINE startJema: setConfig client name: com.anagog.jedai.jedaidemo, reportBaseUrl: https://stage-api-jedai.anagog.com/reports/, manifestUrl: https://anagog-jedai-jema-repo.s3.amazonaws.com
04-23 14:16:01.456 17477 17477 D JedaiSdkStarterImpl: 1745406961456 2025-04-23 14:16:01 com.anagog.jedai.anagog_api.sdk_wrapper.JedaiSdkStarterImpl 2 main FINE initJedaiUi: 
04-23 14:16:01.456 17477 17477 I JedaiSdkStarterImpl: 1745406961456 2025-04-23 14:16:01 com.anagog.jedai.anagog_api.sdk_wrapper.JedaiSdkStarterImpl 2 main INFO initJedaiUi: notification channel: jedaidemo_EdgeChannel
04-23 14:16:01.458 17477 17526 D JedAIJemaWrapper: 1745406961458 2025-04-23 14:16:01 com.anagog.jedai.jema.JedAIJemaWrapper 89 jedai-main FINE about to init jema
04-23 14:16:01.461 17477 17477 I JedaiSdkStarterImpl: 1745406961461 2025-04-23 14:16:01 com.anagog.jedai.anagog_api.sdk_wrapper.JedaiSdkStarterImpl 2 main INFO library loaded
04-23 14:16:01.461 17477 17477 D JedaiSdkStarterImpl: 1745406961461 2025-04-23 14:16:01 com.anagog.jedai.anagog_api.sdk_wrapper.JedaiSdkStarterImpl 2 main FINE Unsubscribed from push notifications
04-23 14:16:01.461 17477 17526 I PnsRegistrar: 1745406961461 2025-04-23 14:16:01 com.anagog.jedai.core.pns.PnsRegistrar 89 jedai-main INFO Unsubscribing from topic jedai_com.anagog.jedai.jedaidemo_89c4faa1e5082d9bae60892416354df6
04-23 14:16:01.461 17477 17477 I JedaiSdkStarterImpl: Setting usage report base url: https://stage-api-jedai.anagog.com/reports/usage/periodical
04-23 14:16:01.462 17477 17526 I ConfigManagerImpl: 1745406961462 2025-04-23 14:16:01 com.anagog.jedai.core.config.ConfigManagerImpl 89 jedai-main INFO Config updated: 
04-23 14:16:01.462 17477 17526 I ConfigManagerImpl: JedAISDKRemoteConfig(metaData) = Metadata(version=2020-02-20 02:20, build=0, comment=Comment about this build)
04-23 14:16:01.462 17477 17477 I JedaiSdkStarterImpl: 1745406961462 2025-04-23 14:16:01 com.anagog.jedai.anagog_api.sdk_wrapper.JedaiSdkStarterImpl 2 main INFO Configuring poi
04-23 14:16:01.463 17477 17477 D JedAI   : 1745406961463 2025-04-23 14:16:01 com.anagog.jedai.core.api.JedAI 2 main FINE JedAI API: start
04-23 14:16:01.463 17477 17526 I ConfigManagerImpl: 1745406961463 2025-04-23 14:16:01 com.anagog.jedai.core.config.ConfigManagerImpl 89 jedai-main INFO isOperationalEnabled: config enable percentile 0, User PCT: 18
04-23 14:16:01.463 17477 17477 D JedAIApiWrapperThreadSafe: 1745406961463 2025-04-23 14:16:01 com.anagog.jedai.core.api.JedAIApiWrapperThreadSafe 2 main FINE JedAI Wrapper ThreadSafe: start
04-23 14:16:01.466 17477 17477 I DeepMs  : 1745406961465 2025-04-23 14:16:01 com.anagog.jedai.extension.DeepMs 2 main INFO start - register to sdk config update
04-23 14:16:01.466 17477 17526 I RemoteConfigRepository: 1745406961466 2025-04-23 14:16:01 com.anagog.jedai.config.remote.RemoteConfigRepository 89 jedai-main INFO currentNetProviderResolution: NetProviderResolution(active=false, percentage=0, geoAware=false, url=https://stage-api-jedai.anagog.com/poi/isp)
04-23 14:16:01.466 17477 17526 I RemoteConfigRepository: 1745406961466 2025-04-23 14:16:01 com.anagog.jedai.config.remote.RemoteConfigRepository 89 jedai-main INFO merged signal access: ControlAccess(signalsAccessInstalledApps=true, signalsAccessLocation=true, signalsAccessMotion=true, signalsAccessBluetooth=true, signalsAccessWifi=true, signalsAccessLan=true, signalsAccessTraceroute=true, signalAccessIPBasedExtIp=true, enableCampaigns=true, enableDownloadableModels=true, enableReports=true)
04-23 14:16:01.467 17477 17526 I RemoteConfigRepository: 1745406961466 2025-04-23 14:16:01 com.anagog.jedai.config.remote.RemoteConfigRepository 89 jedai-main INFO merged NetProviderResolution: NetProviderResolution(active=false, percentage=0, geoAware=false, url=https://stage-api-jedai.anagog.com/poi/isp)
04-23 14:16:01.469 17477 17477 I JedaiSdkStarterImpl: 1745406961469 2025-04-23 14:16:01 com.anagog.jedai.anagog_api.sdk_wrapper.JedaiSdkStarterImpl 2 main INFO isAppDebuggable: true
04-23 14:16:01.469 17477 17477 D JedaiSdkStarterImpl: 1745406961469 2025-04-23 14:16:01 com.anagog.jedai.anagog_api.sdk_wrapper.JedaiSdkStarterImpl 2 main FINE startAnagogSdk Debuggable, force config update
04-23 14:16:01.469 17477 17477 I ApiManagerImpl: 1745406961469 2025-04-23 14:16:01 com.anagog.jedai.anagog_api.executor.ApiManagerImpl 2 main INFO runAsyncSafe, SDK not running yet, enqueue pending operation JedaiSdkStarterImpl::updateConfigIfRequired till it will start to run
04-23 14:16:01.469 17477 17477 I ApiManagerImpl: 1745406961469 2025-04-23 14:16:01 com.anagog.jedai.anagog_api.executor.ApiManagerImpl 2 main INFO enqueuePendingOperation: There are 5 enqueued pending operation
04-23 14:16:01.470 17477 17477 I JedaiSdkStarterImpl: 1745406961470 2025-04-23 14:16:01 com.anagog.jedai.anagog_api.sdk_wrapper.JedaiSdkStarterImpl 2 main INFO JedAI SDK Started with config: AnagogConfig(notificationChannelId=null, enableAudienceAnalytics=true, jedaiAutoEnabled=false, remoteNotificationEnabled=false, vehicleHighAccuracy=false, inVehicleLocationRateSec=30, signalsAccessLocation=true, signalsAccessBluetooth=true, signalsAccessInstalledApps=true, signalsAccessMotion=true, signalsAccessWifi=true, signalsAccessLan=true, signalsAccessTraceroute=true, netProviderResolution=true, netProviderGeoAwareResolution=false, netProviderUrl=https://stage-api-jedai.anagog.com/poi/isp, enableCampaigns=true, enableDownloadableModels=true, enableReports=true, configurePoi=true, enableInternalLog=true, clientName=com.anagog.jedai.jedaidemo, reportBaseUrl=https://stage-api-jedai.anagog.com/reports/, manifestUrl=https://anagog-jedai-jema-repo.s3.amazonaws.com, remoteConfigUrl=https://stage-api-jedai.anagog.com/config/consume, usageReportUrl=null, poiUrl=https://stage-api-jedai.anagog.com/poi, pnsUrl=https://dev-pns.anagog.com/)
04-23 14:16:01.472 17477 17596 I DeepMsDbHelper: 1745406961472 2025-04-23 14:16:01 com.anagog.jedai.extension.DeepMsDbHelper 129 DeepDbHelper INFO deleting all data for: stats_data
04-23 14:16:01.472 17477 17526 I PoiFetcherImpl: 1745406961472 2025-04-23 14:16:01 com.anagog.jedai.core.poi.fetcher.PoiFetcherImpl 89 jedai-main INFO Fetcher ID=186757896. Configuration completed: [PoiProviderConfig{mAlgorithmType=Algorithm_1, mActivateState=true}, PoiProviderConfig{mAlgorithmType=Algorithm_3, mActivateState=true}, PoiProviderConfig{mAlgorithmType=Algorithm_4, mActivateState=true}]
04-23 14:16:01.472 17477 17526 I JedAIApiWrapper: 1745406961472 2025-04-23 14:16:01 com.anagog.jedai.core.api.JedAIApiWrapper 89 jedai-main INFO Wrapper start
04-23 14:16:01.473 17477 17526 I JedAIApiWrapper: 1745406961473 2025-04-23 14:16:01 com.anagog.jedai.core.api.JedAIApiWrapper 89 jedai-main INFO Received start...
04-23 14:16:01.473 17477 17526 D ServiceStateProvider: 1745406961473 2025-04-23 14:16:01 com.anagog.jedai.core.service.ServiceStateProvider 89 jedai-main FINE FG service subscribe [operator-id::171987595] with [JedAIApiWrapper init] to 0 Listeners: {}
04-23 14:16:01.473 17477 17526 I ForegroundServiceManager: 1745406961473 2025-04-23 14:16:01 com.anagog.jedai.core.service.ForegroundServiceManager 89 jedai-main INFO Subscribed for a not running FG Service. Starting.
04-23 14:16:01.473 17477 17526 W ServiceStateOperator: 1745406961473 2025-04-23 14:16:01 com.anagog.jedai.core.service.ServiceStateOperator 89 jedai-main WARNING FG service is unavailable [operator-id::171987595]
04-23 14:16:01.473 17477 17526 D ServiceStateProvider: 1745406961473 2025-04-23 14:16:01 com.anagog.jedai.core.service.ServiceStateProvider 89 jedai-main FINE About to post FG service doCallback with Unavailable
04-23 14:16:01.476 17477 17526 D OperationWorkModeManagerImpl: 1745406961474 2025-04-23 14:16:01 com.anagog.jedai.core.config.operation.OperationWorkModeManagerImpl 89 jedai-main FINE Work mode verification: prevMode = 0, nextMode = 0
04-23 14:16:01.478 17477 17526 I TimerManagerImpl: 1745406961477 2025-04-23 14:16:01 com.anagog.jedai.core.timer.TimerManagerImpl 89 jedai-main INFO About to subscribe on timer with interval 60,000 by [OperationWorkModeManagerImpl]
04-23 14:16:01.479 17477 17477 I JedaiSdkStarterImpl: 1745406961478 2025-04-23 14:16:01 com.anagog.jedai.anagog_api.sdk_wrapper.JedaiSdkStarterImpl 2 main INFO onSdkStateChanged: SUSPENDED
04-23 14:16:01.486 17477 17477 I SdkStateHolderImpl: 1745406961486 2025-04-23 14:16:01 com.anagog.jedai.anagog_api.sdk_state_holder.SdkStateHolderImpl 2 main INFO onRemoteConfigUpdated SUSPENDED
04-23 14:16:01.486 17477 17477 I FacadeEventEmitterImpl: 1745406961486 2025-04-23 14:16:01 com.anagog.jedai.anagog_api.event_emitter.FacadeEventEmitterImpl 2 main INFO emitEvent: com.anagog.jedai.anagog_api.model.Message$OnSdkStatusChanged@280369e
04-23 14:16:01.486 17477 17477 I FacadeEventEmitterImpl: 1745406961486 2025-04-23 14:16:01 com.anagog.jedai.anagog_api.event_emitter.FacadeEventEmitterImpl 2 main INFO notifySubscribers: There are 1 subscribers
04-23 14:16:01.486 17477 17477 I ApiManagerImpl: 1745406961486 2025-04-23 14:16:01 com.anagog.jedai.anagog_api.executor.ApiManagerImpl 2 main INFO SDK State Changed from DISABLED to SUSPENDED, executing pending operations if exists..
04-23 14:16:01.486 17477 17477 I ApiManagerImpl: 1745406961486 2025-04-23 14:16:01 com.anagog.jedai.anagog_api.executor.ApiManagerImpl 2 main INFO executePendingOperations There are 5 pending operation, executing them all
04-23 14:16:01.487 17477 17524 I ApiManagerImpl: 1745406961487 2025-04-23 14:16:01 com.anagog.jedai.anagog_api.executor.ApiManagerImpl 88 AnagogApiThread INFO AnagogActiveImpl::enterPage result kotlin.Unit
04-23 14:16:01.488 17477 17477 I MainActivity: onNewMessage: OnSdkStatusChanged status -> SUSPENDED
04-23 14:16:01.488 17477 17526 I TimerManagerImpl: 1745406961487 2025-04-23 14:16:01 com.anagog.jedai.core.timer.TimerManagerImpl 89 jedai-main INFO About to subscribe on timer with interval 60,000 by [Job Scheduler]
04-23 14:16:01.489 17477 17526 D AlarmWakeupReceiver: 1745406961489 2025-04-23 14:16:01 com.anagog.jedai.core.service.AlarmWakeupReceiver 89 jedai-main FINE AlarmWakeupReceiver start
04-23 14:16:01.490 17477 17526 D AlarmWakeupReceiver: 1745406961490 2025-04-23 14:16:01 com.anagog.jedai.core.service.AlarmWakeupReceiver 89 jedai-main FINE AlarmWakeupReceiver setAlarm 250423112201
04-23 14:16:01.492 17477 17526 I JedAITimer: 1745406961491 2025-04-23 14:16:01 com.anagog.jedai.core.timer.JedAITimer 89 jedai-main INFO About to start timer with interval 60,000
04-23 14:16:01.496 17477 17526 I JedAITimer: 1745406961496 2025-04-23 14:16:01 com.anagog.jedai.core.timer.JedAITimer 89 jedai-main INFO About to publish pulse event via timer with interval 60000 if needed. Last execution was at 02:00:00
04-23 14:16:01.496 17477 17526 D JedAITimer: 1745406961496 2025-04-23 14:16:01 com.anagog.jedai.core.timer.JedAITimer 89 jedai-main FINEST About to call listener: Job Scheduler
04-23 14:16:01.497 17477 17526 D JobsExecutor: 1745406961497 2025-04-23 14:16:01 com.anagog.jedai.core.scheduler.JobsExecutor 89 jedai-main FINE Received jobs for execution: Tag = SendReport, ID = 1
04-23 14:16:01.497 17477 17526 D JobsExecutor: 1745406961497 2025-04-23 14:16:01 com.anagog.jedai.core.scheduler.JobsExecutor 89 jedai-main FINER About to execute a job Tag = SendReport, ID = 1
04-23 14:16:01.504 17477 17526 D JobsStorage: 1745406961504 2025-04-23 14:16:01 com.anagog.jedai.core.scheduler.JobsStorage 89 jedai-main FINE updated 1 rows with {1} Tag from Job table
04-23 14:16:01.506 17477 17526 D AnagogJobScheduler: 1745406961505 2025-04-23 14:16:01 com.anagog.jedai.core.scheduler.AnagogJobScheduler 89 jedai-main FINE Job Scheduler pulse. 1 tasks executed: Tag = SendReport, ID = 1
04-23 14:16:01.506 17477 17526 I JedAITimer: 1745406961506 2025-04-23 14:16:01 com.anagog.jedai.core.timer.JedAITimer 89 jedai-main INFO Publish pulse event completed for timer 60000
04-23 14:16:01.506 17477 17526 D AlarmWakeupReceiver: 1745406961506 2025-04-23 14:16:01 com.anagog.jedai.core.service.AlarmWakeupReceiver 89 jedai-main FINE AlarmWakeupReceiver start
04-23 14:16:01.507 17477 17526 D AlarmWakeupReceiver: 1745406961507 2025-04-23 14:16:01 com.anagog.jedai.core.service.AlarmWakeupReceiver 89 jedai-main FINE AlarmWakeupReceiver setAlarm 250423112201
04-23 14:16:01.508 17477 17526 I JedAIApiWrapper: 1745406961508 2025-04-23 14:16:01 com.anagog.jedai.core.api.JedAIApiWrapper 89 jedai-main INFO Started with these permissions:
04-23 14:16:01.508 17477 17601 D ProfileInstaller: Installing profile for com.anagog.jedai.jedaidemo
04-23 14:16:01.509 17477 17526 I JedAIApiWrapper: 1745406961509 2025-04-23 14:16:01 com.anagog.jedai.core.api.JedAIApiWrapper 89 jedai-main INFO android.permission.BLUETOOTH = true
04-23 14:16:01.510 17477 17526 I JedAIApiWrapper: 1745406961510 2025-04-23 14:16:01 com.anagog.jedai.core.api.JedAIApiWrapper 89 jedai-main INFO com.google.android.gms.permission.ACTIVITY_RECOGNITION = true
04-23 14:16:01.510 17477 17526 I JedAIApiWrapper: 1745406961510 2025-04-23 14:16:01 com.anagog.jedai.core.api.JedAIApiWrapper 89 jedai-main INFO android.permission.ACTIVITY_RECOGNITION = true
04-23 14:16:01.511 17477 17526 I JedAIApiWrapper: 1745406961510 2025-04-23 14:16:01 com.anagog.jedai.core.api.JedAIApiWrapper 89 jedai-main INFO android.permission.ACCESS_BACKGROUND_LOCATION = true
04-23 14:16:01.511 17477 17526 I JedAIApiWrapper: 1745406961511 2025-04-23 14:16:01 com.anagog.jedai.core.api.JedAIApiWrapper 89 jedai-main INFO android.permission.FOREGROUND_SERVICE = true
04-23 14:16:01.511 17477 17526 I JedAIApiWrapper: 1745406961511 2025-04-23 14:16:01 com.anagog.jedai.core.api.JedAIApiWrapper 89 jedai-main INFO android.permission.ACCESS_WIFI_STATE = true
04-23 14:16:01.511 17477 17526 I JedAIApiWrapper: 1745406961511 2025-04-23 14:16:01 com.anagog.jedai.core.api.JedAIApiWrapper 89 jedai-main INFO android.permission.ACCESS_FINE_LOCATION = true
04-23 14:16:01.511 17477 17526 I JedAIApiWrapper: 1745406961511 2025-04-23 14:16:01 com.anagog.jedai.core.api.JedAIApiWrapper 89 jedai-main INFO android.permission.ACCESS_COARSE_LOCATION = true
04-23 14:16:01.511 17477 17526 I JedAIApiWrapper: 1745406961511 2025-04-23 14:16:01 com.anagog.jedai.core.api.JedAIApiWrapper 89 jedai-main INFO android.permission.ACCESS_NETWORK_STATE = true
04-23 14:16:01.512 17477 17526 I JedAIApiWrapper: 1745406961512 2025-04-23 14:16:01 com.anagog.jedai.core.api.JedAIApiWrapper 89 jedai-main INFO android.permission.RECEIVE_BOOT_COMPLETED = true
04-23 14:16:01.512 17477 17526 I JedAIApiWrapper: 1745406961512 2025-04-23 14:16:01 com.anagog.jedai.core.api.JedAIApiWrapper 89 jedai-main INFO android.permission.INTERNET = true
04-23 14:16:01.512 17477 17526 I JedAIApiWrapper: 1745406961512 2025-04-23 14:16:01 com.anagog.jedai.core.api.JedAIApiWrapper 89 jedai-main INFO android.permission.POST_NOTIFICATIONS = true
04-23 14:16:01.513 17477 17526 I JedAIApiWrapper: 1745406961512 2025-04-23 14:16:01 com.anagog.jedai.core.api.JedAIApiWrapper 89 jedai-main INFO android.permission.SCHEDULE_EXACT_ALARM = false
04-23 14:16:01.513 17477 17526 I JedAIApiWrapper: 1745406961513 2025-04-23 14:16:01 com.anagog.jedai.core.api.JedAIApiWrapper 89 jedai-main INFO android.permission.SYSTEM_ALERT_WINDOW = true
04-23 14:16:01.513 17477 17526 I JedAIApiWrapper: 1745406961513 2025-04-23 14:16:01 com.anagog.jedai.core.api.JedAIApiWrapper 89 jedai-main INFO android.permission.WAKE_LOCK = true
04-23 14:16:01.514 17477 17526 I JedAIApiWrapper: 1745406961514 2025-04-23 14:16:01 com.anagog.jedai.core.api.JedAIApiWrapper 89 jedai-main INFO com.google.android.c2dm.permission.RECEIVE = true
04-23 14:16:01.514 17477 17526 I JedAIApiWrapper: 1745406961514 2025-04-23 14:16:01 com.anagog.jedai.core.api.JedAIApiWrapper 89 jedai-main INFO com.google.android.finsky.permission.BIND_GET_INSTALL_REFERRER_SERVICE = true
04-23 14:16:01.515 17477 17526 I JedAIApiWrapper: 1745406961514 2025-04-23 14:16:01 com.anagog.jedai.core.api.JedAIApiWrapper 89 jedai-main INFO com.google.android.gms.permission.AD_ID = true
04-23 14:16:01.515 17477 17526 I JedAIApiWrapper: 1745406961515 2025-04-23 14:16:01 com.anagog.jedai.core.api.JedAIApiWrapper 89 jedai-main INFO android.permission.ACCESS_ADSERVICES_ATTRIBUTION = true
04-23 14:16:01.516 17477 17526 I JedAIApiWrapper: 1745406961515 2025-04-23 14:16:01 com.anagog.jedai.core.api.JedAIApiWrapper 89 jedai-main INFO android.permission.ACCESS_ADSERVICES_AD_ID = true
04-23 14:16:01.516 17477 17526 I JedAIApiWrapper: 1745406961516 2025-04-23 14:16:01 com.anagog.jedai.core.api.JedAIApiWrapper 89 jedai-main INFO com.anagog.jedai.jedaidemo.DYNAMIC_RECEIVER_NOT_EXPORTED_PERMISSION = true
04-23 14:16:01.516 17477 17526 D JedAIApiWrapper: 1745406961516 2025-04-23 14:16:01 com.anagog.jedai.core.api.JedAIApiWrapper 89 jedai-main FINE About to unsubscribe from FG service since SDK init is done
04-23 14:16:01.517 17477 17526 D ServiceStateProvider: 1745406961517 2025-04-23 14:16:01 com.anagog.jedai.core.service.ServiceStateProvider 89 jedai-main FINE About to post FG service unsubscribe
04-23 14:16:01.517 17477 17526 D ReportManager: 1745406961517 2025-04-23 14:16:01 com.anagog.jedai.core.reporter.ReportManager 89 jedai-main FINE addInventoryToScheduledReportsInventories: JedAIScheduledReportsInventory
