04-24 17:25:50.110 31955 32121 D StatsDataStore: 1745504750110 2025-04-24 17:25:50 com.anagog.jedai.core.metrics.stats.datastore.StatsDataStore 379 jedai-main FINE about to store model: StatsModel{mName='DeepMsVersionCode', mIndex1='null', mIndex2='null', mTimeRange=OVERALL, mFrom=TomerRDate{mTomerRDate=20250424, mTimestamp=1745504747279}, mTo=TomerRDate{mTomerRDate=20371215, mTimestamp=2144448000000}, mTimestamp=1745504750108, mTimestampLocal=1745515550108, mStringValue='null', mDecimalValue=null, mIntegerValue=4049000, mDataType=INTEGER, mStatus=2}
04-24 17:25:50.113 31955 32121 W StatsDaoImpl: 1745504750113 2025-04-24 17:25:50 com.anagog.jedai.core.metrics.stats.StatsDaoImpl 379 jedai-main WARNING Failed to replace stats in database name: DeepMsVersionCode, index1: null, index2: null, timeRange: OVERALL
04-24 17:25:50.113 31955 32121 D StatsDataStore: 1745504750113 2025-04-24 17:25:50 com.anagog.jedai.core.metrics.stats.datastore.StatsDataStore 379 jedai-main FINE database updated for DeepMsVersionCode stat, took: 3 ms isSucceed: true
04-24 17:25:50.114 31955 32121 D StatsCache: 1745504750114 2025-04-24 17:25:50 com.anagog.jedai.core.metrics.stats.datastore.StatsCache 379 jedai-main FINE set value to cache: StatsModel{mName='DeepMsVersionCode', mIndex1='null', mIndex2='null', mTimeRange=OVERALL, mFrom=TomerRDate{mTomerRDate=20250424, mTimestamp=1745504747279}, mTo=TomerRDate{mTomerRDate=20371215, mTimestamp=2144448000000}, mTimestamp=1745504750108, mTimestampLocal=1745515550108, mStringValue='null', mDecimalValue=null, mIntegerValue=4049000, mDataType=INTEGER, mStatus=2}
04-24 17:25:50.114 31955 32121 D StatsCache: 1745504750114 2025-04-24 17:25:50 com.anagog.jedai.core.metrics.stats.datastore.StatsCache 379 jedai-main FINE cache values: [12]
04-24 17:25:50.116 31955 32318 I WatchDog: 1745504750116 2025-04-24 17:25:50 com.anagog.jedai.extension.WatchDog 433 androidx.work-1 INFO Set Watchdog Alarm to seconds in future - 300
04-24 17:25:50.117 31955 32121 D StatsDataStore: 1745504750116 2025-04-24 17:25:50 com.anagog.jedai.core.metrics.stats.datastore.StatsDataStore 379 jedai-main FINE about to set stats in cache: JedAiVersion, USER_DEFINED_STRING, StatsValue{mType=USER_DEFINED_STRING, mStringValue='4.49.0-appium-1-dirty', mDecimalValue=0.0, mIntegerValue=0}, null, null, OVERALL
04-24 17:25:50.117 31955 32121 D StatsDataStore: 1745504750117 2025-04-24 17:25:50 com.anagog.jedai.core.metrics.stats.datastore.StatsDataStore 379 jedai-main FINE about to get stat by query: JedAiVersion.overall
04-24 17:25:50.118 31955 32121 D StatsCache: 1745504750118 2025-04-24 17:25:50 com.anagog.jedai.core.metrics.stats.datastore.StatsCache 379 jedai-main FINE about to get stat by MsQuery: JedAiVersion.overall, stat: null
04-24 17:25:50.119 31955 32318 I DeepMs  : 1745504750118 2025-04-24 17:25:50 com.anagog.jedai.extension.DeepMs 433 androidx.work-1 INFO Startup tic toc:142
04-24 17:25:50.119 31955 32121 D StatsDataStore: 1745504750119 2025-04-24 17:25:50 com.anagog.jedai.core.metrics.stats.datastore.StatsDataStore 379 jedai-main FINE stats loaded from database: null
04-24 17:25:50.120 31955 32121 D StatsDataStore: 1745504750120 2025-04-24 17:25:50 com.anagog.jedai.core.metrics.stats.datastore.StatsDataStore 379 jedai-main FINE isStatUpdated oldStat: null, newStat: StatsModel{mName='JedAiVersion', mIndex1='null', mIndex2='null', mTimeRange=OVERALL, mFrom=TomerRDate{mTomerRDate=20250424, mTimestamp=1745504747279}, mTo=TomerRDate{mTomerRDate=20371215, mTimestamp=2144448000000}, mTimestamp=1745504750117, mTimestampLocal=1745515550117, mStringValue='4.49.0-appium-1-dirty', mDecimalValue=null, mIntegerValue=null, mDataType=STRING, mStatus=2}, result: true
04-24 17:25:50.121 31955 32121 D StatsDataStore: 1745504750121 2025-04-24 17:25:50 com.anagog.jedai.core.metrics.stats.datastore.StatsDataStore 379 jedai-main FINE about to store model: StatsModel{mName='JedAiVersion', mIndex1='null', mIndex2='null', mTimeRange=OVERALL, mFrom=TomerRDate{mTomerRDate=20250424, mTimestamp=1745504747279}, mTo=TomerRDate{mTomerRDate=20371215, mTimestamp=2144448000000}, mTimestamp=1745504750117, mTimestampLocal=1745515550117, mStringValue='4.49.0-appium-1-dirty', mDecimalValue=null, mIntegerValue=null, mDataType=STRING, mStatus=2}
04-24 17:25:50.125 31955 32317 I WM-WorkerWrapper: Worker result SUCCESS for Work [ id=51044d32-1aad-4836-aa87-383a03aaca34, tags={ com.anagog.jedai.extension.Workers$startDeepWorker } ]
04-24 17:25:50.128 31955 32121 W StatsDaoImpl: 1745504750127 2025-04-24 17:25:50 com.anagog.jedai.core.metrics.stats.StatsDaoImpl 379 jedai-main WARNING Failed to replace stats in database name: JedAiVersion, index1: null, index2: null, timeRange: OVERALL
04-24 17:25:50.128 31955 32121 D StatsDataStore: 1745504750128 2025-04-24 17:25:50 com.anagog.jedai.core.metrics.stats.datastore.StatsDataStore 379 jedai-main FINE database updated for JedAiVersion stat, took: 8 ms isSucceed: true
04-24 17:25:50.128 31955 32121 D StatsCache: 1745504750128 2025-04-24 17:25:50 com.anagog.jedai.core.metrics.stats.datastore.StatsCache 379 jedai-main FINE set value to cache: StatsModel{mName='JedAiVersion', mIndex1='null', mIndex2='null', mTimeRange=OVERALL, mFrom=TomerRDate{mTomerRDate=20250424, mTimestamp=1745504747279}, mTo=TomerRDate{mTomerRDate=20371215, mTimestamp=2144448000000}, mTimestamp=1745504750117, mTimestampLocal=1745515550117, mStringValue='4.49.0-appium-1-dirty', mDecimalValue=null, mIntegerValue=null, mDataType=STRING, mStatus=2}
04-24 17:25:50.129 31955 32121 D StatsCache: 1745504750129 2025-04-24 17:25:50 com.anagog.jedai.core.metrics.stats.datastore.StatsCache 379 jedai-main FINE cache values: [13]
04-24 17:25:50.130 31955 32121 D StatsDataStore: 1745504750130 2025-04-24 17:25:50 com.anagog.jedai.core.metrics.stats.datastore.StatsDataStore 379 jedai-main FINE about to set stats in cache: AndroidSdkVersion, USER_DEFINED_INTEGER, StatsValue{mType=USER_DEFINED_INTEGER, mStringValue='null', mDecimalValue=0.0, mIntegerValue=34}, null, null, OVERALL
04-24 17:25:50.131 31955 32121 D StatsDataStore: 1745504750131 2025-04-24 17:25:50 com.anagog.jedai.core.metrics.stats.datastore.StatsDataStore 379 jedai-main FINE about to get stat by query: AndroidSdkVersion.overall
04-24 17:25:50.131 31955 32121 D StatsCache: 1745504750131 2025-04-24 17:25:50 com.anagog.jedai.core.metrics.stats.datastore.StatsCache 379 jedai-main FINE about to get stat by MsQuery: AndroidSdkVersion.overall, stat: null
04-24 17:25:50.132 31955 32121 D StatsDataStore: 1745504750132 2025-04-24 17:25:50 com.anagog.jedai.core.metrics.stats.datastore.StatsDataStore 379 jedai-main FINE stats loaded from database: null
04-24 17:25:50.132 31955 32121 D StatsDataStore: 1745504750132 2025-04-24 17:25:50 com.anagog.jedai.core.metrics.stats.datastore.StatsDataStore 379 jedai-main FINE isStatUpdated oldStat: null, newStat: StatsModel{mName='AndroidSdkVersion', mIndex1='null', mIndex2='null', mTimeRange=OVERALL, mFrom=TomerRDate{mTomerRDate=20250424, mTimestamp=1745504747279}, mTo=TomerRDate{mTomerRDate=20371215, mTimestamp=2144448000000}, mTimestamp=1745504750130, mTimestampLocal=1745515550130, mStringValue='null', mDecimalValue=null, mIntegerValue=34, mDataType=INTEGER, mStatus=2}, result: true
04-24 17:25:50.132 31955 32121 D StatsDataStore: 1745504750132 2025-04-24 17:25:50 com.anagog.jedai.core.metrics.stats.datastore.StatsDataStore 379 jedai-main FINE about to store model: StatsModel{mName='AndroidSdkVersion', mIndex1='null', mIndex2='null', mTimeRange=OVERALL, mFrom=TomerRDate{mTomerRDate=20250424, mTimestamp=1745504747279}, mTo=TomerRDate{mTomerRDate=20371215, mTimestamp=2144448000000}, mTimestamp=1745504750130, mTimestampLocal=1745515550130, mStringValue='null', mDecimalValue=null, mIntegerValue=34, mDataType=INTEGER, mStatus=2}
04-24 17:25:50.136 31955 32333 I DeepMs  : 1745504750136 2025-04-24 17:25:50 com.anagog.jedai.extension.DeepMs 444 androidx.work-3 INFO DeepPulse triggered
04-24 17:25:50.136 31955 32333 I WatchDog: 1745504750136 2025-04-24 17:25:50 com.anagog.jedai.extension.WatchDog 444 androidx.work-3 INFO Set Watchdog Alarm to seconds in future - 300
04-24 17:25:50.138 31955 32121 W StatsDaoImpl: 1745504750138 2025-04-24 17:25:50 com.anagog.jedai.core.metrics.stats.StatsDaoImpl 379 jedai-main WARNING Failed to replace stats in database name: AndroidSdkVersion, index1: null, index2: null, timeRange: OVERALL
04-24 17:25:50.138 31955 32121 D StatsDataStore: 1745504750138 2025-04-24 17:25:50 com.anagog.jedai.core.metrics.stats.datastore.StatsDataStore 379 jedai-main FINE database updated for AndroidSdkVersion stat, took: 6 ms isSucceed: true
04-24 17:25:50.140 31955 32121 D StatsCache: 1745504750140 2025-04-24 17:25:50 com.anagog.jedai.core.metrics.stats.datastore.StatsCache 379 jedai-main FINE set value to cache: StatsModel{mName='AndroidSdkVersion', mIndex1='null', mIndex2='null', mTimeRange=OVERALL, mFrom=TomerRDate{mTomerRDate=20250424, mTimestamp=1745504747279}, mTo=TomerRDate{mTomerRDate=20371215, mTimestamp=2144448000000}, mTimestamp=1745504750130, mTimestampLocal=1745515550130, mStringValue='null', mDecimalValue=null, mIntegerValue=34, mDataType=INTEGER, mStatus=2}
04-24 17:25:50.140 31955 32121 D StatsCache: 1745504750140 2025-04-24 17:25:50 com.anagog.jedai.core.metrics.stats.datastore.StatsCache 379 jedai-main FINE cache values: [14]
04-24 17:25:50.141 31955 32121 D StatsDataStore: 1745504750141 2025-04-24 17:25:50 com.anagog.jedai.core.metrics.stats.datastore.StatsDataStore 379 jedai-main FINE about to set stats in cache: AndroidVersionName, USER_DEFINED_STRING, StatsValue{mType=USER_DEFINED_STRING, mStringValue='14', mDecimalValue=0.0, mIntegerValue=0}, null, null, OVERALL
04-24 17:25:50.142 31955 32121 D StatsDataStore: 1745504750142 2025-04-24 17:25:50 com.anagog.jedai.core.metrics.stats.datastore.StatsDataStore 379 jedai-main FINE about to get stat by query: AndroidVersionName.overall
04-24 17:25:50.142 31955 32121 D StatsCache: 1745504750142 2025-04-24 17:25:50 com.anagog.jedai.core.metrics.stats.datastore.StatsCache 379 jedai-main FINE about to get stat by MsQuery: AndroidVersionName.overall, stat: null
04-24 17:25:50.142 31955 32121 D StatsDataStore: 1745504750142 2025-04-24 17:25:50 com.anagog.jedai.core.metrics.stats.datastore.StatsDataStore 379 jedai-main FINE stats loaded from database: null
04-24 17:25:50.143 31955 32121 D StatsDataStore: 1745504750142 2025-04-24 17:25:50 com.anagog.jedai.core.metrics.stats.datastore.StatsDataStore 379 jedai-main FINE isStatUpdated oldStat: null, newStat: StatsModel{mName='AndroidVersionName', mIndex1='null', mIndex2='null', mTimeRange=OVERALL, mFrom=TomerRDate{mTomerRDate=20250424, mTimestamp=1745504747279}, mTo=TomerRDate{mTomerRDate=20371215, mTimestamp=2144448000000}, mTimestamp=1745504750141, mTimestampLocal=1745515550141, mStringValue='14', mDecimalValue=null, mIntegerValue=null, mDataType=STRING, mStatus=2}, result: true
04-24 17:25:50.143 31955 32121 D StatsDataStore: 1745504750143 2025-04-24 17:25:50 com.anagog.jedai.core.metrics.stats.datastore.StatsDataStore 379 jedai-main FINE about to store model: StatsModel{mName='AndroidVersionName', mIndex1='null', mIndex2='null', mTimeRange=OVERALL, mFrom=TomerRDate{mTomerRDate=20250424, mTimestamp=1745504747279}, mTo=TomerRDate{mTomerRDate=20371215, mTimestamp=2144448000000}, mTimestamp=1745504750141, mTimestampLocal=1745515550141, mStringValue='14', mDecimalValue=null, mIntegerValue=null, mDataType=STRING, mStatus=2}
04-24 17:25:50.145 31955 32333 I WakeupUpdate: 1745504750145 2025-04-24 17:25:50 com.anagog.jedai.extension.WakeupUpdate 444 androidx.work-3 INFO SCREEN on: true, interactive:true
04-24 17:25:50.145 31955 32333 I WakeupUpdate: 1745504750145 2025-04-24 17:25:50 com.anagog.jedai.extension.WakeupUpdate 444 androidx.work-3 INFO SCREEN present event
04-24 17:25:50.146 31955 32121 W StatsDaoImpl: 1745504750146 2025-04-24 17:25:50 com.anagog.jedai.core.metrics.stats.StatsDaoImpl 379 jedai-main WARNING Failed to replace stats in database name: AndroidVersionName, index1: null, index2: null, timeRange: OVERALL
04-24 17:25:50.146 31955 32121 D StatsDataStore: 1745504750146 2025-04-24 17:25:50 com.anagog.jedai.core.metrics.stats.datastore.StatsDataStore 379 jedai-main FINE database updated for AndroidVersionName stat, took: 3 ms isSucceed: true
04-24 17:25:50.147 31955 32121 D StatsCache: 1745504750147 2025-04-24 17:25:50 com.anagog.jedai.core.metrics.stats.datastore.StatsCache 379 jedai-main FINE set value to cache: StatsModel{mName='AndroidVersionName', mIndex1='null', mIndex2='null', mTimeRange=OVERALL, mFrom=TomerRDate{mTomerRDate=20250424, mTimestamp=1745504747279}, mTo=TomerRDate{mTomerRDate=20371215, mTimestamp=2144448000000}, mTimestamp=1745504750141, mTimestampLocal=1745515550141, mStringValue='14', mDecimalValue=null, mIntegerValue=null, mDataType=STRING, mStatus=2}
04-24 17:25:50.147 31955 32121 D StatsCache: 1745504750147 2025-04-24 17:25:50 com.anagog.jedai.core.metrics.stats.datastore.StatsCache 379 jedai-main FINE cache values: [15]
04-24 17:25:50.147 31955 32121 D StatsDataStore: 1745504750147 2025-04-24 17:25:50 com.anagog.jedai.core.metrics.stats.datastore.StatsDataStore 379 jedai-main FINE about to set stats in cache: OsVersion, USER_DEFINED_STRING, StatsValue{mType=USER_DEFINED_STRING, mStringValue='14', mDecimalValue=0.0, mIntegerValue=0}, null, null, OVERALL
04-24 17:25:50.148 31955 32121 D StatsDataStore: 1745504750148 2025-04-24 17:25:50 com.anagog.jedai.core.metrics.stats.datastore.StatsDataStore 379 jedai-main FINE about to get stat by query: OsVersion.overall
04-24 17:25:50.148 31955 32121 D StatsCache: 1745504750148 2025-04-24 17:25:50 com.anagog.jedai.core.metrics.stats.datastore.StatsCache 379 jedai-main FINE about to get stat by MsQuery: OsVersion.overall, stat: null
04-24 17:25:50.148 31955 32333 I WakeupUpdate: 1745504750148 2025-04-24 17:25:50 com.anagog.jedai.extension.WakeupUpdate 444 androidx.work-3 INFO Charger on: false
04-24 17:25:50.148 31955 32121 D StatsDataStore: 1745504750148 2025-04-24 17:25:50 com.anagog.jedai.core.metrics.stats.datastore.StatsDataStore 379 jedai-main FINE stats loaded from database: null
04-24 17:25:50.149 31955 32121 D StatsDataStore: 1745504750149 2025-04-24 17:25:50 com.anagog.jedai.core.metrics.stats.datastore.StatsDataStore 379 jedai-main FINE isStatUpdated oldStat: null, newStat: StatsModel{mName='OsVersion', mIndex1='null', mIndex2='null', mTimeRange=OVERALL, mFrom=TomerRDate{mTomerRDate=20250424, mTimestamp=1745504747279}, mTo=TomerRDate{mTomerRDate=20371215, mTimestamp=2144448000000}, mTimestamp=1745504750148, mTimestampLocal=1745515550148, mStringValue='14', mDecimalValue=null, mIntegerValue=null, mDataType=STRING, mStatus=2}, result: true
04-24 17:25:50.149 31955 32121 D StatsDataStore: 1745504750149 2025-04-24 17:25:50 com.anagog.jedai.core.metrics.stats.datastore.StatsDataStore 379 jedai-main FINE about to store model: StatsModel{mName='OsVersion', mIndex1='null', mIndex2='null', mTimeRange=OVERALL, mFrom=TomerRDate{mTomerRDate=20250424, mTimestamp=1745504747279}, mTo=TomerRDate{mTomerRDate=20371215, mTimestamp=2144448000000}, mTimestamp=1745504750148, mTimestampLocal=1745515550148, mStringValue='14', mDecimalValue=null, mIntegerValue=null, mDataType=STRING, mStatus=2}
04-24 17:25:50.151 31955 32333 I WakeupUpdate: 1745504750151 2025-04-24 17:25:50 com.anagog.jedai.extension.WakeupUpdate 444 androidx.work-3 INFO Wifi Connected: true, Wifi on: true, Enabled=1
04-24 17:25:50.153 31955 32121 W StatsDaoImpl: 1745504750153 2025-04-24 17:25:50 com.anagog.jedai.core.metrics.stats.StatsDaoImpl 379 jedai-main WARNING Failed to replace stats in database name: OsVersion, index1: null, index2: null, timeRange: OVERALL
04-24 17:25:50.153 31955 32121 D StatsDataStore: 1745504750153 2025-04-24 17:25:50 com.anagog.jedai.core.metrics.stats.datastore.StatsDataStore 379 jedai-main FINE database updated for OsVersion stat, took: 4 ms isSucceed: true
04-24 17:25:50.153 31955 32121 D StatsCache: 1745504750153 2025-04-24 17:25:50 com.anagog.jedai.core.metrics.stats.datastore.StatsCache 379 jedai-main FINE set value to cache: StatsModel{mName='OsVersion', mIndex1='null', mIndex2='null', mTimeRange=OVERALL, mFrom=TomerRDate{mTomerRDate=20250424, mTimestamp=1745504747279}, mTo=TomerRDate{mTomerRDate=20371215, mTimestamp=2144448000000}, mTimestamp=1745504750148, mTimestampLocal=1745515550148, mStringValue='14', mDecimalValue=null, mIntegerValue=null, mDataType=STRING, mStatus=2}
04-24 17:25:50.154 31955 32121 D StatsCache: 1745504750154 2025-04-24 17:25:50 com.anagog.jedai.core.metrics.stats.datastore.StatsCache 379 jedai-main FINE cache values: [16]
04-24 17:25:50.154 31955 32333 I WakeupUpdate: 1745504750154 2025-04-24 17:25:50 com.anagog.jedai.extension.WakeupUpdate 444 androidx.work-3 INFO WiFi connected
04-24 17:25:50.155 31955 32121 D StatsDataStore: 1745504750155 2025-04-24 17:25:50 com.anagog.jedai.core.metrics.stats.datastore.StatsDataStore 379 jedai-main FINE about to set stats in cache: CurrentDisplayState, USER_DEFINED_STRING, StatsValue{mType=USER_DEFINED_STRING, mStringValue='present', mDecimalValue=0.0, mIntegerValue=0}, null, null, OVERALL
04-24 17:25:50.155 31955 32121 D StatsDataStore: 1745504750155 2025-04-24 17:25:50 com.anagog.jedai.core.metrics.stats.datastore.StatsDataStore 379 jedai-main FINE about to get stat by query: CurrentDisplayState.overall
04-24 17:25:50.156 31955 32121 D StatsCache: 1745504750156 2025-04-24 17:25:50 com.anagog.jedai.core.metrics.stats.datastore.StatsCache 379 jedai-main FINE about to get stat by MsQuery: CurrentDisplayState.overall, stat: null
04-24 17:25:50.156 31955 32121 D StatsDataStore: 1745504750156 2025-04-24 17:25:50 com.anagog.jedai.core.metrics.stats.datastore.StatsDataStore 379 jedai-main FINE stats loaded from database: null
04-24 17:25:50.156 31955 32121 D StatsDataStore: 1745504750156 2025-04-24 17:25:50 com.anagog.jedai.core.metrics.stats.datastore.StatsDataStore 379 jedai-main FINE isStatUpdated oldStat: null, newStat: StatsModel{mName='CurrentDisplayState', mIndex1='null', mIndex2='null', mTimeRange=OVERALL, mFrom=TomerRDate{mTomerRDate=20250424, mTimestamp=1745504747279}, mTo=TomerRDate{mTomerRDate=20371215, mTimestamp=2144448000000}, mTimestamp=1745504750155, mTimestampLocal=1745515550155, mStringValue='present', mDecimalValue=null, mIntegerValue=null, mDataType=STRING, mStatus=2}, result: true
04-24 17:25:50.156 31955 32121 D StatsDataStore: 1745504750156 2025-04-24 17:25:50 com.anagog.jedai.core.metrics.stats.datastore.StatsDataStore 379 jedai-main FINE about to store model: StatsModel{mName='CurrentDisplayState', mIndex1='null', mIndex2='null', mTimeRange=OVERALL, mFrom=TomerRDate{mTomerRDate=20250424, mTimestamp=1745504747279}, mTo=TomerRDate{mTomerRDate=20371215, mTimestamp=2144448000000}, mTimestamp=1745504750155, mTimestampLocal=1745515550155, mStringValue='present', mDecimalValue=null, mIntegerValue=null, mDataType=STRING, mStatus=2}
04-24 17:25:50.159 31955 32121 W StatsDaoImpl: 1745504750159 2025-04-24 17:25:50 com.anagog.jedai.core.metrics.stats.StatsDaoImpl 379 jedai-main WARNING Failed to replace stats in database name: CurrentDisplayState, index1: null, index2: null, timeRange: OVERALL
04-24 17:25:50.159 31955 32333 I WakeupUpdate: 1745504750159 2025-04-24 17:25:50 com.anagog.jedai.extension.WakeupUpdate 444 androidx.work-3 INFO paired devices 
04-24 17:25:50.160 31955 32121 D StatsDataStore: 1745504750160 2025-04-24 17:25:50 com.anagog.jedai.core.metrics.stats.datastore.StatsDataStore 379 jedai-main FINE database updated for CurrentDisplayState stat, took: 4 ms isSucceed: true
04-24 17:25:50.160 31955 32333 I WakeupUpdate: 1745504750160 2025-04-24 17:25:50 com.anagog.jedai.extension.WakeupUpdate 444 androidx.work-3 INFO BT Device not connected, trying audio only
04-24 17:25:50.160 31955 32121 D StatsCache: 1745504750160 2025-04-24 17:25:50 com.anagog.jedai.core.metrics.stats.datastore.StatsCache 379 jedai-main FINE set value to cache: StatsModel{mName='CurrentDisplayState', mIndex1='null', mIndex2='null', mTimeRange=OVERALL, mFrom=TomerRDate{mTomerRDate=20250424, mTimestamp=1745504747279}, mTo=TomerRDate{mTomerRDate=20371215, mTimestamp=2144448000000}, mTimestamp=1745504750155, mTimestampLocal=1745515550155, mStringValue='present', mDecimalValue=null, mIntegerValue=null, mDataType=STRING, mStatus=2}
04-24 17:25:50.160 31955 32333 I WakeupUpdate: 1745504750160 2025-04-24 17:25:50 com.anagog.jedai.extension.WakeupUpdate 444 androidx.work-3 INFO known connected audio devices: 
04-24 17:25:50.160 31955 32121 D StatsCache: 1745504750160 2025-04-24 17:25:50 com.anagog.jedai.core.metrics.stats.datastore.StatsCache 379 jedai-main FINE cache values: [17]
04-24 17:25:50.160 31955 32333 I WakeupUpdate: 1745504750160 2025-04-24 17:25:50 com.anagog.jedai.extension.WakeupUpdate 444 androidx.work-3 INFO BUILTIN_SPEAKER Audio device connected
04-24 17:25:50.160 31955 32333 I WakeupUpdate: 1745504750160 2025-04-24 17:25:50 com.anagog.jedai.extension.WakeupUpdate 444 androidx.work-3 INFO TELEPHONY Audio device connected
04-24 17:25:50.161 31955 32333 I WakeupUpdate: 1745504750161 2025-04-24 17:25:50 com.anagog.jedai.extension.WakeupUpdate 444 androidx.work-3 INFO updated connected audio devices: 
04-24 17:25:50.162 31955 32121 D EventManagerImpl: 1745504750161 2025-04-24 17:25:50 com.anagog.jedai.core.event.EventManagerImpl 379 jedai-main FINE About to send application event: ApplicationEvent(
04-24 17:25:50.162 31955 32121 D EventManagerImpl:     identifier='DisplayState', 
04-24 17:25:50.162 31955 32121 D EventManagerImpl:     textParameters={state=present}, 
04-24 17:25:50.162 31955 32121 D EventManagerImpl:     numericParameters={}, 
04-24 17:25:50.162 31955 32121 D EventManagerImpl:     booleanParameters={}, 
04-24 17:25:50.162 31955 32121 D EventManagerImpl:     locationParameters={},
04-24 17:25:50.162 31955 32121 D EventManagerImpl:     isInternal=true
04-24 17:25:50.162 31955 32121 D EventManagerImpl: ) 
04-24 17:25:50.163 31955 32121 D EventManagerImpl: 1745504750163 2025-04-24 17:25:50 com.anagog.jedai.core.event.EventManagerImpl 379 jedai-main FINE About to send application event: ApplicationEvent(
04-24 17:25:50.163 31955 32121 D EventManagerImpl:     identifier='DisplayState', 
04-24 17:25:50.163 31955 32121 D EventManagerImpl:     textParameters={state=present}, 
04-24 17:25:50.163 31955 32121 D EventManagerImpl:     numericParameters={}, 
04-24 17:25:50.163 31955 32121 D EventManagerImpl:     booleanParameters={}, 
04-24 17:25:50.163 31955 32121 D EventManagerImpl:     locationParameters={},
04-24 17:25:50.163 31955 32121 D EventManagerImpl:     isInternal=true
04-24 17:25:50.163 31955 32121 D EventManagerImpl: ) 
04-24 17:25:50.163 31955 32121 I LambdaManager: 1745504750163 2025-04-24 17:25:50 com.anagog.jedai.jema.LambdaManager 379 jedai-main INFO about to run event[DisplayState] in campaign [[]]
04-24 17:25:50.164 31955 32121 D StatsDataStore: 1745504750164 2025-04-24 17:25:50 com.anagog.jedai.core.metrics.stats.datastore.StatsDataStore 379 jedai-main FINE about to set stats in cache: IsWifiConnected, USER_DEFINED_STRING, StatsValue{mType=USER_DEFINED_STRING, mStringValue='TRUE', mDecimalValue=0.0, mIntegerValue=0}, null, null, OVERALL
04-24 17:25:50.164 31955 32121 D StatsDataStore: 1745504750164 2025-04-24 17:25:50 com.anagog.jedai.core.metrics.stats.datastore.StatsDataStore 379 jedai-main FINE about to get stat by query: IsWifiConnected.overall
04-24 17:25:50.164 31955 32121 D StatsCache: 1745504750164 2025-04-24 17:25:50 com.anagog.jedai.core.metrics.stats.datastore.StatsCache 379 jedai-main FINE about to get stat by MsQuery: IsWifiConnected.overall, stat: null
04-24 17:25:50.164 31955 32121 D StatsDataStore: 1745504750164 2025-04-24 17:25:50 com.anagog.jedai.core.metrics.stats.datastore.StatsDataStore 379 jedai-main FINE stats loaded from database: null
04-24 17:25:50.164 31955 32121 D StatsDataStore: 1745504750164 2025-04-24 17:25:50 com.anagog.jedai.core.metrics.stats.datastore.StatsDataStore 379 jedai-main FINE isStatUpdated oldStat: null, newStat: StatsModel{mName='IsWifiConnected', mIndex1='null', mIndex2='null', mTimeRange=OVERALL, mFrom=TomerRDate{mTomerRDate=20250424, mTimestamp=1745504747279}, mTo=TomerRDate{mTomerRDate=20371215, mTimestamp=2144448000000}, mTimestamp=1745504750164, mTimestampLocal=1745515550164, mStringValue='TRUE', mDecimalValue=null, mIntegerValue=null, mDataType=STRING, mStatus=2}, result: true
04-24 17:25:50.165 31955 32121 D StatsDataStore: 1745504750165 2025-04-24 17:25:50 com.anagog.jedai.core.metrics.stats.datastore.StatsDataStore 379 jedai-main FINE about to store model: StatsModel{mName='IsWifiConnected', mIndex1='null', mIndex2='null', mTimeRange=OVERALL, mFrom=TomerRDate{mTomerRDate=20250424, mTimestamp=1745504747279}, mTo=TomerRDate{mTomerRDate=20371215, mTimestamp=2144448000000}, mTimestamp=1745504750164, mTimestampLocal=1745515550164, mStringValue='TRUE', mDecimalValue=null, mIntegerValue=null, mDataType=STRING, mStatus=2}
04-24 17:25:50.167 31955 32121 W StatsDaoImpl: 1745504750167 2025-04-24 17:25:50 com.anagog.jedai.core.metrics.stats.StatsDaoImpl 379 jedai-main WARNING Failed to replace stats in database name: IsWifiConnected, index1: null, index2: null, timeRange: OVERALL
04-24 17:25:50.167 31955 32121 D StatsDataStore: 1745504750167 2025-04-24 17:25:50 com.anagog.jedai.core.metrics.stats.datastore.StatsDataStore 379 jedai-main FINE database updated for IsWifiConnected stat, took: 2 ms isSucceed: true
04-24 17:25:50.167 31955 32121 D StatsCache: 1745504750167 2025-04-24 17:25:50 com.anagog.jedai.core.metrics.stats.datastore.StatsCache 379 jedai-main FINE set value to cache: StatsModel{mName='IsWifiConnected', mIndex1='null', mIndex2='null', mTimeRange=OVERALL, mFrom=TomerRDate{mTomerRDate=20250424, mTimestamp=1745504747279}, mTo=TomerRDate{mTomerRDate=20371215, mTimestamp=2144448000000}, mTimestamp=1745504750164, mTimestampLocal=1745515550164, mStringValue='TRUE', mDecimalValue=null, mIntegerValue=null, mDataType=STRING, mStatus=2}
04-24 17:25:50.167 31955 32121 D StatsCache: 1745504750167 2025-04-24 17:25:50 com.anagog.jedai.core.metrics.stats.datastore.StatsCache 379 jedai-main FINE cache values: [18]
04-24 17:25:50.169 31955 32121 D EventManagerImpl: 1745504750169 2025-04-24 17:25:50 com.anagog.jedai.core.event.EventManagerImpl 379 jedai-main FINE About to send application event: ApplicationEvent(
04-24 17:25:50.169 31955 32121 D EventManagerImpl:     identifier='LocalNetworkSession', 
04-24 17:25:50.169 31955 32121 D EventManagerImpl:     textParameters={alias=unknown, state=start}, 
04-24 17:25:50.169 31955 32121 D EventManagerImpl:     numericParameters={}, 
04-24 17:25:50.169 31955 32121 D EventManagerImpl:     booleanParameters={}, 
04-24 17:25:50.169 31955 32121 D EventManagerImpl:     locationParameters={},
04-24 17:25:50.169 31955 32121 D EventManagerImpl:     isInternal=true
04-24 17:25:50.169 31955 32121 D EventManagerImpl: ) 
04-24 17:25:50.170 31955 32121 D EventManagerImpl: 1745504750170 2025-04-24 17:25:50 com.anagog.jedai.core.event.EventManagerImpl 379 jedai-main FINE About to send application event: ApplicationEvent(
04-24 17:25:50.170 31955 32121 D EventManagerImpl:     identifier='LocalNetworkSession', 
04-24 17:25:50.170 31955 32121 D EventManagerImpl:     textParameters={alias=unknown, state=start}, 
04-24 17:25:50.170 31955 32121 D EventManagerImpl:     numericParameters={}, 
04-24 17:25:50.170 31955 32121 D EventManagerImpl:     booleanParameters={}, 
04-24 17:25:50.170 31955 32121 D EventManagerImpl:     locationParameters={},
04-24 17:25:50.170 31955 32121 D EventManagerImpl:     isInternal=true
04-24 17:25:50.170 31955 32121 D EventManagerImpl: ) 
04-24 17:25:50.170 31955 32121 I LambdaManager: 1745504750170 2025-04-24 17:25:50 com.anagog.jedai.jema.LambdaManager 379 jedai-main INFO about to run event[LocalNetworkSession] in campaign [[]]
04-24 17:25:50.171 31955 32121 D StatsDataStore: 1745504750171 2025-04-24 17:25:50 com.anagog.jedai.core.metrics.stats.datastore.StatsDataStore 379 jedai-main FINE about to set stats in cache: TimeStationaryInVehicle, USER_DEFINED_INTEGER, StatsValue{mType=USER_DEFINED_INTEGER, mStringValue='null', mDecimalValue=0.0, mIntegerValue=0}, null, null, OVERALL
04-24 17:25:50.172 31955 32121 D StatsDataStore: 1745504750172 2025-04-24 17:25:50 com.anagog.jedai.core.metrics.stats.datastore.StatsDataStore 379 jedai-main FINE about to get stat by query: TimeStationaryInVehicle.overall
04-24 17:25:50.172 31955 32121 D StatsCache: 1745504750172 2025-04-24 17:25:50 com.anagog.jedai.core.metrics.stats.datastore.StatsCache 379 jedai-main FINE about to get stat by MsQuery: TimeStationaryInVehicle.overall, stat: null
04-24 17:25:50.173 31955 32121 D StatsDataStore: 1745504750172 2025-04-24 17:25:50 com.anagog.jedai.core.metrics.stats.datastore.StatsDataStore 379 jedai-main FINE stats loaded from database: null
04-24 17:25:50.173 31955 32121 D StatsDataStore: 1745504750173 2025-04-24 17:25:50 com.anagog.jedai.core.metrics.stats.datastore.StatsDataStore 379 jedai-main FINE isStatUpdated oldStat: null, newStat: StatsModel{mName='TimeStationaryInVehicle', mIndex1='null', mIndex2='null', mTimeRange=OVERALL, mFrom=TomerRDate{mTomerRDate=20250424, mTimestamp=1745504747279}, mTo=TomerRDate{mTomerRDate=20371215, mTimestamp=2144448000000}, mTimestamp=1745504750172, mTimestampLocal=1745515550172, mStringValue='null', mDecimalValue=null, mIntegerValue=0, mDataType=INTEGER, mStatus=2}, result: true
04-24 17:25:50.174 31955 32121 D StatsDataStore: 1745504750174 2025-04-24 17:25:50 com.anagog.jedai.core.metrics.stats.datastore.StatsDataStore 379 jedai-main FINE about to store model: StatsModel{mName='TimeStationaryInVehicle', mIndex1='null', mIndex2='null', mTimeRange=OVERALL, mFrom=TomerRDate{mTomerRDate=20250424, mTimestamp=1745504747279}, mTo=TomerRDate{mTomerRDate=20371215, mTimestamp=2144448000000}, mTimestamp=1745504750172, mTimestampLocal=1745515550172, mStringValue='null', mDecimalValue=null, mIntegerValue=0, mDataType=INTEGER, mStatus=2}
04-24 17:25:50.177 31955 32121 W StatsDaoImpl: 1745504750177 2025-04-24 17:25:50 com.anagog.jedai.core.metrics.stats.StatsDaoImpl 379 jedai-main WARNING Failed to replace stats in database name: TimeStationaryInVehicle, index1: null, index2: null, timeRange: OVERALL
04-24 17:25:50.177 31955 32121 D StatsDataStore: 1745504750177 2025-04-24 17:25:50 com.anagog.jedai.core.metrics.stats.datastore.StatsDataStore 379 jedai-main FINE database updated for TimeStationaryInVehicle stat, took: 3 ms isSucceed: true
04-24 17:25:50.177 31955 32121 D StatsCache: 1745504750177 2025-04-24 17:25:50 com.anagog.jedai.core.metrics.stats.datastore.StatsCache 379 jedai-main FINE set value to cache: StatsModel{mName='TimeStationaryInVehicle', mIndex1='null', mIndex2='null', mTimeRange=OVERALL, mFrom=TomerRDate{mTomerRDate=20250424, mTimestamp=1745504747279}, mTo=TomerRDate{mTomerRDate=20371215, mTimestamp=2144448000000}, mTimestamp=1745504750172, mTimestampLocal=1745515550172, mStringValue='null', mDecimalValue=null, mIntegerValue=0, mDataType=INTEGER, mStatus=2}
04-24 17:25:50.177 31955 32121 D StatsCache: 1745504750177 2025-04-24 17:25:50 com.anagog.jedai.core.metrics.stats.datastore.StatsCache 379 jedai-main FINE cache values: [19]
04-24 17:25:50.178 31955 32121 D StatsDataStore: 1745504750178 2025-04-24 17:25:50 com.anagog.jedai.core.metrics.stats.datastore.StatsDataStore 379 jedai-main FINE about to set stats in cache: TimeDurationAtHome, USER_DEFINED_INTEGER, StatsValue{mType=USER_DEFINED_INTEGER, mStringValue='null', mDecimalValue=0.0, mIntegerValue=0}, null, null, OVERALL
04-24 17:25:50.179 31955 32121 D StatsDataStore: 1745504750179 2025-04-24 17:25:50 com.anagog.jedai.core.metrics.stats.datastore.StatsDataStore 379 jedai-main FINE about to get stat by query: TimeDurationAtHome.overall
04-24 17:25:50.179 31955 32121 D StatsCache: 1745504750179 2025-04-24 17:25:50 com.anagog.jedai.core.metrics.stats.datastore.StatsCache 379 jedai-main FINE about to get stat by MsQuery: TimeDurationAtHome.overall, stat: null
04-24 17:25:50.180 31955 32121 D StatsDataStore: 1745504750180 2025-04-24 17:25:50 com.anagog.jedai.core.metrics.stats.datastore.StatsDataStore 379 jedai-main FINE stats loaded from database: null
04-24 17:25:50.180 31955 32121 D StatsDataStore: 1745504750180 2025-04-24 17:25:50 com.anagog.jedai.core.metrics.stats.datastore.StatsDataStore 379 jedai-main FINE isStatUpdated oldStat: null, newStat: StatsModel{mName='TimeDurationAtHome', mIndex1='null', mIndex2='null', mTimeRange=OVERALL, mFrom=TomerRDate{mTomerRDate=20250424, mTimestamp=1745504747279}, mTo=TomerRDate{mTomerRDate=20371215, mTimestamp=2144448000000}, mTimestamp=1745504750179, mTimestampLocal=1745515550179, mStringValue='null', mDecimalValue=null, mIntegerValue=0, mDataType=INTEGER, mStatus=2}, result: true
04-24 17:25:50.180 31955 32121 D StatsDataStore: 1745504750180 2025-04-24 17:25:50 com.anagog.jedai.core.metrics.stats.datastore.StatsDataStore 379 jedai-main FINE about to store model: StatsModel{mName='TimeDurationAtHome', mIndex1='null', mIndex2='null', mTimeRange=OVERALL, mFrom=TomerRDate{mTomerRDate=20250424, mTimestamp=1745504747279}, mTo=TomerRDate{mTomerRDate=20371215, mTimestamp=2144448000000}, mTimestamp=1745504750179, mTimestampLocal=1745515550179, mStringValue='null', mDecimalValue=null, mIntegerValue=0, mDataType=INTEGER, mStatus=2}
04-24 17:25:50.183 31955 32121 W StatsDaoImpl: 1745504750183 2025-04-24 17:25:50 com.anagog.jedai.core.metrics.stats.StatsDaoImpl 379 jedai-main WARNING Failed to replace stats in database name: TimeDurationAtHome, index1: null, index2: null, timeRange: OVERALL
04-24 17:25:50.184 31955 32121 D StatsDataStore: 1745504750184 2025-04-24 17:25:50 com.anagog.jedai.core.metrics.stats.datastore.StatsDataStore 379 jedai-main FINE database updated for TimeDurationAtHome stat, took: 4 ms isSucceed: true
04-24 17:25:50.184 31955 32121 D StatsCache: 1745504750184 2025-04-24 17:25:50 com.anagog.jedai.core.metrics.stats.datastore.StatsCache 379 jedai-main FINE set value to cache: StatsModel{mName='TimeDurationAtHome', mIndex1='null', mIndex2='null', mTimeRange=OVERALL, mFrom=TomerRDate{mTomerRDate=20250424, mTimestamp=1745504747279}, mTo=TomerRDate{mTomerRDate=20371215, mTimestamp=2144448000000}, mTimestamp=1745504750179, mTimestampLocal=1745515550179, mStringValue='null', mDecimalValue=null, mIntegerValue=0, mDataType=INTEGER, mStatus=2}
04-24 17:25:50.184 31955 32121 D StatsCache: 1745504750184 2025-04-24 17:25:50 com.anagog.jedai.core.metrics.stats.datastore.StatsCache 379 jedai-main FINE cache values: [20]
04-24 17:25:50.186 31955 32121 D StatsDataStore: 1745504750186 2025-04-24 17:25:50 com.anagog.jedai.core.metrics.stats.datastore.StatsDataStore 379 jedai-main FINE about to set stats in cache: HomeStayDays, USER_DEFINED_INTEGER, StatsValue{mType=USER_DEFINED_INTEGER, mStringValue='null', mDecimalValue=0.0, mIntegerValue=0}, null, null, OVERALL
04-24 17:25:50.186 31955 32121 D StatsDataStore: 1745504750186 2025-04-24 17:25:50 com.anagog.jedai.core.metrics.stats.datastore.StatsDataStore 379 jedai-main FINE about to get stat by query: HomeStayDays.overall
04-24 17:25:50.187 31955 32121 D StatsCache: 1745504750186 2025-04-24 17:25:50 com.anagog.jedai.core.metrics.stats.datastore.StatsCache 379 jedai-main FINE about to get stat by MsQuery: HomeStayDays.overall, stat: null
04-24 17:25:50.187 31955 32121 D StatsDataStore: 1745504750187 2025-04-24 17:25:50 com.anagog.jedai.core.metrics.stats.datastore.StatsDataStore 379 jedai-main FINE stats loaded from database: null
04-24 17:25:50.188 31955 32121 D StatsDataStore: 1745504750188 2025-04-24 17:25:50 com.anagog.jedai.core.metrics.stats.datastore.StatsDataStore 379 jedai-main FINE isStatUpdated oldStat: null, newStat: StatsModel{mName='HomeStayDays', mIndex1='null', mIndex2='null', mTimeRange=OVERALL, mFrom=TomerRDate{mTomerRDate=20250424, mTimestamp=1745504747279}, mTo=TomerRDate{mTomerRDate=20371215, mTimestamp=2144448000000}, mTimestamp=1745504750186, mTimestampLocal=1745515550186, mStringValue='null', mDecimalValue=null, mIntegerValue=0, mDataType=INTEGER, mStatus=2}, result: true
04-24 17:25:50.188 31955 32121 D StatsDataStore: 1745504750188 2025-04-24 17:25:50 com.anagog.jedai.core.metrics.stats.datastore.StatsDataStore 379 jedai-main FINE about to store model: StatsModel{mName='HomeStayDays', mIndex1='null', mIndex2='null', mTimeRange=OVERALL, mFrom=TomerRDate{mTomerRDate=20250424, mTimestamp=1745504747279}, mTo=TomerRDate{mTomerRDate=20371215, mTimestamp=2144448000000}, mTimestamp=1745504750186, mTimestampLocal=1745515550186, mStringValue='null', mDecimalValue=null, mIntegerValue=0, mDataType=INTEGER, mStatus=2}
04-24 17:25:50.192 31955 32121 W StatsDaoImpl: 1745504750192 2025-04-24 17:25:50 com.anagog.jedai.core.metrics.stats.StatsDaoImpl 379 jedai-main WARNING Failed to replace stats in database name: HomeStayDays, index1: null, index2: null, timeRange: OVERALL
04-24 17:25:50.192 31955 32121 D StatsDataStore: 1745504750192 2025-04-24 17:25:50 com.anagog.jedai.core.metrics.stats.datastore.StatsDataStore 379 jedai-main FINE database updated for HomeStayDays stat, took: 4 ms isSucceed: true
04-24 17:25:50.192 31955 32121 D StatsCache: 1745504750192 2025-04-24 17:25:50 com.anagog.jedai.core.metrics.stats.datastore.StatsCache 379 jedai-main FINE set value to cache: StatsModel{mName='HomeStayDays', mIndex1='null', mIndex2='null', mTimeRange=OVERALL, mFrom=TomerRDate{mTomerRDate=20250424, mTimestamp=1745504747279}, mTo=TomerRDate{mTomerRDate=20371215, mTimestamp=2144448000000}, mTimestamp=1745504750186, mTimestampLocal=1745515550186, mStringValue='null', mDecimalValue=null, mIntegerValue=0, mDataType=INTEGER, mStatus=2}
04-24 17:25:50.192 31955 32121 D StatsCache: 1745504750192 2025-04-24 17:25:50 com.anagog.jedai.core.metrics.stats.datastore.StatsCache 379 jedai-main FINE cache values: [21]
04-24 17:25:50.193 31955 32121 D StatsDataStore: 1745504750193 2025-04-24 17:25:50 com.anagog.jedai.core.metrics.stats.datastore.StatsDataStore 379 jedai-main FINE about to set stats in cache: TimeDurationAtOffice, USER_DEFINED_INTEGER, StatsValue{mType=USER_DEFINED_INTEGER, mStringValue='null', mDecimalValue=0.0, mIntegerValue=0}, null, null, OVERALL
04-24 17:25:50.194 31955 32121 D StatsDataStore: 1745504750194 2025-04-24 17:25:50 com.anagog.jedai.core.metrics.stats.datastore.StatsDataStore 379 jedai-main FINE about to get stat by query: TimeDurationAtOffice.overall
04-24 17:25:50.194 31955 32121 D StatsCache: 1745504750194 2025-04-24 17:25:50 com.anagog.jedai.core.metrics.stats.datastore.StatsCache 379 jedai-main FINE about to get stat by MsQuery: TimeDurationAtOffice.overall, stat: null
04-24 17:25:50.194 31955 32121 D StatsDataStore: 1745504750194 2025-04-24 17:25:50 com.anagog.jedai.core.metrics.stats.datastore.StatsDataStore 379 jedai-main FINE stats loaded from database: null
04-24 17:25:50.195 31955 32121 D StatsDataStore: 1745504750195 2025-04-24 17:25:50 com.anagog.jedai.core.metrics.stats.datastore.StatsDataStore 379 jedai-main FINE isStatUpdated oldStat: null, newStat: StatsModel{mName='TimeDurationAtOffice', mIndex1='null', mIndex2='null', mTimeRange=OVERALL, mFrom=TomerRDate{mTomerRDate=20250424, mTimestamp=1745504747279}, mTo=TomerRDate{mTomerRDate=20371215, mTimestamp=2144448000000}, mTimestamp=1745504750193, mTimestampLocal=1745515550193, mStringValue='null', mDecimalValue=null, mIntegerValue=0, mDataType=INTEGER, mStatus=2}, result: true
04-24 17:25:50.195 31955 32121 D StatsDataStore: 1745504750195 2025-04-24 17:25:50 com.anagog.jedai.core.metrics.stats.datastore.StatsDataStore 379 jedai-main FINE about to store model: StatsModel{mName='TimeDurationAtOffice', mIndex1='null', mIndex2='null', mTimeRange=OVERALL, mFrom=TomerRDate{mTomerRDate=20250424, mTimestamp=1745504747279}, mTo=TomerRDate{mTomerRDate=20371215, mTimestamp=2144448000000}, mTimestamp=1745504750193, mTimestampLocal=1745515550193, mStringValue='null', mDecimalValue=null, mIntegerValue=0, mDataType=INTEGER, mStatus=2}
04-24 17:25:50.198 31955 32121 W StatsDaoImpl: 1745504750197 2025-04-24 17:25:50 com.anagog.jedai.core.metrics.stats.StatsDaoImpl 379 jedai-main WARNING Failed to replace stats in database name: TimeDurationAtOffice, index1: null, index2: null, timeRange: OVERALL
04-24 17:25:50.198 31955 32121 D StatsDataStore: 1745504750198 2025-04-24 17:25:50 com.anagog.jedai.core.metrics.stats.datastore.StatsDataStore 379 jedai-main FINE database updated for TimeDurationAtOffice stat, took: 3 ms isSucceed: true
04-24 17:25:50.198 31955 32121 D StatsCache: 1745504750198 2025-04-24 17:25:50 com.anagog.jedai.core.metrics.stats.datastore.StatsCache 379 jedai-main FINE set value to cache: StatsModel{mName='TimeDurationAtOffice', mIndex1='null', mIndex2='null', mTimeRange=OVERALL, mFrom=TomerRDate{mTomerRDate=20250424, mTimestamp=1745504747279}, mTo=TomerRDate{mTomerRDate=20371215, mTimestamp=2144448000000}, mTimestamp=1745504750193, mTimestampLocal=1745515550193, mStringValue='null', mDecimalValue=null, mIntegerValue=0, mDataType=INTEGER, mStatus=2}
04-24 17:25:50.198 31955 32121 D StatsCache: 1745504750198 2025-04-24 17:25:50 com.anagog.jedai.core.metrics.stats.datastore.StatsCache 379 jedai-main FINE cache values: [22]
04-24 17:25:50.199 31955 32121 D StatsDataStore: 1745504750199 2025-04-24 17:25:50 com.anagog.jedai.core.metrics.stats.datastore.StatsDataStore 379 jedai-main FINE about to set stats in cache: CurrentContext, USER_DEFINED_STRING, StatsValue{mType=USER_DEFINED_STRING, mStringValue='Other', mDecimalValue=0.0, mIntegerValue=0}, null, null, OVERALL
04-24 17:25:50.199 31955 32121 D StatsDataStore: 1745504750199 2025-04-24 17:25:50 com.anagog.jedai.core.metrics.stats.datastore.StatsDataStore 379 jedai-main FINE about to get stat by query: CurrentContext.overall
04-24 17:25:50.199 31955 32121 D StatsCache: 1745504750199 2025-04-24 17:25:50 com.anagog.jedai.core.metrics.stats.datastore.StatsCache 379 jedai-main FINE about to get stat by MsQuery: CurrentContext.overall, stat: null
04-24 17:25:50.200 31955 32121 D StatsDataStore: 1745504750200 2025-04-24 17:25:50 com.anagog.jedai.core.metrics.stats.datastore.StatsDataStore 379 jedai-main FINE stats loaded from database: null
04-24 17:25:50.200 31955 32121 D StatsDataStore: 1745504750200 2025-04-24 17:25:50 com.anagog.jedai.core.metrics.stats.datastore.StatsDataStore 379 jedai-main FINE isStatUpdated oldStat: null, newStat: StatsModel{mName='CurrentContext', mIndex1='null', mIndex2='null', mTimeRange=OVERALL, mFrom=TomerRDate{mTomerRDate=20250424, mTimestamp=1745504747279}, mTo=TomerRDate{mTomerRDate=20371215, mTimestamp=2144448000000}, mTimestamp=1745504750199, mTimestampLocal=1745515550199, mStringValue='Other', mDecimalValue=null, mIntegerValue=null, mDataType=STRING, mStatus=2}, result: true
04-24 17:25:50.200 31955 32121 D StatsDataStore: 1745504750200 2025-04-24 17:25:50 com.anagog.jedai.core.metrics.stats.datastore.StatsDataStore 379 jedai-main FINE about to store model: StatsModel{mName='CurrentContext', mIndex1='null', mIndex2='null', mTimeRange=OVERALL, mFrom=TomerRDate{mTomerRDate=20250424, mTimestamp=1745504747279}, mTo=TomerRDate{mTomerRDate=20371215, mTimestamp=2144448000000}, mTimestamp=1745504750199, mTimestampLocal=1745515550199, mStringValue='Other', mDecimalValue=null, mIntegerValue=null, mDataType=STRING, mStatus=2}
04-24 17:25:50.204 31955 32121 W StatsDaoImpl: 1745504750204 2025-04-24 17:25:50 com.anagog.jedai.core.metrics.stats.StatsDaoImpl 379 jedai-main WARNING Failed to replace stats in database name: CurrentContext, index1: null, index2: null, timeRange: OVERALL
04-24 17:25:50.204 31955 32121 D StatsDataStore: 1745504750204 2025-04-24 17:25:50 com.anagog.jedai.core.metrics.stats.datastore.StatsDataStore 379 jedai-main FINE database updated for CurrentContext stat, took: 4 ms isSucceed: true
04-24 17:25:50.204 31955 32121 D StatsCache: 1745504750204 2025-04-24 17:25:50 com.anagog.jedai.core.metrics.stats.datastore.StatsCache 379 jedai-main FINE set value to cache: StatsModel{mName='CurrentContext', mIndex1='null', mIndex2='null', mTimeRange=OVERALL, mFrom=TomerRDate{mTomerRDate=20250424, mTimestamp=1745504747279}, mTo=TomerRDate{mTomerRDate=20371215, mTimestamp=2144448000000}, mTimestamp=1745504750199, mTimestampLocal=1745515550199, mStringValue='Other', mDecimalValue=null, mIntegerValue=null, mDataType=STRING, mStatus=2}
04-24 17:25:50.204 31955 32121 D StatsCache: 1745504750204 2025-04-24 17:25:50 com.anagog.jedai.core.metrics.stats.datastore.StatsCache 379 jedai-main FINE cache values: [23]
04-24 17:25:50.208 31955 32333 I DeepMs  : 1745504750208 2025-04-24 17:25:50 com.anagog.jedai.extension.DeepMs 444 androidx.work-3 INFO 1 min pulse
04-24 17:25:50.209 31955 32333 I DeepMs  : 1745504750208 2025-04-24 17:25:50 com.anagog.jedai.extension.DeepMs 444 androidx.work-3 INFO timezone id:Asia/Jerusalem
04-24 17:25:50.209 31955 32333 I DeepMs  : 1745504750209 2025-04-24 17:25:50 com.anagog.jedai.extension.DeepMs 444 androidx.work-3 INFO CPU, CpuTotal=0
04-24 17:25:50.209 31955 32333 I DeepMs  : 1745504750209 2025-04-24 17:25:50 com.anagog.jedai.extension.DeepMs 444 androidx.work-3 INFO CPU, TimeTotal=0
04-24 17:25:50.210 31955 32121 D StatsDataStore: 1745504750210 2025-04-24 17:25:50 com.anagog.jedai.core.metrics.stats.datastore.StatsDataStore 379 jedai-main FINE about to set stats in cache: CurrentlyDriving, USER_DEFINED_STRING, StatsValue{mType=USER_DEFINED_STRING, mStringValue='FALSE', mDecimalValue=0.0, mIntegerValue=0}, null, null, OVERALL
04-24 17:25:50.210 31955 32333 I DeepMs  : 1745504750210 2025-04-24 17:25:50 com.anagog.jedai.extension.DeepMs 444 androidx.work-3 INFO CPU, TotalTime=9386, ProcessTime=4361
04-24 17:25:50.210 31955 32121 D StatsDataStore: 1745504750210 2025-04-24 17:25:50 com.anagog.jedai.core.metrics.stats.datastore.StatsDataStore 379 jedai-main FINE about to get stat by query: CurrentlyDriving.overall
04-24 17:25:50.210 31955 32121 D StatsCache: 1745504750210 2025-04-24 17:25:50 com.anagog.jedai.core.metrics.stats.datastore.StatsCache 379 jedai-main FINE about to get stat by MsQuery: CurrentlyDriving.overall, stat: null
04-24 17:25:50.211 31955 32121 D StatsDataStore: 1745504750211 2025-04-24 17:25:50 com.anagog.jedai.core.metrics.stats.datastore.StatsDataStore 379 jedai-main FINE stats loaded from database: null
04-24 17:25:50.211 31955 32333 E ConfigurationManager: 1745504750211 2025-04-24 17:25:50 com.anagog.jedai.extension.ConfigurationManager 444 androidx.work-3 SEVERE Exception reading file: notification_file.bin - java.io.FileNotFoundException: /data/user/0/com.anagog.jedai.jedaidemo/files/notification_file.bin: open failed: ENOENT (No such file or directory)
04-24 17:25:50.211 31955 32121 D StatsDataStore: 1745504750211 2025-04-24 17:25:50 com.anagog.jedai.core.metrics.stats.datastore.StatsDataStore 379 jedai-main FINE isStatUpdated oldStat: null, newStat: StatsModel{mName='CurrentlyDriving', mIndex1='null', mIndex2='null', mTimeRange=OVERALL, mFrom=TomerRDate{mTomerRDate=20250424, mTimestamp=1745504747279}, mTo=TomerRDate{mTomerRDate=20371215, mTimestamp=2144448000000}, mTimestamp=1745504750210, mTimestampLocal=1745515550210, mStringValue='FALSE', mDecimalValue=null, mIntegerValue=null, mDataType=STRING, mStatus=2}, result: true
04-24 17:25:50.211 31955 32333 I DeepMs  : 1745504750211 2025-04-24 17:25:50 com.anagog.jedai.extension.DeepMs 444 androidx.work-3 INFO 15 min pulse
04-24 17:25:50.212 31955 32121 D StatsDataStore: 1745504750212 2025-04-24 17:25:50 com.anagog.jedai.core.metrics.stats.datastore.StatsDataStore 379 jedai-main FINE about to store model: StatsModel{mName='CurrentlyDriving', mIndex1='null', mIndex2='null', mTimeRange=OVERALL, mFrom=TomerRDate{mTomerRDate=20250424, mTimestamp=1745504747279}, mTo=TomerRDate{mTomerRDate=20371215, mTimestamp=2144448000000}, mTimestamp=1745504750210, mTimestampLocal=1745515550210, mStringValue='FALSE', mDecimalValue=null, mIntegerValue=null, mDataType=STRING, mStatus=2}
04-24 17:25:50.215 31955 32121 W StatsDaoImpl: 1745504750215 2025-04-24 17:25:50 com.anagog.jedai.core.metrics.stats.StatsDaoImpl 379 jedai-main WARNING Failed to replace stats in database name: CurrentlyDriving, index1: null, index2: null, timeRange: OVERALL
04-24 17:25:50.215 31955 32121 D StatsDataStore: 1745504750215 2025-04-24 17:25:50 com.anagog.jedai.core.metrics.stats.datastore.StatsDataStore 379 jedai-main FINE database updated for CurrentlyDriving stat, took: 3 ms isSucceed: true
04-24 17:25:50.215 31955 32121 D StatsCache: 1745504750215 2025-04-24 17:25:50 com.anagog.jedai.core.metrics.stats.datastore.StatsCache 379 jedai-main FINE set value to cache: StatsModel{mName='CurrentlyDriving', mIndex1='null', mIndex2='null', mTimeRange=OVERALL, mFrom=TomerRDate{mTomerRDate=20250424, mTimestamp=1745504747279}, mTo=TomerRDate{mTomerRDate=20371215, mTimestamp=2144448000000}, mTimestamp=1745504750210, mTimestampLocal=1745515550210, mStringValue='FALSE', mDecimalValue=null, mIntegerValue=null, mDataType=STRING, mStatus=2}
04-24 17:25:50.216 31955 32121 D StatsCache: 1745504750215 2025-04-24 17:25:50 com.anagog.jedai.core.metrics.stats.datastore.StatsCache 379 jedai-main FINE cache values: [24]
04-24 17:25:50.217 31955 32121 D StatsDataStore: 1745504750216 2025-04-24 17:25:50 com.anagog.jedai.core.metrics.stats.datastore.StatsDataStore 379 jedai-main FINE about to set stats in cache: CurrentTimeZone, USER_DEFINED_STRING, StatsValue{mType=USER_DEFINED_STRING, mStringValue='Asia/Jerusalem', mDecimalValue=0.0, mIntegerValue=0}, null, null, OVERALL
04-24 17:25:50.217 31955 32121 D StatsDataStore: 1745504750217 2025-04-24 17:25:50 com.anagog.jedai.core.metrics.stats.datastore.StatsDataStore 379 jedai-main FINE about to get stat by query: CurrentTimeZone.overall
