--------- beginning of main
04-24 17:25:40.764 31955 31955 I jedai.jedaidemo: Late-enabling -Xcheck:jni
04-24 17:25:40.775 31955 31955 I jedai.jedaidemo: Using CollectorTypeCC GC.
04-24 17:25:40.824 31955 31955 D CompatibilityChangeReporter: Compat change id reported: 171979766; UID 10248; state: ENABLED
04-24 17:25:40.824 31955 31955 D CompatibilityChangeReporter: Compat change id reported: 242716250; UID 10248; state: ENABLED
04-24 17:25:40.840 31955 31955 D nativeloader: Configuring clns-6 for other apk /system/framework/org.apache.http.legacy.jar. target_sdk_version=34, uses_libraries=ALL, library_path=/data/app/~~I8oTzAExPfCCQ3c1LGMmvg==/com.anagog.jedai.jedaidemo-mcYVlaMha9omfYVbFNzKhQ==/lib/arm64:/data/app/~~I8oTzAExPfCCQ3c1LGMmvg==/com.anagog.jedai.jedaidemo-mcYVlaMha9omfYVbFNzKhQ==/base.apk!/lib/arm64-v8a, permitted_path=/data:/mnt/expand:/data/user/0/com.anagog.jedai.jedaidemo
04-24 17:25:40.840 31955 31955 D ApplicationLoaders: Returning zygote-cached class loader: /system_ext/framework/androidx.window.extensions.jar
04-24 17:25:40.840 31955 31955 D ApplicationLoaders: Returning zygote-cached class loader: /system_ext/framework/androidx.window.sidecar.jar
04-24 17:25:40.841 31955 31955 W ziparchive: Unable to open '/data/app/~~I8oTzAExPfCCQ3c1LGMmvg==/com.anagog.jedai.jedaidemo-mcYVlaMha9omfYVbFNzKhQ==/base.dm': No such file or directory
04-24 17:25:40.841 31955 31955 W ziparchive: Unable to open '/data/app/~~I8oTzAExPfCCQ3c1LGMmvg==/com.anagog.jedai.jedaidemo-mcYVlaMha9omfYVbFNzKhQ==/base.dm': No such file or directory
04-24 17:25:41.299 31955 31955 D nativeloader: Configuring clns-7 for other apk /data/app/~~I8oTzAExPfCCQ3c1LGMmvg==/com.anagog.jedai.jedaidemo-mcYVlaMha9omfYVbFNzKhQ==/base.apk. target_sdk_version=34, uses_libraries=, library_path=/data/app/~~I8oTzAExPfCCQ3c1LGMmvg==/com.anagog.jedai.jedaidemo-mcYVlaMha9omfYVbFNzKhQ==/lib/arm64:/data/app/~~I8oTzAExPfCCQ3c1LGMmvg==/com.anagog.jedai.jedaidemo-mcYVlaMha9omfYVbFNzKhQ==/base.apk!/lib/arm64-v8a, permitted_path=/data:/mnt/expand:/data/user/0/com.anagog.jedai.jedaidemo
04-24 17:25:41.306 31955 31955 V GraphicsEnvironment: Currently set values for:
04-24 17:25:41.306 31955 31955 V GraphicsEnvironment:   angle_gl_driver_selection_pkgs=[]
04-24 17:25:41.306 31955 31955 V GraphicsEnvironment:   angle_gl_driver_selection_values=[]
04-24 17:25:41.307 31955 31955 V GraphicsEnvironment: ANGLE GameManagerService for com.anagog.jedai.jedaidemo: false
04-24 17:25:41.307 31955 31955 V GraphicsEnvironment: com.anagog.jedai.jedaidemo is not listed in per-application setting
04-24 17:25:41.307 31955 31955 V GraphicsEnvironment: Neither updatable production driver nor prerelease driver is supported.
04-24 17:25:41.340 31955 31955 I MultiDex: VM with version 2.1.0 has multidex support
04-24 17:25:41.341 31955 31955 I MultiDex: Installing application
04-24 17:25:41.341 31955 31955 I MultiDex: VM has multidex support, MultiDex support library is disabled.
04-24 17:25:41.350 31955 31955 D CompatibilityChangeReporter: Compat change id reported: 183155436; UID 10248; state: ENABLED
04-24 17:25:41.357 31955 31955 D SessionsDependencies: Dependency to CRASHLYTICS added.
04-24 17:25:41.366 31955 31955 I FirebaseApp: Device unlocked: initializing all Firebase APIs for app [DEFAULT]
04-24 17:25:41.370 31955 31955 D CompatibilityChangeReporter: Compat change id reported: 3400644; UID 10248; state: ENABLED
04-24 17:25:41.371 31955 31955 I FirebaseCrashlytics: Initializing Firebase Crashlytics 19.3.0 for com.anagog.jedai.jedaidemo
04-24 17:25:41.395 31955 31955 D SessionsDependencies: Subscriber CRASHLYTICS registered.
04-24 17:25:41.417 31955 32086 W jedai.jedaidemo: ClassLoaderContext classpath size mismatch. expected=13, found=0 (DLC[];PCL[base.apk*1605202515:base.apk!classes2.dex*1634128669:base.apk!classes3.dex*1402910042:base.apk!classes4.dex*2889712262:base.apk!classes5.dex*3565258791:base.apk!classes6.dex*2100716199:base.apk!classes7.dex*3334384629:base.apk!classes8.dex*3216706360:base.apk!classes9.dex*155153970:base.apk!classes10.dex*2994256785:base.apk!classes11.dex*2503147080:base.apk!classes12.dex*1086869963:base.apk!classes13.dex*27205189]{PCL[/system/framework/org.apache.http.legacy.jar*365604908]#PCL[/system/framework/com.android.media.remotedisplay.jar*2114713713]#PCL[/system/framework/com.android.location.provider.jar*3994156536]#PCL[/system_ext/framework/androidx.window.extensions.jar*3801209684]#PCL[/system_ext/framework/androidx.window.sidecar.jar*2709203797]#PCL[/system/framework/org.apache.http.legacy.jar*365604908]} | DLC[];PCL[])
04-24 17:25:41.419 31955 32086 I DynamiteModule: Considering local module com.google.android.gms.measurement.dynamite:127 and remote module com.google.android.gms.measurement.dynamite:141
04-24 17:25:41.419 31955 32086 I DynamiteModule: Selected remote version of com.google.android.gms.measurement.dynamite, version >= 141
04-24 17:25:41.419 31955 32086 V DynamiteModule: Dynamite loader version >= 2, using loadModule2NoCrashUtils
04-24 17:25:41.423 31955 31955 D FirebaseSessions: Initializing Firebase Sessions SDK.
04-24 17:25:41.427 31955 32089 D CompatibilityChangeReporter: Compat change id reported: 247079863; UID 10248; state: ENABLED
04-24 17:25:41.432 31955 32089 D libcrashlytics: Initializing libcrashlytics version 3.2.0
04-24 17:25:41.436 31955 31955 I FirebaseInitProvider: FirebaseApp initialization successful
04-24 17:25:41.441 31955 32089 D libcrashlytics: Initializing native crash handling successful.
04-24 17:25:41.445 31955 31955 D WM-WrkMgrInitializer: Initializing WorkManager with default configuration.
04-24 17:25:41.452 31955 32088 I FirebaseCrashlytics: No version control information found
04-24 17:25:41.461 31955 31955 D WM-PackageManagerHelper: androidx.work.impl.background.systemjob.SystemJobService enabled
04-24 17:25:41.461 31955 31955 D WM-Schedulers: Created SystemJobScheduler and enabled SystemJobService
04-24 17:25:41.478 31955 32106 D CompatibilityChangeReporter: Compat change id reported: 160794467; UID 10248; state: ENABLED
04-24 17:25:41.481 31955 32096 D FirebaseSessions: No Sessions subscribers. Not listening to lifecycle events.
04-24 17:25:41.485 31955 32086 W System  : ClassLoader referenced unknown path: 
04-24 17:25:41.488 31955 32086 D nativeloader: Configuring clns-8 for other apk . target_sdk_version=36, uses_libraries=, library_path=/data/app/~~kyIIm0w65u855VgEzLKx1w==/com.google.android.gms-Qw23WsZPQL06rznsGb_tdA==/lib/arm64:/data/app/~~kyIIm0w65u855VgEzLKx1w==/com.google.android.gms-Qw23WsZPQL06rznsGb_tdA==/base.apk!/lib/arm64-v8a, permitted_path=/data:/mnt/expand:/data/user/0/com.google.android.gms
04-24 17:25:41.507 31955 32086 W jedai.jedaidemo: ClassLoaderContext classpath size mismatch. expected=13, found=20 (DLC[];PCL[base.apk*1605202515:base.apk!classes2.dex*1634128669:base.apk!classes3.dex*1402910042:base.apk!classes4.dex*2889712262:base.apk!classes5.dex*3565258791:base.apk!classes6.dex*2100716199:base.apk!classes7.dex*3334384629:base.apk!classes8.dex*3216706360:base.apk!classes9.dex*155153970:base.apk!classes10.dex*2994256785:base.apk!classes11.dex*2503147080:base.apk!classes12.dex*1086869963:base.apk!classes13.dex*27205189]{PCL[/system/framework/org.apache.http.legacy.jar*365604908]#PCL[/system/framework/com.android.media.remotedisplay.jar*2114713713]#PCL[/system/framework/com.android.location.provider.jar*3994156536]#PCL[/system_ext/framework/androidx.window.extensions.jar*3801209684]#PCL[/system_ext/framework/androidx.window.sidecar.jar*2709203797]#PCL[/system/framework/org.apache.http.legacy.jar*365604908]} | DLC[];PCL[/data/app/~~I8oTzAExPfCCQ3c1LGMmvg==/com.anagog.jedai.jedaidemo-mcYVlaMha9omfYVbFNzKhQ==/base.apk*1090543794:/data/app/~~I8oTzAExPfCCQ3c1LGMmvg==/com.anagog.jedai.jedaidemo-mcYVlaMha9omfYVbFNzKhQ==/base.apk!classes2.dex*1735261902:/data/app/~~I8oTzAExPfCCQ3c1LGMmvg==/com.anagog.jedai.jedaidemo-mcYVlaMha9omfYVbFNzKhQ==/base.apk!classes3.dex*639847054:/data/app/~~I8oTzAExPfCCQ3c1LGMmvg==/com.anagog.jedai.jedaidemo-mcYVlaMha9omfYVbFNzKhQ==/base.apk!classes4.dex*1117794637:/data/app/~~I8oTzAExPfCCQ3c1LGMmvg==/com.anagog.jedai.jedaidemo-mcYVlaMha9omfYVbFNzKhQ==/base.apk!classes5.dex*1216963457:/data/app/~~I8oTzAExPfCCQ3c1LGMmvg==/com.anagog.jedai.jedaidemo-mcYVlaMha9omfYVbFNzKhQ==/base.apk!classes6.dex*1294428024:/data/app/~~I8oTzAExPfCCQ3c1LGMmvg==/com.anagog.jedai.jedaidemo-mcYVlaMha9omfYVbFNzKhQ==/base.apk!classes7.dex*2133684057:/data/app/~~I8oTzAExPfCCQ3c1LGMmvg==/com.anagog.jedai.jedaidemo-mcYVlaMha9omfYVbFNzKhQ==/base.apk!classes8.dex*1317232089:/data/app/~~I8oTzAExPfCCQ3c1LGMmvg==/com.anagog.jedai.jedaidemo-mcYVlaMha9omfYVbFNzKhQ==/base.apk!classes9.dex*3283352446:/data/app/~~I8oTzAExPfCCQ3c1LGMmvg==/com.anagog.jedai.jedaidemo-mcYVlaMha9omfYVbFNzKhQ==/base.apk!classes10.dex*2519563288:/data/app/~~I8oTzAExPfCCQ3c1LGMmvg==/com.anagog.jedai.jedaidemo-mcYVlaMha9omfYVbFNzKhQ==/base.apk!classes11.dex*1244291721:/data/app/~~I8oTzAExPfCCQ3c1LGMmvg==/com.anagog.jedai.jedaidemo-mcYVlaMha9omfYVbFNzKhQ==/base.apk!classes12.dex*3227211193:/data/app/~~I8oTzAExPfCCQ3c1LGMmvg==/com.anagog.jedai.jedaidemo-mcYVlaMha9omfYVbFNzKhQ==/base.apk!classes13.dex*1774029797:/data/app/~~I8oTzAExPfCCQ3c1LGMmvg==/com.anagog.jedai.jedaidemo-mcYVlaMha9omfYVbFNzKhQ==/base.apk!classes14.dex*402151403:/data/app/~~I8oTzAExPfCCQ3c1LGMmvg==/com.anagog.jedai.jedaidemo-mcYVlaMha9omfYVbFNzKhQ==/base.apk!classes15.dex*4045606076:/data/app/~~I8oTzAExPfCCQ3c1LGMmvg==/com.anagog.jedai.jedaidemo-mcYVlaMha9omfYVbFNzKhQ==/base.apk!classes16.dex*863242469:/data/app/~~I8oTzAExPfCCQ3c1LGMmvg==/com.anagog.jedai.jedaidemo-mcYVlaMha9omfYVbFNzKhQ==/base.apk!classes17.dex*1665825634:/data/app/~~I8oTzAExPfCCQ3c1LGMmvg==/com.anagog.jedai.jedaidemo-mcYVlaMha9omfYVbFNzKhQ==/base.apk!classes18.dex*793127431:/data/app/~~I8oTzAExPfCCQ3c1LGMmvg==/com.anagog.jedai.jedaidemo-mcYVlaMha9omfYVbFNzKhQ==/base.apk!classes19.dex*1091292528:/data/app/~~I8oTzAExPfCCQ3c1LGMmvg==/com.anagog.jedai.jedaidemo-mcYVlaMha9omfYVbFNzKhQ==/base.apk!classes20.dex*4262864075]{PCL[/system/framework/org.apache.http.legacy.jar*365604908]#PCL[/system_ext/framework/androidx.window.extensions.jar*3801209684]#PCL[/system_ext/framework/androidx.window.sidecar.jar*2709203797]})
04-24 17:25:41.508 31955 31955 I SignalAccessHelper: signalAccessBuffer: AnagogConfig(notificationChannelId=null, enableAudienceAnalytics=true, jedaiAutoEnabled=false, remoteNotificationEnabled=false, vehicleHighAccuracy=false, inVehicleLocationRateSec=30, signalsAccessLocation=true, signalsAccessBluetooth=true, signalsAccessInstalledApps=true, signalsAccessMotion=true, signalsAccessWifi=true, signalsAccessLan=true, signalsAccessTraceroute=true, netProviderResolution=true, netProviderGeoAwareResolution=false, netProviderUrl=https://stage-api-jedai.anagog.com/poi/isp, enableCampaigns=true, enableDownloadableModels=true, enableReports=true, configurePoi=true, enableInternalLog=true, clientName=com.anagog.jedai.jedaidemo, reportBaseUrl=https://stage-api-jedai.anagog.com/reports/, manifestUrl=https://anagog-jedai-jema-repo.s3.amazonaws.com, remoteConfigUrl=https://stage-api-jedai.anagog.com/config/consume, usageReportUrl=null, poiUrl=https://stage-api-jedai.anagog.com/poi, pnsUrl=https://dev-pns.anagog.com/)
04-24 17:25:41.520 31955 32107 D TrafficStats: tagSocket(93) with statsTag=0x8001, statsUid=-1
04-24 17:25:41.528 31955 31955 I JedaiSdkStarterImpl: setup with config: AnagogConfig(notificationChannelId=null, enableAudienceAnalytics=true, jedaiAutoEnabled=false, remoteNotificationEnabled=false, vehicleHighAccuracy=false, inVehicleLocationRateSec=30, signalsAccessLocation=true, signalsAccessBluetooth=true, signalsAccessInstalledApps=true, signalsAccessMotion=true, signalsAccessWifi=true, signalsAccessLan=true, signalsAccessTraceroute=true, netProviderResolution=true, netProviderGeoAwareResolution=false, netProviderUrl=https://stage-api-jedai.anagog.com/poi/isp, enableCampaigns=true, enableDownloadableModels=true, enableReports=true, configurePoi=true, enableInternalLog=true, clientName=com.anagog.jedai.jedaidemo, reportBaseUrl=https://stage-api-jedai.anagog.com/reports/, manifestUrl=https://anagog-jedai-jema-repo.s3.amazonaws.com, remoteConfigUrl=https://stage-api-jedai.anagog.com/config/consume, usageReportUrl=null, poiUrl=https://stage-api-jedai.anagog.com/poi, pnsUrl=https://dev-pns.anagog.com/)
04-24 17:25:41.530 31955 31955 I JedaiSdkStarterImpl: initJedaiUi: notification channel: jedaidemo_EdgeChannel
04-24 17:25:41.532 31955 32114 W dAIApiWrapperThreadSafe: JedAI Wrapper ThreadSafe: Jedai-Main thread runnable is null, locking the caller thread.
04-24 17:25:41.535 31955 31955 I iNotificationHelperImpl: setService: notificationChannelId: jedaidemo_EdgeChannel
04-24 17:25:41.535 31955 31955 W JedaiSdkStarterImpl: Anagog SDK not enabled, cancel SDK start
04-24 17:25:41.543 31955 31955 I XXX-App : onCreate
04-24 17:25:41.547 31955 31955 I CustomApplication: Registering to BestMoment event!
04-24 17:25:41.551 31955 31955 I CustomApplication: saveNotificationDataForBestMoment: success: false
04-24 17:25:41.562 31955 31955 D JedAI   : 1745504741552 2025-04-24 17:25:41 com.anagog.jedai.core.api.JedAI 2 main FINE JedAI API: initIfNeeded does actual init
04-24 17:25:41.562 31955 32121 I JedAIApiWrapperThreadSafe: 1745504741555 2025-04-24 17:25:41 com.anagog.jedai.core.api.JedAIApiWrapperThreadSafe 379 jedai-main INFO JedAI initialization started on a Thread[jedai-main]; apiKey: 89c4faa1e5082d9bae60892416354df6
04-24 17:25:41.563 31955 32121 I Integration: Welcome to JedAI
04-24 17:25:41.563 31955 32121 I JedAIApiWrapperThreadSafe: 1745504741563 2025-04-24 17:25:41 com.anagog.jedai.core.api.JedAIApiWrapperThreadSafe 379 jedai-main INFO Inner init inside runnable
04-24 17:25:41.565 31955 32122 E jedai.jedaidemo: No package ID 76 found for resource ID 0x760b000f.
04-24 17:25:41.565 31955 32122 I FA      : App measurement initialized, version: 119000
04-24 17:25:41.566 31955 32122 I FA      : To enable debug logging run: adb shell setprop log.tag.FA VERBOSE
04-24 17:25:41.566 31955 32122 I FA      : To enable faster debug mode event logging run:
04-24 17:25:41.566 31955 32122 I FA      :   adb shell setprop debug.firebase.analytics.app com.anagog.jedai.jedaidemo
04-24 17:25:41.591 31955 32128 D libEGL  : loaded /vendor/lib64/egl/libEGL_emulation.so
04-24 17:25:41.594 31955 32128 D libEGL  : loaded /vendor/lib64/egl/libGLESv1_CM_emulation.so
04-24 17:25:41.598 31955 32128 D libEGL  : loaded /vendor/lib64/egl/libGLESv2_emulation.so
04-24 17:25:41.601 31955 31955 D AppCompatDelegate: Checking for metadata for AppLocalesMetadataHolderService : Service not found
04-24 17:25:41.646 31955 31955 D CompatibilityChangeReporter: Compat change id reported: 171228096; UID 10248; state: ENABLED
04-24 17:25:41.652 31955 31955 D CompatibilityChangeReporter: Compat change id reported: 210923482; UID 10248; state: ENABLED
04-24 17:25:41.655 31955 32121 I TimerManagerImpl: 1745504741653 2025-04-24 17:25:41 com.anagog.jedai.core.timer.TimerManagerImpl 379 jedai-main INFO About to subscribe on timer with interval 60,000 by [Job Scheduler]
04-24 17:25:41.660 31955 32121 I FileStoreFactory: 1745504741659 2025-04-24 17:25:41 com.anagog.jedai.core.storage.file.FileStoreFactory 379 jedai-main INFO About to get a file: config.json
04-24 17:25:41.660 31955 32121 I RemoteConfigRepository: 1745504741660 2025-04-24 17:25:41 com.anagog.jedai.config.remote.RemoteConfigRepository 379 jedai-main INFO No stored config. Using defaults
04-24 17:25:41.688 31955 32122 I FA      : Tag Manager is not found and thus will not be used
04-24 17:25:41.690 31955 32121 E JobsExecutor: 1745504741689 2025-04-24 17:25:41 com.anagog.jedai.core.scheduler.JobsExecutor 379 jedai-main SEVERE Pulse failed. The job factory wasn't initialized!
04-24 17:25:41.694 31955 32121 I AnagogJobScheduler: 1745504741690 2025-04-24 17:25:41 com.anagog.jedai.core.scheduler.AnagogJobScheduler 379 jedai-main INFO Created a new job: tag=SendReport, id=1, interval=0, conditions=0
04-24 17:25:41.700 31955 32121 D JedAIApiWrapperThreadSafe: 1745504741700 2025-04-24 17:25:41 com.anagog.jedai.core.api.JedAIApiWrapperThreadSafe 379 jedai-main FINE Explicitly start FG service and subscribe to it for SDK init  onThread[jedai-main];
04-24 17:25:41.702 31955 32121 D JedAIApiWrapperThreadSafe: 1745504741702 2025-04-24 17:25:41 com.anagog.jedai.core.api.JedAIApiWrapperThreadSafe 379 jedai-main FINE Android version is 34 and SCHEDULE_EXACT_PERMISSION is denied. Starting FG Service in always on mode.
04-24 17:25:41.704 31955 32121 I ForegroundServiceManager: 1745504741704 2025-04-24 17:25:41 com.anagog.jedai.core.service.ForegroundServiceManager 379 jedai-main INFO Always foreground mode on. Starting.
04-24 17:25:41.705 31955 32121 W ServiceStateOperator: 1745504741704 2025-04-24 17:25:41 com.anagog.jedai.core.service.ServiceStateOperator 379 jedai-main WARNING FG service is unavailable [operator-id::244409936]
04-24 17:25:41.706 31955 32121 D ServiceStateProvider: 1745504741706 2025-04-24 17:25:41 com.anagog.jedai.core.service.ServiceStateProvider 379 jedai-main FINE About to post FG service doCallback with Unavailable
04-24 17:25:41.718 31955 32121 I JedAIApiWrapperThreadSafe: 1745504741718 2025-04-24 17:25:41 com.anagog.jedai.core.api.JedAIApiWrapperThreadSafe 379 jedai-main INFO User report id is: TqboPjIRcoRnEAKb2TMZONpAzejBgTNJUSzyEfGSSVs=
04-24 17:25:41.721 31955 32121 I RemoteConfigRepository: 1745504741721 2025-04-24 17:25:41 com.anagog.jedai.config.remote.RemoteConfigRepository 379 jedai-main INFO currentNetProviderResolution: NetProviderResolution(active=false, percentage=0, geoAware=false, url=https://api-jedai.anagog.com/poi/isp)
04-24 17:25:41.721 31955 32121 I RemoteConfigRepository: 1745504741721 2025-04-24 17:25:41 com.anagog.jedai.config.remote.RemoteConfigRepository 379 jedai-main INFO merged signal access: ControlAccess(signalsAccessInstalledApps=true, signalsAccessLocation=true, signalsAccessMotion=true, signalsAccessBluetooth=true, signalsAccessWifi=true, signalsAccessLan=true, signalsAccessTraceroute=true, signalAccessIPBasedExtIp=true, enableCampaigns=true, enableDownloadableModels=true, enableReports=true)
04-24 17:25:41.721 31955 32121 I RemoteConfigRepository: 1745504741721 2025-04-24 17:25:41 com.anagog.jedai.config.remote.RemoteConfigRepository 379 jedai-main INFO merged NetProviderResolution: NetProviderResolution(active=false, percentage=0, geoAware=false, url=https://stage-api-jedai.anagog.com/poi/isp)
04-24 17:25:41.721 31955 32121 I JedAIApiWrapperThreadSafe: 1745504741721 2025-04-24 17:25:41 com.anagog.jedai.core.api.JedAIApiWrapperThreadSafe 379 jedai-main INFO JedAI initialization completed onThread[jedai-main];
04-24 17:25:41.731 31955 31955 W jedai.jedaidemo: Accessing hidden method Landroid/view/ViewGroup;->makeOptionalFitsSystemWindows()V (unsupported, reflection, allowed)
04-24 17:25:41.741 31955 31955 I ApiManagerImpl: 1745504741741 2025-04-24 17:25:41 com.anagog.jedai.anagog_api.executor.ApiManagerImpl 2 main INFO runAsyncSafe, SDK not running yet, enqueue pending operation AnagogActiveImpl::enterPage till it will start to run
04-24 17:25:41.741 31955 31955 I ApiManagerImpl: 1745504741741 2025-04-24 17:25:41 com.anagog.jedai.anagog_api.executor.ApiManagerImpl 2 main INFO enqueuePendingOperation: There are 1 enqueued pending operation
04-24 17:25:41.742 31955 31955 I AnagogApi: 1745504741742 2025-04-24 17:25:41 com.anagog.jedai.anagog_api.AnagogApi 2 main INFO getVersion:
04-24 17:25:41.742 31955 31955 I ApiManagerImpl: 1745504741742 2025-04-24 17:25:41 com.anagog.jedai.anagog_api.executor.ApiManagerImpl 2 main INFO runAsyncSafe, SDK not running yet, enqueue pending operation AnagogActiveImpl::getVersion till it will start to run
04-24 17:25:41.743 31955 31955 I ApiManagerImpl: 1745504741743 2025-04-24 17:25:41 com.anagog.jedai.anagog_api.executor.ApiManagerImpl 2 main INFO enqueuePendingOperation: There are 2 enqueued pending operation
04-24 17:25:41.747 31955 31955 I MainActivity: PlaybackExtra: null
04-24 17:25:41.750 31955 31955 I UiLifeCycleListener: onActivityForeground: com.anagog.jedai.jedaidemo.MainActivity@c35e6c2
04-24 17:25:41.751 31955 32157 I AnagogApi: 1745504741750 2025-04-24 17:25:41 com.anagog.jedai.anagog_api.AnagogApi 396 DefaultDispatcher-worker-1 INFO setUserDefinedDecimal: DecimalValueTest value: 4.0
04-24 17:25:41.751 31955 32157 I ApiManagerImpl: 1745504741751 2025-04-24 17:25:41 com.anagog.jedai.anagog_api.executor.ApiManagerImpl 396 DefaultDispatcher-worker-1 INFO runAsyncSafe, SDK not running yet, enqueue pending operation AnagogActiveImpl::setUserDefinedDecimal till it will start to run
04-24 17:25:41.751 31955 32157 I ApiManagerImpl: 1745504741751 2025-04-24 17:25:41 com.anagog.jedai.anagog_api.executor.ApiManagerImpl 396 DefaultDispatcher-worker-1 INFO enqueuePendingOperation: There are 3 enqueued pending operation
04-24 17:25:41.751 31955 32157 I AnagogApi: 1745504741751 2025-04-24 17:25:41 com.anagog.jedai.anagog_api.AnagogApi 396 DefaultDispatcher-worker-1 INFO getUserDefinedInteger: AppLaunchesCount 
04-24 17:25:41.751 31955 32157 I ApiManagerImpl: 1745504741751 2025-04-24 17:25:41 com.anagog.jedai.anagog_api.executor.ApiManagerImpl 396 DefaultDispatcher-worker-1 INFO runAsyncSafe, SDK not running yet, enqueue pending operation AnagogActiveImpl::getUserDefinedInteger till it will start to run
04-24 17:25:41.751 31955 32157 I ApiManagerImpl: 1745504741751 2025-04-24 17:25:41 com.anagog.jedai.anagog_api.executor.ApiManagerImpl 396 DefaultDispatcher-worker-1 INFO enqueuePendingOperation: There are 4 enqueued pending operation
04-24 17:25:41.765 31955 32121 D JedAIJemaWrapper: 1745504741765 2025-04-24 17:25:41 com.anagog.jedai.jema.JedAIJemaWrapper 379 jedai-main FINE about to init jema
04-24 17:25:41.768 31955 32121 I TimerManagerImpl: 1745504741766 2025-04-24 17:25:41 com.anagog.jedai.core.timer.TimerManagerImpl 379 jedai-main INFO Need to create a new timer with interval 60,000 and start if need
04-24 17:25:41.771 31955 32121 I JedAITimer: 1745504741770 2025-04-24 17:25:41 com.anagog.jedai.core.timer.JedAITimer 379 jedai-main INFO Subscribed on timer with interval 60,000
04-24 17:25:41.774 31955 32121 I TimerManagerImpl: 1745504741773 2025-04-24 17:25:41 com.anagog.jedai.core.timer.TimerManagerImpl 379 jedai-main INFO Subscribed on timer with interval 60,000 by [Job Scheduler]
04-24 17:25:41.774 31955 31955 I AnagogApi: obtainEventStream:
04-24 17:25:41.774 31955 31955 I AnagogApi: 1745504741774 2025-04-24 17:25:41 com.anagog.jedai.anagog_api.AnagogApi 2 main INFO obtainEventStream:
04-24 17:25:41.781 31955 32121 I TimerManagerImpl: 1745504741781 2025-04-24 17:25:41 com.anagog.jedai.core.timer.TimerManagerImpl 379 jedai-main INFO There are 1 working: [com.anagog.jedai.core.recorder.timer.JedAIRecordingTimer@f403b79]
04-24 17:25:41.781 31955 31955 I FacadeEventEmitterImpl: 1745504741781 2025-04-24 17:25:41 com.anagog.jedai.anagog_api.event_emitter.FacadeEventEmitterImpl 2 main INFO setMessageListener: 
04-24 17:25:41.782 31955 31955 I FacadeEventEmitterImpl: 1745504741782 2025-04-24 17:25:41 com.anagog.jedai.anagog_api.event_emitter.FacadeEventEmitterImpl 2 main INFO setMessageListener: com.anagog.jedai.jedaidemo.MainActivity$$ExternalSyntheticLambda0@530106c there are 1 listeners
04-24 17:25:41.782 31955 31955 I FacadeEventEmitterImpl: 1745504741782 2025-04-24 17:25:41 com.anagog.jedai.anagog_api.event_emitter.FacadeEventEmitterImpl 2 main INFO emitEvent: com.anagog.jedai.anagog_api.model.Message$OnSdkStatusChanged@a001635
04-24 17:25:41.783 31955 31955 I FacadeEventEmitterImpl: 1745504741782 2025-04-24 17:25:41 com.anagog.jedai.anagog_api.event_emitter.FacadeEventEmitterImpl 2 main INFO notifySubscribers: There are 1 subscribers
04-24 17:25:41.786 31955 31955 D CompatibilityChangeReporter: Compat change id reported: 237531167; UID 10248; state: DISABLED
04-24 17:25:41.790 31955 31955 W OpenGLRenderer: Unknown dataspace 0
04-24 17:25:41.793 31955 32121 D JedAITaskImpl: 1745504741793 2025-04-24 17:25:41 com.anagog.jedai.core.service.JedAITaskImpl 379 jedai-main FINE Task Aggregation Processing initialization.
04-24 17:25:41.811 31955 32121 D StatsDataStore: 1745504741811 2025-04-24 17:25:41 com.anagog.jedai.core.metrics.stats.datastore.StatsDataStore 379 jedai-main FINE processCache cacheSize: 0
04-24 17:25:41.829 31955 32121 I JedAIDBOpenHelper: 1745504741829 2025-04-24 17:25:41 com.anagog.jedai.core.repository.JedAIDBOpenHelper 379 jedai-main INFO onCreate: 
04-24 17:25:41.829 31955 32121 I JedAIDBOpenHelper: 1745504741829 2025-04-24 17:25:41 com.anagog.jedai.core.repository.JedAIDBOpenHelper 379 jedai-main INFO About to load internal metrics from file 
04-24 17:25:41.876 31955 32124 W OpenGLRenderer: Failed to choose config with EGL_SWAP_BEHAVIOR_PRESERVED, retrying without...
04-24 17:25:41.876 31955 32124 W OpenGLRenderer: Failed to initialize 101010-2 format, error = EGL_SUCCESS
04-24 17:25:41.878 31955 32121 I JedAIDBOpenHelper: 1745504741878 2025-04-24 17:25:41 com.anagog.jedai.core.repository.JedAIDBOpenHelper 379 jedai-main INFO onOpen: dbVersion: 77
04-24 17:25:41.879 31955 32121 I JedAIDBOpenHelper: 1745504741879 2025-04-24 17:25:41 com.anagog.jedai.core.repository.JedAIDBOpenHelper 379 jedai-main INFO onOpen: is db opened: true
04-24 17:25:41.879 31955 32121 D StatsCache: 1745504741879 2025-04-24 17:25:41 com.anagog.jedai.core.metrics.stats.datastore.StatsCache 379 jedai-main FINE cache size: 0
04-24 17:25:41.879 31955 32121 D StatsCache: 1745504741879 2025-04-24 17:25:41 com.anagog.jedai.core.metrics.stats.datastore.StatsCache 379 jedai-main FINE cache values: [[]]
04-24 17:25:41.892 31955 32124 I Gralloc4: mapper 4.x is not supported
04-24 17:25:41.897 31955 32124 E OpenGLRenderer: Unable to match the desired swap behavior.
04-24 17:25:41.904 31955 32121 D RideDetectionUtil: 1745504741903 2025-04-24 17:25:41 com.anagog.jedai.core.activity.driving.RideDetectionUtil 379 jedai-main FINE Ride Detection inputs loaded: RideDetectionInputsModel{mGPSSpeed=0.0, mNetworkSpeed=0.0, mFusedSpeed=0.0, mSpeedInVehicleConfidence=0.0, mIsCarBtConnectionEvent=false, mIsCarBtConnected=false, mGoogleActivityType=4, mStepsCounter=0}
04-24 17:25:41.905 31955 32121 D RideDetectionUtil: 1745504741905 2025-04-24 17:25:41 com.anagog.jedai.core.activity.driving.RideDetectionUtil 379 jedai-main FINE Ride Detection internal model loaded: RideDetectionInternalModel{, mLastSteps=-1, mLastStepsTimestamp=0, mStepsCounterForRideEndTimestamp=0, mStepsAboveThresholdForRideEndTimestamp=0, mConfidenceWeAreInAnyVehicle=0, mConfidenceWeAreInACar=0, mStartRideLocationId=-1, mStartRideTimestamp=0, mStartRideLocation=null, mEndRideLocationId=-1, mEndRideTimestamp=-1, mEndRideLocation=null, mLastRideValidationLocationId=-1, mLastRideValidationTimestamp=0, mLastRideValidationLocation=null, mStepsThresholdForRideEndReached=false, mStepsAboveThresholdForRideStartTimestamp=0, mStepsAboveThresholdForRideStartValue=0, mExtraState=null}
04-24 17:25:41.907 31955 32121 D RideDetectionUtil: 1745504741905 2025-04-24 17:25:41 com.anagog.jedai.core.activity.driving.RideDetectionUtil 379 jedai-main FINE Ride Detection current ride state loaded: 0
04-24 17:25:41.910 31955 32121 I ActivityArbiter: 1745504741910 2025-04-24 17:25:41 com.anagog.jedai.core.activity.ActivityArbiter 379 jedai-main INFO About to restore detectors: 
04-24 17:25:41.917 31955 32121 D JedAITaskImpl: 1745504741917 2025-04-24 17:25:41 com.anagog.jedai.core.service.JedAITaskImpl 379 jedai-main FINE Task Geofence Location Processing initialization.
04-24 17:25:41.928 31955 31955 I MainActivity: onNewMessage: OnSdkStatusChanged status -> DISABLED
04-24 17:25:41.929 31955 31955 W System.err: java.lang.NoSuchFieldException: No field mActionMenuPresenter in class Landroid/widget/Toolbar; (declaration of 'android.widget.Toolbar' appears in /system/framework/framework.jar!classes4.dex)
04-24 17:25:41.929 31955 31955 W System.err: 	at java.lang.Class.getDeclaredField(Native Method)
04-24 17:25:41.929 31955 31955 W System.err: 	at com.anagog.jedai.jedaidemo.MainActivity.onCreate$lambda$1(MainActivity.kt:155)
04-24 17:25:41.929 31955 31955 W System.err: 	at com.anagog.jedai.jedaidemo.MainActivity.$r8$lambda$_hnltn3OnPJYArSpfbKg9NeS1rs(Unknown Source:0)
04-24 17:25:41.929 31955 31955 W System.err: 	at com.anagog.jedai.jedaidemo.MainActivity$$ExternalSyntheticLambda12.run(D8$$SyntheticClass:0)
04-24 17:25:41.929 31955 31955 W System.err: 	at android.os.Handler.handleCallback(Handler.java:958)
04-24 17:25:41.929 31955 31955 W System.err: 	at android.os.Handler.dispatchMessage(Handler.java:99)
04-24 17:25:41.929 31955 31955 W System.err: 	at android.os.Looper.loopOnce(Looper.java:205)
04-24 17:25:41.929 31955 31955 W System.err: 	at android.os.Looper.loop(Looper.java:294)
04-24 17:25:41.929 31955 31955 W System.err: 	at android.app.ActivityThread.main(ActivityThread.java:8177)
04-24 17:25:41.929 31955 31955 W System.err: 	at java.lang.reflect.Method.invoke(Native Method)
04-24 17:25:41.929 31955 31955 W System.err: 	at com.android.internal.os.RuntimeInit$MethodAndArgsCaller.run(RuntimeInit.java:552)
04-24 17:25:41.929 31955 31955 W System.err: 	at com.android.internal.os.ZygoteInit.main(ZygoteInit.java:971)
04-24 17:25:41.941 31955 32121 I JedAIApiWrapper: 1745504741941 2025-04-24 17:25:41 com.anagog.jedai.core.api.JedAIApiWrapper 379 jedai-main INFO JedAIApiWrapper created. Version = 4.49.0-appium-1-dirty
04-24 17:25:41.942 31955 32121 I JedaiSdkStarterImpl: 1745504741942 2025-04-24 17:25:41 com.anagog.jedai.anagog_api.sdk_wrapper.JedaiSdkStarterImpl 379 jedai-main INFO onSdkStateChanged: DISABLED
04-24 17:25:41.943 31955 32121 I SdkStateHolderImpl: 1745504741943 2025-04-24 17:25:41 com.anagog.jedai.anagog_api.sdk_state_holder.SdkStateHolderImpl 379 jedai-main INFO onRemoteConfigUpdated DISABLED
04-24 17:25:41.943 31955 32121 I FacadeEventEmitterImpl: 1745504741943 2025-04-24 17:25:41 com.anagog.jedai.anagog_api.event_emitter.FacadeEventEmitterImpl 379 jedai-main INFO emitEvent: com.anagog.jedai.anagog_api.model.Message$OnSdkStatusChanged@320ee29
04-24 17:25:41.943 31955 32121 I FacadeEventEmitterImpl: 1745504741943 2025-04-24 17:25:41 com.anagog.jedai.anagog_api.event_emitter.FacadeEventEmitterImpl 379 jedai-main INFO notifySubscribers: There are 1 subscribers
04-24 17:25:41.945 31955 32114 I JedaiSdkStarterImpl: 1745504741944 2025-04-24 17:25:41 com.anagog.jedai.anagog_api.sdk_wrapper.JedaiSdkStarterImpl 377 AnagogApiThread INFO addSdkStateChangeListener: added: true
04-24 17:25:41.956 31955 31955 I MainActivity: onNewMessage: OnSdkStatusChanged status -> DISABLED
04-24 17:25:43.351 31955 32124 D EGL_emulation: app_time_stats: avg=119.74ms min=1.97ms max=1263.05ms count=11
04-24 17:25:43.431 31955 32124 E OpenGLRenderer: Unable to match the desired swap behavior.
04-24 17:25:44.507 31955 32124 D EGL_emulation: app_time_stats: avg=37.86ms min=12.60ms max=602.71ms count=27
04-24 17:25:45.524 31955 32124 D EGL_emulation: app_time_stats: avg=16.65ms min=13.83ms max=20.05ms count=61
04-24 17:25:46.538 31955 32124 D EGL_emulation: app_time_stats: avg=16.63ms min=12.96ms max=19.34ms count=61
04-24 17:25:47.130 31955 31955 I AnagogApi: enableJedAI:
04-24 17:25:47.130 31955 31955 I PluginPreferences: setBoolean: key sdk_enabled, value: true
04-24 17:25:47.131 31955 31955 I JedaiSdkStarterImpl: 1745504747131 2025-04-24 17:25:47 com.anagog.jedai.anagog_api.sdk_wrapper.JedaiSdkStarterImpl 2 main INFO setup with config: AnagogConfig(notificationChannelId=null, enableAudienceAnalytics=true, jedaiAutoEnabled=false, remoteNotificationEnabled=false, vehicleHighAccuracy=false, inVehicleLocationRateSec=30, signalsAccessLocation=true, signalsAccessBluetooth=true, signalsAccessInstalledApps=true, signalsAccessMotion=true, signalsAccessWifi=true, signalsAccessLan=true, signalsAccessTraceroute=true, netProviderResolution=true, netProviderGeoAwareResolution=false, netProviderUrl=https://stage-api-jedai.anagog.com/poi/isp, enableCampaigns=true, enableDownloadableModels=true, enableReports=true, configurePoi=true, enableInternalLog=true, clientName=com.anagog.jedai.jedaidemo, reportBaseUrl=https://stage-api-jedai.anagog.com/reports/, manifestUrl=https://anagog-jedai-jema-repo.s3.amazonaws.com, remoteConfigUrl=https://stage-api-jedai.anagog.com/config/consume, usageReportUrl=null, poiUrl=https://stage-api-jedai.anagog.com/poi, pnsUrl=https://dev-pns.anagog.com/)
04-24 17:25:47.131 31955 31955 D JedaiSdkStarterImpl: 1745504747131 2025-04-24 17:25:47 com.anagog.jedai.anagog_api.sdk_wrapper.JedaiSdkStarterImpl 2 main FINE startJema: setConfig client name: com.anagog.jedai.jedaidemo, reportBaseUrl: https://stage-api-jedai.anagog.com/reports/, manifestUrl: https://anagog-jedai-jema-repo.s3.amazonaws.com
04-24 17:25:47.131 31955 31955 D JedaiSdkStarterImpl: 1745504747131 2025-04-24 17:25:47 com.anagog.jedai.anagog_api.sdk_wrapper.JedaiSdkStarterImpl 2 main FINE initJedaiUi: 
04-24 17:25:47.132 31955 31955 I JedaiSdkStarterImpl: 1745504747132 2025-04-24 17:25:47 com.anagog.jedai.anagog_api.sdk_wrapper.JedaiSdkStarterImpl 2 main INFO initJedaiUi: notification channel: jedaidemo_EdgeChannel
04-24 17:25:47.133 31955 32121 D JedAIJemaWrapper: 1745504747133 2025-04-24 17:25:47 com.anagog.jedai.jema.JedAIJemaWrapper 379 jedai-main FINE about to init jema
04-24 17:25:47.135 31955 31955 I JedaiSdkStarterImpl: 1745504747134 2025-04-24 17:25:47 com.anagog.jedai.anagog_api.sdk_wrapper.JedaiSdkStarterImpl 2 main INFO library loaded
04-24 17:25:47.135 31955 31955 D JedaiSdkStarterImpl: 1745504747135 2025-04-24 17:25:47 com.anagog.jedai.anagog_api.sdk_wrapper.JedaiSdkStarterImpl 2 main FINE Unsubscribed from push notifications
04-24 17:25:47.135 31955 32121 I PnsRegistrar: 1745504747135 2025-04-24 17:25:47 com.anagog.jedai.core.pns.PnsRegistrar 379 jedai-main INFO Unsubscribing from topic jedai_com.anagog.jedai.jedaidemo_89c4faa1e5082d9bae60892416354df6
04-24 17:25:47.135 31955 31955 I JedaiSdkStarterImpl: Setting usage report base url: https://stage-api-jedai.anagog.com/reports/usage/periodical
04-24 17:25:47.135 31955 31955 I JedaiSdkStarterImpl: 1745504747135 2025-04-24 17:25:47 com.anagog.jedai.anagog_api.sdk_wrapper.JedaiSdkStarterImpl 2 main INFO Configuring poi
04-24 17:25:47.135 31955 31955 D JedAI   : 1745504747135 2025-04-24 17:25:47 com.anagog.jedai.core.api.JedAI 2 main FINE JedAI API: start
04-24 17:25:47.136 31955 31955 D JedAIApiWrapperThreadSafe: 1745504747136 2025-04-24 17:25:47 com.anagog.jedai.core.api.JedAIApiWrapperThreadSafe 2 main FINE JedAI Wrapper ThreadSafe: start
04-24 17:25:47.137 31955 32121 I ConfigManagerImpl: 1745504747136 2025-04-24 17:25:47 com.anagog.jedai.core.config.ConfigManagerImpl 379 jedai-main INFO Config updated: 
04-24 17:25:47.137 31955 32121 I ConfigManagerImpl: JedAISDKRemoteConfig(metaData) = Metadata(version=2020-02-20 02:20, build=0, comment=Comment about this build)
04-24 17:25:47.137 31955 31955 I DeepMs  : 1745504747137 2025-04-24 17:25:47 com.anagog.jedai.extension.DeepMs 2 main INFO start - register to sdk config update
04-24 17:25:47.137 31955 32121 I ConfigManagerImpl: 1745504747137 2025-04-24 17:25:47 com.anagog.jedai.core.config.ConfigManagerImpl 379 jedai-main INFO isOperationalEnabled: config enable percentile 0, User PCT: 91
04-24 17:25:47.140 31955 32121 I RemoteConfigRepository: 1745504747140 2025-04-24 17:25:47 com.anagog.jedai.config.remote.RemoteConfigRepository 379 jedai-main INFO currentNetProviderResolution: NetProviderResolution(active=false, percentage=0, geoAware=false, url=https://stage-api-jedai.anagog.com/poi/isp)
04-24 17:25:47.140 31955 32121 I RemoteConfigRepository: 1745504747140 2025-04-24 17:25:47 com.anagog.jedai.config.remote.RemoteConfigRepository 379 jedai-main INFO merged signal access: ControlAccess(signalsAccessInstalledApps=true, signalsAccessLocation=true, signalsAccessMotion=true, signalsAccessBluetooth=true, signalsAccessWifi=true, signalsAccessLan=true, signalsAccessTraceroute=true, signalAccessIPBasedExtIp=true, enableCampaigns=true, enableDownloadableModels=true, enableReports=true)
04-24 17:25:47.140 31955 32121 I RemoteConfigRepository: 1745504747140 2025-04-24 17:25:47 com.anagog.jedai.config.remote.RemoteConfigRepository 379 jedai-main INFO merged NetProviderResolution: NetProviderResolution(active=false, percentage=0, geoAware=false, url=https://stage-api-jedai.anagog.com/poi/isp)
04-24 17:25:47.144 31955 32121 I PoiFetcherImpl: 1745504747144 2025-04-24 17:25:47 com.anagog.jedai.core.poi.fetcher.PoiFetcherImpl 379 jedai-main INFO Fetcher ID=14917803. Configuration completed: [PoiProviderConfig{mAlgorithmType=Algorithm_1, mActivateState=true}, PoiProviderConfig{mAlgorithmType=Algorithm_3, mActivateState=true}, PoiProviderConfig{mAlgorithmType=Algorithm_4, mActivateState=true}]
04-24 17:25:47.145 31955 32121 I JedAIApiWrapper: 1745504747144 2025-04-24 17:25:47 com.anagog.jedai.core.api.JedAIApiWrapper 379 jedai-main INFO Wrapper start
04-24 17:25:47.145 31955 32121 I JedAIApiWrapper: 1745504747145 2025-04-24 17:25:47 com.anagog.jedai.core.api.JedAIApiWrapper 379 jedai-main INFO Received start...
04-24 17:25:47.145 31955 31955 I JedaiSdkStarterImpl: 1745504747145 2025-04-24 17:25:47 com.anagog.jedai.anagog_api.sdk_wrapper.JedaiSdkStarterImpl 2 main INFO isAppDebuggable: true
04-24 17:25:47.146 31955 32121 D ServiceStateProvider: 1745504747146 2025-04-24 17:25:47 com.anagog.jedai.core.service.ServiceStateProvider 379 jedai-main FINE FG service subscribe [operator-id::244409936] with [JedAIApiWrapper init] to 0 Listeners: {}
04-24 17:25:47.146 31955 31955 D JedaiSdkStarterImpl: 1745504747146 2025-04-24 17:25:47 com.anagog.jedai.anagog_api.sdk_wrapper.JedaiSdkStarterImpl 2 main FINE startAnagogSdk Debuggable, force config update
04-24 17:25:47.146 31955 32121 I ForegroundServiceManager: 1745504747146 2025-04-24 17:25:47 com.anagog.jedai.core.service.ForegroundServiceManager 379 jedai-main INFO Subscribed for a not running FG Service. Starting.
04-24 17:25:47.146 31955 32121 W ServiceStateOperator: 1745504747146 2025-04-24 17:25:47 com.anagog.jedai.core.service.ServiceStateOperator 379 jedai-main WARNING FG service is unavailable [operator-id::244409936]
04-24 17:25:47.146 31955 31955 I ApiManagerImpl: 1745504747146 2025-04-24 17:25:47 com.anagog.jedai.anagog_api.executor.ApiManagerImpl 2 main INFO runAsyncSafe, SDK not running yet, enqueue pending operation JedaiSdkStarterImpl::updateConfigIfRequired till it will start to run
04-24 17:25:47.146 31955 32121 D ServiceStateProvider: 1745504747146 2025-04-24 17:25:47 com.anagog.jedai.core.service.ServiceStateProvider 379 jedai-main FINE About to post FG service doCallback with Unavailable
04-24 17:25:47.146 31955 31955 I ApiManagerImpl: 1745504747146 2025-04-24 17:25:47 com.anagog.jedai.anagog_api.executor.ApiManagerImpl 2 main INFO enqueuePendingOperation: There are 5 enqueued pending operation
04-24 17:25:47.147 31955 31955 I JedaiSdkStarterImpl: 1745504747146 2025-04-24 17:25:47 com.anagog.jedai.anagog_api.sdk_wrapper.JedaiSdkStarterImpl 2 main INFO JedAI SDK Started with config: AnagogConfig(notificationChannelId=null, enableAudienceAnalytics=true, jedaiAutoEnabled=false, remoteNotificationEnabled=false, vehicleHighAccuracy=false, inVehicleLocationRateSec=30, signalsAccessLocation=true, signalsAccessBluetooth=true, signalsAccessInstalledApps=true, signalsAccessMotion=true, signalsAccessWifi=true, signalsAccessLan=true, signalsAccessTraceroute=true, netProviderResolution=true, netProviderGeoAwareResolution=false, netProviderUrl=https://stage-api-jedai.anagog.com/poi/isp, enableCampaigns=true, enableDownloadableModels=true, enableReports=true, configurePoi=true, enableInternalLog=true, clientName=com.anagog.jedai.jedaidemo, reportBaseUrl=https://stage-api-jedai.anagog.com/reports/, manifestUrl=https://anagog-jedai-jema-repo.s3.amazonaws.com, remoteConfigUrl=https://stage-api-jedai.anagog.com/config/consume, usageReportUrl=null, poiUrl=https://stage-api-jedai.anagog.com/poi, pnsUrl=https://dev-pns.anagog.com/)
04-24 17:25:47.148 31955 32121 D OperationWorkModeManagerImpl: 1745504747147 2025-04-24 17:25:47 com.anagog.jedai.core.config.operation.OperationWorkModeManagerImpl 379 jedai-main FINE Work mode verification: prevMode = 0, nextMode = 0
04-24 17:25:47.150 31955 32121 I TimerManagerImpl: 1745504747149 2025-04-24 17:25:47 com.anagog.jedai.core.timer.TimerManagerImpl 379 jedai-main INFO About to subscribe on timer with interval 60,000 by [OperationWorkModeManagerImpl]
04-24 17:25:47.152 31955 32121 I TimerManagerImpl: 1745504747151 2025-04-24 17:25:47 com.anagog.jedai.core.timer.TimerManagerImpl 379 jedai-main INFO About to subscribe on timer with interval 60,000 by [Job Scheduler]
04-24 17:25:47.154 31955 31955 I ApiManagerImpl: 1745504747152 2025-04-24 17:25:47 com.anagog.jedai.anagog_api.executor.ApiManagerImpl 2 main INFO SDK State Changed from DISABLED to SUSPENDED, executing pending operations if exists..
04-24 17:25:47.154 31955 32121 D AlarmWakeupReceiver: 1745504747153 2025-04-24 17:25:47 com.anagog.jedai.core.service.AlarmWakeupReceiver 379 jedai-main FINE AlarmWakeupReceiver start
04-24 17:25:47.154 31955 31955 I ApiManagerImpl: 1745504747154 2025-04-24 17:25:47 com.anagog.jedai.anagog_api.executor.ApiManagerImpl 2 main INFO executePendingOperations There are 5 pending operation, executing them all
04-24 17:25:47.155 31955 32241 I DeepMsDbHelper: 1745504747155 2025-04-24 17:25:47 com.anagog.jedai.extension.DeepMsDbHelper 419 DeepDbHelper INFO deleting all data for: stats_data
04-24 17:25:47.156 31955 32114 I ApiManagerImpl: 1745504747156 2025-04-24 17:25:47 com.anagog.jedai.anagog_api.executor.ApiManagerImpl 377 AnagogApiThread INFO AnagogActiveImpl::enterPage result kotlin.Unit
04-24 17:25:47.156 31955 32121 D AlarmWakeupReceiver: 1745504747156 2025-04-24 17:25:47 com.anagog.jedai.core.service.AlarmWakeupReceiver 379 jedai-main FINE AlarmWakeupReceiver setAlarm 250424143147
04-24 17:25:47.158 31955 31955 I JedaiSdkStarterImpl: 1745504747156 2025-04-24 17:25:47 com.anagog.jedai.anagog_api.sdk_wrapper.JedaiSdkStarterImpl 2 main INFO onSdkStateChanged: SUSPENDED
04-24 17:25:47.159 31955 32121 I JedAITimer: 1745504747157 2025-04-24 17:25:47 com.anagog.jedai.core.timer.JedAITimer 379 jedai-main INFO About to start timer with interval 60,000
04-24 17:25:47.159 31955 31955 I SdkStateHolderImpl: 1745504747158 2025-04-24 17:25:47 com.anagog.jedai.anagog_api.sdk_state_holder.SdkStateHolderImpl 2 main INFO onRemoteConfigUpdated SUSPENDED
04-24 17:25:47.161 31955 32121 I JedAITimer: 1745504747161 2025-04-24 17:25:47 com.anagog.jedai.core.timer.JedAITimer 379 jedai-main INFO About to publish pulse event via timer with interval 60000 if needed. Last execution was at 02:00:00
04-24 17:25:47.161 31955 32121 D JedAITimer: 1745504747161 2025-04-24 17:25:47 com.anagog.jedai.core.timer.JedAITimer 379 jedai-main FINEST About to call listener: Job Scheduler
04-24 17:25:47.161 31955 32121 D JobsExecutor: 1745504747161 2025-04-24 17:25:47 com.anagog.jedai.core.scheduler.JobsExecutor 379 jedai-main FINE Received jobs for execution: Tag = SendReport, ID = 1
04-24 17:25:47.161 31955 32121 D JobsExecutor: 1745504747161 2025-04-24 17:25:47 com.anagog.jedai.core.scheduler.JobsExecutor 379 jedai-main FINER About to execute a job Tag = SendReport, ID = 1
04-24 17:25:47.165 31955 31955 I FacadeEventEmitterImpl: 1745504747165 2025-04-24 17:25:47 com.anagog.jedai.anagog_api.event_emitter.FacadeEventEmitterImpl 2 main INFO emitEvent: com.anagog.jedai.anagog_api.model.Message$OnSdkStatusChanged@280369e
04-24 17:25:47.165 31955 31955 I FacadeEventEmitterImpl: 1745504747165 2025-04-24 17:25:47 com.anagog.jedai.anagog_api.event_emitter.FacadeEventEmitterImpl 2 main INFO notifySubscribers: There are 1 subscribers
04-24 17:25:47.173 31955 32121 D JobsStorage: 1745504747173 2025-04-24 17:25:47 com.anagog.jedai.core.scheduler.JobsStorage 379 jedai-main FINE updated 1 rows with {1} Tag from Job table
04-24 17:25:47.176 31955 32121 D AnagogJobScheduler: 1745504747175 2025-04-24 17:25:47 com.anagog.jedai.core.scheduler.AnagogJobScheduler 379 jedai-main FINE Job Scheduler pulse. 1 tasks executed: Tag = SendReport, ID = 1
04-24 17:25:47.176 31955 32121 I JedAITimer: 1745504747176 2025-04-24 17:25:47 com.anagog.jedai.core.timer.JedAITimer 379 jedai-main INFO Publish pulse event completed for timer 60000
04-24 17:25:47.177 31955 32121 D AlarmWakeupReceiver: 1745504747177 2025-04-24 17:25:47 com.anagog.jedai.core.service.AlarmWakeupReceiver 379 jedai-main FINE AlarmWakeupReceiver start
04-24 17:25:47.179 31955 32121 D AlarmWakeupReceiver: 1745504747179 2025-04-24 17:25:47 com.anagog.jedai.core.service.AlarmWakeupReceiver 379 jedai-main FINE AlarmWakeupReceiver setAlarm 250424143147
04-24 17:25:47.180 31955 31955 I MainActivity: onNewMessage: OnSdkStatusChanged status -> SUSPENDED
04-24 17:25:47.182 31955 32121 I JedAIApiWrapper: 1745504747182 2025-04-24 17:25:47 com.anagog.jedai.core.api.JedAIApiWrapper 379 jedai-main INFO Started with these permissions:
04-24 17:25:47.184 31955 32121 I JedAIApiWrapper: 1745504747184 2025-04-24 17:25:47 com.anagog.jedai.core.api.JedAIApiWrapper 379 jedai-main INFO android.permission.BLUETOOTH = true
04-24 17:25:47.184 31955 32121 I JedAIApiWrapper: 1745504747184 2025-04-24 17:25:47 com.anagog.jedai.core.api.JedAIApiWrapper 379 jedai-main INFO com.google.android.gms.permission.ACTIVITY_RECOGNITION = true
04-24 17:25:47.185 31955 32121 I JedAIApiWrapper: 1745504747185 2025-04-24 17:25:47 com.anagog.jedai.core.api.JedAIApiWrapper 379 jedai-main INFO android.permission.ACTIVITY_RECOGNITION = true
04-24 17:25:47.185 31955 32121 I JedAIApiWrapper: 1745504747185 2025-04-24 17:25:47 com.anagog.jedai.core.api.JedAIApiWrapper 379 jedai-main INFO android.permission.ACCESS_BACKGROUND_LOCATION = true
04-24 17:25:47.186 31955 32121 I JedAIApiWrapper: 1745504747186 2025-04-24 17:25:47 com.anagog.jedai.core.api.JedAIApiWrapper 379 jedai-main INFO android.permission.FOREGROUND_SERVICE = true
04-24 17:25:47.186 31955 32121 I JedAIApiWrapper: 1745504747186 2025-04-24 17:25:47 com.anagog.jedai.core.api.JedAIApiWrapper 379 jedai-main INFO android.permission.ACCESS_WIFI_STATE = true
04-24 17:25:47.187 31955 32121 I JedAIApiWrapper: 1745504747186 2025-04-24 17:25:47 com.anagog.jedai.core.api.JedAIApiWrapper 379 jedai-main INFO android.permission.ACCESS_FINE_LOCATION = true
04-24 17:25:47.187 31955 32121 I JedAIApiWrapper: 1745504747187 2025-04-24 17:25:47 com.anagog.jedai.core.api.JedAIApiWrapper 379 jedai-main INFO android.permission.ACCESS_COARSE_LOCATION = true
04-24 17:25:47.188 31955 32121 I JedAIApiWrapper: 1745504747188 2025-04-24 17:25:47 com.anagog.jedai.core.api.JedAIApiWrapper 379 jedai-main INFO android.permission.ACCESS_NETWORK_STATE = true
04-24 17:25:47.189 31955 32121 I JedAIApiWrapper: 1745504747189 2025-04-24 17:25:47 com.anagog.jedai.core.api.JedAIApiWrapper 379 jedai-main INFO android.permission.RECEIVE_BOOT_COMPLETED = true
04-24 17:25:47.189 31955 32121 I JedAIApiWrapper: 1745504747189 2025-04-24 17:25:47 com.anagog.jedai.core.api.JedAIApiWrapper 379 jedai-main INFO android.permission.INTERNET = true
04-24 17:25:47.189 31955 32121 I JedAIApiWrapper: 1745504747189 2025-04-24 17:25:47 com.anagog.jedai.core.api.JedAIApiWrapper 379 jedai-main INFO android.permission.POST_NOTIFICATIONS = true
04-24 17:25:47.189 31955 32121 I JedAIApiWrapper: 1745504747189 2025-04-24 17:25:47 com.anagog.jedai.core.api.JedAIApiWrapper 379 jedai-main INFO android.permission.SCHEDULE_EXACT_ALARM = false
04-24 17:25:47.190 31955 32121 I JedAIApiWrapper: 1745504747190 2025-04-24 17:25:47 com.anagog.jedai.core.api.JedAIApiWrapper 379 jedai-main INFO android.permission.SYSTEM_ALERT_WINDOW = true
04-24 17:25:47.190 31955 32121 I JedAIApiWrapper: 1745504747190 2025-04-24 17:25:47 com.anagog.jedai.core.api.JedAIApiWrapper 379 jedai-main INFO android.permission.WAKE_LOCK = true
04-24 17:25:47.190 31955 32121 I JedAIApiWrapper: 1745504747190 2025-04-24 17:25:47 com.anagog.jedai.core.api.JedAIApiWrapper 379 jedai-main INFO com.google.android.c2dm.permission.RECEIVE = true
04-24 17:25:47.190 31955 32121 I JedAIApiWrapper: 1745504747190 2025-04-24 17:25:47 com.anagog.jedai.core.api.JedAIApiWrapper 379 jedai-main INFO com.google.android.finsky.permission.BIND_GET_INSTALL_REFERRER_SERVICE = true
04-24 17:25:47.191 31955 32121 I JedAIApiWrapper: 1745504747190 2025-04-24 17:25:47 com.anagog.jedai.core.api.JedAIApiWrapper 379 jedai-main INFO com.google.android.gms.permission.AD_ID = true
04-24 17:25:47.191 31955 32121 I JedAIApiWrapper: 1745504747191 2025-04-24 17:25:47 com.anagog.jedai.core.api.JedAIApiWrapper 379 jedai-main INFO android.permission.ACCESS_ADSERVICES_ATTRIBUTION = true
04-24 17:25:47.194 31955 32121 I JedAIApiWrapper: 1745504747194 2025-04-24 17:25:47 com.anagog.jedai.core.api.JedAIApiWrapper 379 jedai-main INFO android.permission.ACCESS_ADSERVICES_AD_ID = true
04-24 17:25:47.195 31955 32121 I JedAIApiWrapper: 1745504747195 2025-04-24 17:25:47 com.anagog.jedai.core.api.JedAIApiWrapper 379 jedai-main INFO com.anagog.jedai.jedaidemo.DYNAMIC_RECEIVER_NOT_EXPORTED_PERMISSION = true
04-24 17:25:47.195 31955 32121 D JedAIApiWrapper: 1745504747195 2025-04-24 17:25:47 com.anagog.jedai.core.api.JedAIApiWrapper 379 jedai-main FINE About to unsubscribe from FG service since SDK init is done
04-24 17:25:47.195 31955 32121 D ServiceStateProvider: 1745504747195 2025-04-24 17:25:47 com.anagog.jedai.core.service.ServiceStateProvider 379 jedai-main FINE About to post FG service unsubscribe
04-24 17:25:47.195 31955 32121 D ReportManager: 1745504747195 2025-04-24 17:25:47 com.anagog.jedai.core.reporter.ReportManager 379 jedai-main FINE addInventoryToScheduledReportsInventories: JedAIScheduledReportsInventory
