04-23 14:16:02.768 17477 17552 D JedAITaskImpl: 1745406962768 2025-04-23 14:16:02 com.anagog.jedai.core.service.JedAITaskImpl 113 sensor-manager FINE Task Steps Optimized Counter Update initialization.
04-23 14:16:02.769 17477 17552 I BaseActivator: 1745406962769 2025-04-23 14:16:02 com.anagog.jedai.core.sensors.activator.BaseActivator 113 sensor-manager INFO Failed to activate Step Optimized Counter. Reason Not valid
04-23 14:16:02.770 17477 17552 W SensorActivatorHandler: 1745406962769 2025-04-23 14:16:02 com.anagog.jedai.core.sensors.handler.SensorActivatorHandler 113 sensor-manager WARNING Failed to activate Step Optimized Counter with com.anagog.jedai.core.sensors.params.EmptyActivationParams@a5781e3
04-23 14:16:02.770 17477 17477 D FusedWakeupBroadcastReceiver: 1745406962770 2025-04-23 14:16:02 com.anagog.jedai.core.service.broadcast.FusedWakeupBroadcastReceiver 2 main FINE FusedWakeupBroadcastReceiver onReceive
04-23 14:16:02.771 17477 17526 I JedAIGeofenceManagerImpl: 1745406962770 2025-04-23 14:16:02 com.anagog.jedai.core.geofence.JedAIGeofenceManagerImpl 89 jedai-main INFO Activating optimized Fused (Passive Mode) locations with 60,000 milliseconds sample interval
04-23 14:16:02.771 17477 17477 D FusedWakeupBroadcastReceiver: 1745406962770 2025-04-23 14:16:02 com.anagog.jedai.core.service.broadcast.FusedWakeupBroadcastReceiver 2 main FINE Calling SDK start. If it is started already - should be skipped by inner check.
04-23 14:16:02.772 17477 17477 D JedAIApiWrapperThreadSafe: 1745406962772 2025-04-23 14:16:02 com.anagog.jedai.core.api.JedAIApiWrapperThreadSafe 2 main FINE JedAI Wrapper ThreadSafe: start if enabled
04-23 14:16:02.772 17477 17526 I FlightManagerImpl: 1745406962772 2025-04-23 14:16:02 com.anagog.jedai.core.activity.flights.FlightManagerImpl 89 jedai-main INFO Flight Manager is started.
04-23 14:16:02.772 17477 17526 I TransportationTypeProviderImpl: 1745406962772 2025-04-23 14:16:02 com.anagog.jedai.core.activity.driving.transportation.TransportationTypeProviderImpl 89 jedai-main INFO TransportationTypeManager is started
04-23 14:16:02.772 17477 17526 I JedAIApiWrapper: 1745406962772 2025-04-23 14:16:02 com.anagog.jedai.core.api.JedAIApiWrapper 89 jedai-main INFO Location and motion enabled, starting motion and steps services
04-23 14:16:02.772 17477 17477 I FusedWakeupBroadcastReceiver: 1745406962772 2025-04-23 14:16:02 com.anagog.jedai.core.service.broadcast.FusedWakeupBroadcastReceiver 2 main INFO FusedWakeupBroadcastReceiver neither none or inaccurate locations found
04-23 14:16:02.773 17477 17526 I JedAIActivityManager: 1745406962773 2025-04-23 14:16:02 com.anagog.jedai.core.activity.JedAIActivityManager 89 jedai-main INFO About to start activity manager
04-23 14:16:02.773 17477 17526 D RideDetectorImpl: 1745406962773 2025-04-23 14:16:02 com.anagog.jedai.core.activity.driving.RideDetectorImpl 89 jedai-main FINE About to start Ride Detector.
04-23 14:16:02.775 17477 17552 I BaseActivator: 1745406962775 2025-04-23 14:16:02 com.anagog.jedai.core.sensors.activator.BaseActivator 113 sensor-manager INFO Bluetooth activated with params com.anagog.jedai.core.sensors.params.BluetoothActivationParams@a814a5b
04-23 14:16:02.776 17477 17552 D BluetoothActivator: 1745406962776 2025-04-23 14:16:02 com.anagog.jedai.core.sensors.activator.BluetoothActivator 113 sensor-manager FINE Bluetooth is activated
04-23 14:16:02.777 17477 17552 I BaseActivator: 1745406962777 2025-04-23 14:16:02 com.anagog.jedai.core.sensors.activator.BaseActivator 113 sensor-manager INFO Failed to activate Step Optimized Counter. Reason Not valid
04-23 14:16:02.777 17477 17552 W SensorActivatorHandler: 1745406962777 2025-04-23 14:16:02 com.anagog.jedai.core.sensors.handler.SensorActivatorHandler 113 sensor-manager WARNING Failed to activate Step Optimized Counter with com.anagog.jedai.core.sensors.params.EmptyActivationParams@5003137
04-23 14:16:02.778 17477 17526 I TimerManagerImpl: 1745406962778 2025-04-23 14:16:02 com.anagog.jedai.core.timer.TimerManagerImpl 89 jedai-main INFO About to subscribe on timer with interval 60,000 by [RideDetectorImpl]
04-23 14:16:02.780 17477 17526 D RideDetectorImpl: 1745406962780 2025-04-23 14:16:02 com.anagog.jedai.core.activity.driving.RideDetectorImpl 89 jedai-main FINE Force car bluetooth connected to FALSE.
04-23 14:16:02.783 17477 17552 I BaseActivator: 1745406962783 2025-04-23 14:16:02 com.anagog.jedai.core.sensors.activator.BaseActivator 113 sensor-manager INFO Transition activated with params com.anagog.jedai.core.sensors.params.EmptyActivationParams@79de6a4
04-23 14:16:02.784 17477 17552 I ActivityRecognitionClientCompat: 1745406962784 2025-04-23 14:16:02 com.anagog.jedai.core.sensors.compat.activitRecognitionCompat.ActivityRecognitionClientCompat 113 sensor-manager INFO About to provide API for ActivityRecognitionClient: from 21
04-23 14:16:02.785 17477 17552 D TransitionActivator: 1745406962785 2025-04-23 14:16:02 com.anagog.jedai.core.sensors.activator.TransitionActivator 113 sensor-manager FINE Transition is activated
04-23 14:16:02.785 17477 17526 D ActivityArbiter: 1745406962785 2025-04-23 14:16:02 com.anagog.jedai.core.activity.ActivityArbiter 89 jedai-main FINE active store = null
04-23 14:16:02.785 17477 17526 D ActivityArbiter: 1745406962785 2025-04-23 14:16:02 com.anagog.jedai.core.activity.ActivityArbiter 89 jedai-main FINE active activity = null
04-23 14:16:02.786 17477 17552 I BaseActivator: 1745406962786 2025-04-23 14:16:02 com.anagog.jedai.core.sensors.activator.BaseActivator 113 sensor-manager INFO Failed to activate Step Optimized Counter. Reason Not valid
04-23 14:16:02.786 17477 17552 W SensorActivatorHandler: 1745406962786 2025-04-23 14:16:02 com.anagog.jedai.core.sensors.handler.SensorActivatorHandler 113 sensor-manager WARNING Failed to activate Step Optimized Counter with com.anagog.jedai.core.sensors.params.EmptyActivationParams@d24c910
04-23 14:16:02.787 17477 17552 D JedAITaskImpl: 1745406962787 2025-04-23 14:16:02 com.anagog.jedai.core.service.JedAITaskImpl 113 sensor-manager FINE Task Steps Optimized Counter Keep Alive initialization.
04-23 14:16:02.787 17477 17552 I BaseActivator: 1745406962787 2025-04-23 14:16:02 com.anagog.jedai.core.sensors.activator.BaseActivator 113 sensor-manager INFO Failed to activate Step Keep Alive Counter. Reason Not valid
04-23 14:16:02.787 17477 17552 W SensorActivatorHandler: 1745406962787 2025-04-23 14:16:02 com.anagog.jedai.core.sensors.handler.SensorActivatorHandler 113 sensor-manager WARNING Failed to activate Step Keep Alive Counter with com.anagog.jedai.core.sensors.params.EmptyActivationParams@5062e0e
04-23 14:16:02.788 17477 17526 I JedAIMetricsManagerImpl: 1745406962788 2025-04-23 14:16:02 com.anagog.jedai.core.metrics.JedAIMetricsManagerImpl 89 jedai-main INFO About to start metrics manager
04-23 14:16:02.788 17477 17526 I AggregationHistoryImpl: 1745406962788 2025-04-23 14:16:02 com.anagog.jedai.core.metrics.aggregation.AggregationHistoryImpl 89 jedai-main INFO About start preparations for aggregation
04-23 14:16:02.789 17477 17526 W AggregationDaoImpl: 1745406962789 2025-04-23 14:16:02 com.anagog.jedai.core.metrics.aggregation.AggregationDaoImpl 89 jedai-main WARNING No aggregation data
04-23 14:16:02.791 17477 17526 D AggregationHistoryImpl: 1745406962790 2025-04-23 14:16:02 com.anagog.jedai.core.metrics.aggregation.AggregationHistoryImpl 89 jedai-main FINE prepareAggregations: type = DAILY. StartTime = 1,735,689,600,000, StopDate = 1,767,139,200,000
04-23 14:16:02.792 17477 17526 W AggregationDaoImpl: 1745406962792 2025-04-23 14:16:02 com.anagog.jedai.core.metrics.aggregation.AggregationDaoImpl 89 jedai-main WARNING No GroupsAndYears
04-23 14:16:02.798 17477 17477 D TransitionSensor: 1745406962798 2025-04-23 14:16:02 com.anagog.jedai.core.sensors.domain.TransitionSensor 2 main FINE Transition sensor started successfully
04-23 14:16:02.858 17477 17526 I JedAIDBOpenHelper: 1745406962858 2025-04-23 14:16:02 com.anagog.jedai.core.repository.JedAIDBOpenHelper 89 jedai-main INFO About to end an SQL Transaction
04-23 14:16:02.905 17477 17613 W NetworkCall: 1745406962905 2025-04-23 14:16:02 com.anagog.jedai.core.network.NetworkCall 138 pool-18-thread-3 WARNING Failed to execute PostRequest: https://stage-api-jedai.anagog.com/config/consume/download/jedaisdk
04-23 14:16:02.905 17477 17613 W NetworkCall: Failure: Failure(failure=com.anagog.jedai.core.network.NetworkFailure$NoChange@27e102f)
04-23 14:16:02.905 17477 17612 I ConfigDownloadHelper: 1745406962905 2025-04-23 14:16:02 com.anagog.jedai.core.config.remote.ConfigDownloadHelper 137 Thread-9 INFO process failure: com.anagog.jedai.core.network.NetworkFailure$NoChange@27e102f
04-23 14:16:02.905 17477 17612 I ConfigDownloadHelper: 1745406962905 2025-04-23 14:16:02 com.anagog.jedai.core.config.remote.ConfigDownloadHelper 137 Thread-9 INFO Remote configuration received, but not modified. Endpoint: https://stage-api-jedai.anagog.com/config/consume/download/jedaisdk
04-23 14:16:02.906 17477 17612 I INTEGRATION: INFO Remote configuration received, but not modified. Endpoint: https://stage-api-jedai.anagog.com/config/consume/download/jedaisdk
04-23 14:16:02.907 17477 17612 W ConfigManagerImpl: 1745406962906 2025-04-23 14:16:02 com.anagog.jedai.core.config.ConfigManagerImpl 137 Thread-9 WARNING Null config received from the server
04-23 14:16:02.907 17477 17612 W ConfigManagerImpl: 1745406962907 2025-04-23 14:16:02 com.anagog.jedai.core.config.ConfigManagerImpl 137 Thread-9 WARNING Failed to download config from server
04-23 14:16:02.926 17477 17526 I JedAIDBOpenHelper: 1745406962926 2025-04-23 14:16:02 com.anagog.jedai.core.repository.JedAIDBOpenHelper 89 jedai-main INFO About to end an SQL Transaction
04-23 14:16:03.054 17477 17526 I JedAIDBOpenHelper: 1745406963054 2025-04-23 14:16:03 com.anagog.jedai.core.repository.JedAIDBOpenHelper 89 jedai-main INFO About to end an SQL Transaction
04-23 14:16:03.120 17477 17526 I JedAIDBOpenHelper: 1745406963120 2025-04-23 14:16:03 com.anagog.jedai.core.repository.JedAIDBOpenHelper 89 jedai-main INFO About to end an SQL Transaction
04-23 14:16:03.185 17477 17526 I JedAIDBOpenHelper: 1745406963185 2025-04-23 14:16:03 com.anagog.jedai.core.repository.JedAIDBOpenHelper 89 jedai-main INFO About to end an SQL Transaction
04-23 14:16:03.250 17477 17526 I JedAIDBOpenHelper: 1745406963250 2025-04-23 14:16:03 com.anagog.jedai.core.repository.JedAIDBOpenHelper 89 jedai-main INFO About to end an SQL Transaction
04-23 14:16:03.318 17477 17526 I JedAIDBOpenHelper: 1745406963318 2025-04-23 14:16:03 com.anagog.jedai.core.repository.JedAIDBOpenHelper 89 jedai-main INFO About to end an SQL Transaction
04-23 14:16:03.383 17477 17526 I JedAIDBOpenHelper: 1745406963383 2025-04-23 14:16:03 com.anagog.jedai.core.repository.JedAIDBOpenHelper 89 jedai-main INFO About to end an SQL Transaction
04-23 14:16:03.448 17477 17526 I JedAIDBOpenHelper: 1745406963447 2025-04-23 14:16:03 com.anagog.jedai.core.repository.JedAIDBOpenHelper 89 jedai-main INFO About to end an SQL Transaction
04-23 14:16:03.508 17477 17526 I JedAIDBOpenHelper: 1745406963508 2025-04-23 14:16:03 com.anagog.jedai.core.repository.JedAIDBOpenHelper 89 jedai-main INFO About to end an SQL Transaction
04-23 14:16:03.567 17477 17526 I JedAIDBOpenHelper: 1745406963567 2025-04-23 14:16:03 com.anagog.jedai.core.repository.JedAIDBOpenHelper 89 jedai-main INFO About to end an SQL Transaction
04-23 14:16:03.626 17477 17526 I JedAIDBOpenHelper: 1745406963626 2025-04-23 14:16:03 com.anagog.jedai.core.repository.JedAIDBOpenHelper 89 jedai-main INFO About to end an SQL Transaction
04-23 14:16:03.684 17477 17526 I JedAIDBOpenHelper: 1745406963684 2025-04-23 14:16:03 com.anagog.jedai.core.repository.JedAIDBOpenHelper 89 jedai-main INFO About to end an SQL Transaction
04-23 14:16:03.689 17477 17526 D AggregationHistoryImpl: 1745406963688 2025-04-23 14:16:03 com.anagog.jedai.core.metrics.aggregation.AggregationHistoryImpl 89 jedai-main FINE prepareAggregations: type = WEEKLY. StartTime = 1,735,689,600,000, StopDate = 1,767,139,200,000
04-23 14:16:03.690 17477 17526 W AggregationDaoImpl: 1745406963690 2025-04-23 14:16:03 com.anagog.jedai.core.metrics.aggregation.AggregationDaoImpl 89 jedai-main WARNING No GroupsAndYears
04-23 14:16:03.698 17477 17526 I JedAIDBOpenHelper: 1745406963698 2025-04-23 14:16:03 com.anagog.jedai.core.repository.JedAIDBOpenHelper 89 jedai-main INFO About to end an SQL Transaction
04-23 14:16:03.702 17477 17526 D AggregationHistoryImpl: 1745406963701 2025-04-23 14:16:03 com.anagog.jedai.core.metrics.aggregation.AggregationHistoryImpl 89 jedai-main FINE prepareAggregations: type = MONTHLY. StartTime = 1,735,689,600,000, StopDate = 1,767,139,200,000
04-23 14:16:03.703 17477 17526 W AggregationDaoImpl: 1745406963702 2025-04-23 14:16:03 com.anagog.jedai.core.metrics.aggregation.AggregationDaoImpl 89 jedai-main WARNING No GroupsAndYears
04-23 14:16:03.708 17477 17526 I JedAIDBOpenHelper: 1745406963708 2025-04-23 14:16:03 com.anagog.jedai.core.repository.JedAIDBOpenHelper 89 jedai-main INFO About to end an SQL Transaction
04-23 14:16:03.713 17477 17526 D JobsExecutor: 1745406963713 2025-04-23 14:16:03 com.anagog.jedai.core.scheduler.JobsExecutor 89 jedai-main FINE Received jobs for execution: Tag = ProcessAggregationJob, ID = 4,Tag = SendReport, ID = 1
04-23 14:16:03.713 17477 17526 D JobsExecutor: 1745406963713 2025-04-23 14:16:03 com.anagog.jedai.core.scheduler.JobsExecutor 89 jedai-main FINER About to execute a job Tag = ProcessAggregationJob, ID = 4
04-23 14:16:03.716 17477 17526 D JobsStorage: 1745406963715 2025-04-23 14:16:03 com.anagog.jedai.core.scheduler.JobsStorage 89 jedai-main FINE updated 1 rows with {1} Tag from Job table
04-23 14:16:03.717 17477 17526 I AggregationHistoryImpl: 1745406963716 2025-04-23 14:16:03 com.anagog.jedai.core.metrics.aggregation.AggregationHistoryImpl 89 jedai-main INFO About to process aggregation. Counter: 1, Groups: 
04-23 14:16:03.717 17477 17526 D JedAITaskImpl: 1745406963717 2025-04-23 14:16:03 com.anagog.jedai.core.service.JedAITaskImpl 89 jedai-main FINE Starting Aggregation Processing task in background. Task-work about to run.
04-23 14:16:03.717 17477 17526 I DebugReportStorageImpl: 1745406963717 2025-04-23 14:16:03 com.anagog.jedai.core.debug_report.DebugReportStorageImpl 89 jedai-main INFO Directory created: true
04-23 14:16:03.718 17477 17526 E DebugReportHandlerImpl: 1745406963718 2025-04-23 14:16:03 com.anagog.jedai.core.debug_report.DebugReportHandlerImpl 89 jedai-main SEVERE Error loading interval data: Expected start of the object '{', but had 'EOF' instead at path: $
04-23 14:16:03.718 17477 17526 E DebugReportHandlerImpl: JSON input: 
04-23 14:16:03.720 17477 17526 E DebugReportHandlerImpl: 1745406963720 2025-04-23 14:16:03 com.anagog.jedai.core.debug_report.DebugReportHandlerImpl 89 jedai-main SEVERE Error loading countable data: Expected start of the object '{', but had 'EOF' instead at path: $
04-23 14:16:03.720 17477 17526 E DebugReportHandlerImpl: JSON input: 
04-23 14:16:03.720 17477 17526 D JedAITaskImpl: 1745406963720 2025-04-23 14:16:03 com.anagog.jedai.core.service.JedAITaskImpl 89 jedai-main FINE Stopping Aggregation Processing task.
04-23 14:16:03.720 17477 17526 D ServiceStateProvider: 1745406963720 2025-04-23 14:16:03 com.anagog.jedai.core.service.ServiceStateProvider 89 jedai-main FINE About to post FG service unsubscribe
04-23 14:16:03.721 17477 17526 D CpuStatsProvider: 1745406963721 2025-04-23 14:16:03 com.anagog.jedai.core.common.CpuStatsProvider 89 jedai-main FINE Aggregation Processing took: 0.000 sec, time processing: 0.0 / NaN%, timePassed: 0.0
04-23 14:16:03.722 17477 17526 D JobsExecutor: 1745406963721 2025-04-23 14:16:03 com.anagog.jedai.core.scheduler.JobsExecutor 89 jedai-main FINE Job Tag = ProcessAggregationJob, ID = 4 executed with result SUCCESS
04-23 14:16:03.725 17477 17526 D JobsStorage: 1745406963724 2025-04-23 14:16:03 com.anagog.jedai.core.scheduler.JobsStorage 89 jedai-main FINE updated 1 rows with {1} Tag from Job table
04-23 14:16:03.725 17477 17526 D JobsExecutor: 1745406963725 2025-04-23 14:16:03 com.anagog.jedai.core.scheduler.JobsExecutor 89 jedai-main FINER About to execute a job Tag = SendReport, ID = 1
04-23 14:16:03.728 17477 17526 D JobsStorage: 1745406963727 2025-04-23 14:16:03 com.anagog.jedai.core.scheduler.JobsStorage 89 jedai-main FINE updated 1 rows with {1} Tag from Job table
04-23 14:16:03.729 17477 17526 I AnagogJobScheduler: 1745406963728 2025-04-23 14:16:03 com.anagog.jedai.core.scheduler.AnagogJobScheduler 89 jedai-main INFO Created a new job: tag=ProcessAggregationJob, id=4, interval=3,600,000, conditions=0
04-23 14:16:03.731 17477 17552 I BaseActivator: 1745406963731 2025-04-23 14:16:03 com.anagog.jedai.core.sensors.activator.BaseActivator 113 sensor-manager INFO AppSession activated with params com.anagog.jedai.core.sensors.params.EmptyActivationParams@5483572
04-23 14:16:03.732 17477 17552 D DevicePropertiesKtImpl: 1745406963732 2025-04-23 14:16:03 com.anagog.jedai.core.common.DevicePropertiesKtImpl 113 sensor-manager FINE App in foreground check: true
04-23 14:16:03.732 17477 17552 I AppSessionSensorImpl: 1745406963732 2025-04-23 14:16:03 com.anagog.jedai.core.app_event.app_session.sensor.AppSessionSensorImpl 113 sensor-manager INFO Emit foreground state
04-23 14:16:03.732 17477 17552 D AppSessionSensorImpl: 1745406963732 2025-04-23 14:16:03 com.anagog.jedai.core.app_event.app_session.sensor.AppSessionSensorImpl 113 sensor-manager FINE register ProcessLifeCycleOwner onThread[sensor-manager]
04-23 14:16:03.733 17477 17552 I AppSessionSensorImpl: 1745406963732 2025-04-23 14:16:03 com.anagog.jedai.core.app_event.app_session.sensor.AppSessionSensorImpl 113 sensor-manager INFO start [Registration to appSession succeed]
04-23 14:16:03.733 17477 17552 I BaseActivator: 1745406963733 2025-04-23 14:16:03 com.anagog.jedai.core.sensors.activator.BaseActivator 113 sensor-manager INFO DozeMode activated with params com.anagog.jedai.core.sensors.params.EmptyActivationParams@2fba979
04-23 14:16:03.734 17477 17552 I BaseActivator: 1745406963734 2025-04-23 14:16:03 com.anagog.jedai.core.sensors.activator.BaseActivator 113 sensor-manager INFO BatteryLevel activated with params com.anagog.jedai.core.sensors.params.EmptyActivationParams@9046435
04-23 14:16:03.738 17477 17526 I AnagogJobScheduler: 1745406963737 2025-04-23 14:16:03 com.anagog.jedai.core.scheduler.AnagogJobScheduler 89 jedai-main INFO Created a new job: tag=DatabaseCleanup, id=5, interval=86,400,000, conditions=0
04-23 14:16:03.739 17477 17526 D DatabaseCleanerImpl: 1745406963739 2025-04-23 14:16:03 com.anagog.jedai.core.repository.cleaner.DatabaseCleanerImpl 89 jedai-main FINE DatabaseCleanup job is scheduled
04-23 14:16:03.742 17477 17526 I AnagogJobScheduler: 1745406963741 2025-04-23 14:16:03 com.anagog.jedai.core.scheduler.AnagogJobScheduler 89 jedai-main INFO Created a new job: tag=DatabaseVacuum, id=6, interval=1,209,600,000, conditions=0
04-23 14:16:03.744 17477 17526 D DatabaseCleanerImpl: 1745406963744 2025-04-23 14:16:03 com.anagog.jedai.core.repository.cleaner.DatabaseCleanerImpl 89 jedai-main FINE DatabaseVacuum job is scheduled
04-23 14:16:03.744 17477 17526 D DatabaseCleanerImpl: 1745406963744 2025-04-23 14:16:03 com.anagog.jedai.core.repository.cleaner.DatabaseCleanerImpl 89 jedai-main FINE DatabaseCleaner is started
04-23 14:16:03.744 17477 17526 I TimerManagerImpl: 1745406963744 2025-04-23 14:16:03 com.anagog.jedai.core.timer.TimerManagerImpl 89 jedai-main INFO About to subscribe on timer with interval 60,000 by [CpuStatProvider]
04-23 14:16:03.745 17477 17526 D ConfigManagerImpl: 1745406963745 2025-04-23 14:16:03 com.anagog.jedai.core.config.ConfigManagerImpl 89 jedai-main FINE About to add mandatory report: DailyUsageReportFactory
04-23 14:16:03.746 17477 17526 D StatsDataStore: 1745406963746 2025-04-23 14:16:03 com.anagog.jedai.core.metrics.stats.datastore.StatsDataStore 89 jedai-main FINE about to set stats in cache: AppInstallDatetime, USER_DEFINED_STRING, StatsValue{mType=USER_DEFINED_STRING, mStringValue='2025-04-23T14:15:52+03:00', mDecimalValue=0.0, mIntegerValue=0}, null, null, null
04-23 14:16:03.747 17477 17526 D StatsDataStore: 1745406963747 2025-04-23 14:16:03 com.anagog.jedai.core.metrics.stats.datastore.StatsDataStore 89 jedai-main FINE about to get stat by query: AppInstallDatetime.overall
04-23 14:16:03.747 17477 17526 D StatsCache: 1745406963747 2025-04-23 14:16:03 com.anagog.jedai.core.metrics.stats.datastore.StatsCache 89 jedai-main FINE about to get stat by MsQuery: AppInstallDatetime.overall, stat: null
04-23 14:16:03.748 17477 17526 D StatsDataStore: 1745406963747 2025-04-23 14:16:03 com.anagog.jedai.core.metrics.stats.datastore.StatsDataStore 89 jedai-main FINE stats loaded from database: null
04-23 14:16:03.748 17477 17526 D StatsDataStore: 1745406963748 2025-04-23 14:16:03 com.anagog.jedai.core.metrics.stats.datastore.StatsDataStore 89 jedai-main FINE isStatUpdated oldStat: null, newStat: StatsModel{mName='AppInstallDatetime', mIndex1='null', mIndex2='null', mTimeRange=OVERALL, mFrom=TomerRDate{mTomerRDate=20250423, mTimestamp=1745406961565}, mTo=TomerRDate{mTomerRDate=20371215, mTimestamp=2144448000000}, mTimestamp=1745406963746, mTimestampLocal=1745417763746, mStringValue='2025-04-23T14:15:52+03:00', mDecimalValue=null, mIntegerValue=null, mDataType=STRING, mStatus=2}, result: true
04-23 14:16:03.748 17477 17526 D StatsDataStore: 1745406963748 2025-04-23 14:16:03 com.anagog.jedai.core.metrics.stats.datastore.StatsDataStore 89 jedai-main FINE about to store model: StatsModel{mName='AppInstallDatetime', mIndex1='null', mIndex2='null', mTimeRange=OVERALL, mFrom=TomerRDate{mTomerRDate=20250423, mTimestamp=1745406961565}, mTo=TomerRDate{mTomerRDate=20371215, mTimestamp=2144448000000}, mTimestamp=1745406963746, mTimestampLocal=1745417763746, mStringValue='2025-04-23T14:15:52+03:00', mDecimalValue=null, mIntegerValue=null, mDataType=STRING, mStatus=2}
04-23 14:16:03.750 17477 17526 W StatsDaoImpl: 1745406963750 2025-04-23 14:16:03 com.anagog.jedai.core.metrics.stats.StatsDaoImpl 89 jedai-main WARNING Failed to replace stats in database name: AppInstallDatetime, index1: null, index2: null, timeRange: OVERALL
04-23 14:16:03.750 17477 17526 D StatsDataStore: 1745406963750 2025-04-23 14:16:03 com.anagog.jedai.core.metrics.stats.datastore.StatsDataStore 89 jedai-main FINE database updated for AppInstallDatetime stat, took: 2 ms isSucceed: true
04-23 14:16:03.751 17477 17526 D StatsCache: 1745406963751 2025-04-23 14:16:03 com.anagog.jedai.core.metrics.stats.datastore.StatsCache 89 jedai-main FINE set value to cache: StatsModel{mName='AppInstallDatetime', mIndex1='null', mIndex2='null', mTimeRange=OVERALL, mFrom=TomerRDate{mTomerRDate=20250423, mTimestamp=1745406961565}, mTo=TomerRDate{mTomerRDate=20371215, mTimestamp=2144448000000}, mTimestamp=1745406963746, mTimestampLocal=1745417763746, mStringValue='2025-04-23T14:15:52+03:00', mDecimalValue=null, mIntegerValue=null, mDataType=STRING, mStatus=2}
04-23 14:16:03.751 17477 17526 D StatsCache: 1745406963751 2025-04-23 14:16:03 com.anagog.jedai.core.metrics.stats.datastore.StatsCache 89 jedai-main FINE cache values: [1]
04-23 14:16:03.752 17477 17526 D StatsDataStore: 1745406963752 2025-04-23 14:16:03 com.anagog.jedai.core.metrics.stats.datastore.StatsDataStore 89 jedai-main FINE about to set stats in cache: InstallDateTime, USER_DEFINED_STRING, StatsValue{mType=USER_DEFINED_STRING, mStringValue='2025-04-23T14:16:01+03:00', mDecimalValue=0.0, mIntegerValue=0}, null, null, null
04-23 14:16:03.752 17477 17526 D StatsDataStore: 1745406963752 2025-04-23 14:16:03 com.anagog.jedai.core.metrics.stats.datastore.StatsDataStore 89 jedai-main FINE about to get stat by query: InstallDateTime.overall
04-23 14:16:03.752 17477 17526 D StatsCache: 1745406963752 2025-04-23 14:16:03 com.anagog.jedai.core.metrics.stats.datastore.StatsCache 89 jedai-main FINE about to get stat by MsQuery: InstallDateTime.overall, stat: null
04-23 14:16:03.752 17477 17526 D StatsDataStore: 1745406963752 2025-04-23 14:16:03 com.anagog.jedai.core.metrics.stats.datastore.StatsDataStore 89 jedai-main FINE stats loaded from database: null
04-23 14:16:03.752 17477 17526 D StatsDataStore: 1745406963752 2025-04-23 14:16:03 com.anagog.jedai.core.metrics.stats.datastore.StatsDataStore 89 jedai-main FINE isStatUpdated oldStat: null, newStat: StatsModel{mName='InstallDateTime', mIndex1='null', mIndex2='null', mTimeRange=OVERALL, mFrom=TomerRDate{mTomerRDate=20250423, mTimestamp=1745406961565}, mTo=TomerRDate{mTomerRDate=20371215, mTimestamp=2144448000000}, mTimestamp=1745406963752, mTimestampLocal=1745417763752, mStringValue='2025-04-23T14:16:01+03:00', mDecimalValue=null, mIntegerValue=null, mDataType=STRING, mStatus=2}, result: true
04-23 14:16:03.753 17477 17526 D StatsDataStore: 1745406963753 2025-04-23 14:16:03 com.anagog.jedai.core.metrics.stats.datastore.StatsDataStore 89 jedai-main FINE about to store model: StatsModel{mName='InstallDateTime', mIndex1='null', mIndex2='null', mTimeRange=OVERALL, mFrom=TomerRDate{mTomerRDate=20250423, mTimestamp=1745406961565}, mTo=TomerRDate{mTomerRDate=20371215, mTimestamp=2144448000000}, mTimestamp=1745406963752, mTimestampLocal=1745417763752, mStringValue='2025-04-23T14:16:01+03:00', mDecimalValue=null, mIntegerValue=null, mDataType=STRING, mStatus=2}
04-23 14:16:03.755 17477 17526 W StatsDaoImpl: 1745406963755 2025-04-23 14:16:03 com.anagog.jedai.core.metrics.stats.StatsDaoImpl 89 jedai-main WARNING Failed to replace stats in database name: InstallDateTime, index1: null, index2: null, timeRange: OVERALL
04-23 14:16:03.755 17477 17526 D StatsDataStore: 1745406963755 2025-04-23 14:16:03 com.anagog.jedai.core.metrics.stats.datastore.StatsDataStore 89 jedai-main FINE database updated for InstallDateTime stat, took: 3 ms isSucceed: true
04-23 14:16:03.755 17477 17526 D StatsCache: 1745406963755 2025-04-23 14:16:03 com.anagog.jedai.core.metrics.stats.datastore.StatsCache 89 jedai-main FINE set value to cache: StatsModel{mName='InstallDateTime', mIndex1='null', mIndex2='null', mTimeRange=OVERALL, mFrom=TomerRDate{mTomerRDate=20250423, mTimestamp=1745406961565}, mTo=TomerRDate{mTomerRDate=20371215, mTimestamp=2144448000000}, mTimestamp=1745406963752, mTimestampLocal=1745417763752, mStringValue='2025-04-23T14:16:01+03:00', mDecimalValue=null, mIntegerValue=null, mDataType=STRING, mStatus=2}
04-23 14:16:03.755 17477 17526 D StatsCache: 1745406963755 2025-04-23 14:16:03 com.anagog.jedai.core.metrics.stats.datastore.StatsCache 89 jedai-main FINE cache values: [2]
04-23 14:16:03.755 17477 17526 D ReportManager: 1745406963755 2025-04-23 14:16:03 com.anagog.jedai.core.reporter.ReportManager 89 jedai-main FINEST About to add scheduled report DailyUsageReportFactory
04-23 14:16:03.756 17477 17526 D ReportManager: 1745406963755 2025-04-23 14:16:03 com.anagog.jedai.core.reporter.ReportManager 89 jedai-main FINEST Adding scheduled report DailyUsageReportFactory
04-23 14:16:03.756 17477 17526 D ReportManager: 1745406963756 2025-04-23 14:16:03 com.anagog.jedai.core.reporter.ReportManager 89 jedai-main FINEST About to add scheduled report StatsIReportFactory
04-23 14:16:03.756 17477 17526 D ReportManager: 1745406963756 2025-04-23 14:16:03 com.anagog.jedai.core.reporter.ReportManager 89 jedai-main FINEST Adding scheduled report StatsIReportFactory
04-23 14:16:03.756 17477 17526 D ReportManager: 1745406963756 2025-04-23 14:16:03 com.anagog.jedai.core.reporter.ReportManager 89 jedai-main FINEST About to add scheduled report MicrosegmentsSnapshot
04-23 14:16:03.756 17477 17526 D ReportManager: 1745406963756 2025-04-23 14:16:03 com.anagog.jedai.core.reporter.ReportManager 89 jedai-main FINEST Adding scheduled report MicrosegmentsSnapshot
04-23 14:16:03.757 17477 17526 D ReportManager: 1745406963756 2025-04-23 14:16:03 com.anagog.jedai.core.reporter.ReportManager 89 jedai-main FINEST About to add scheduled report EventsReportFactory
04-23 14:16:03.757 17477 17526 D ReportManager: 1745406963757 2025-04-23 14:16:03 com.anagog.jedai.core.reporter.ReportManager 89 jedai-main FINEST Adding scheduled report EventsReportFactory
04-23 14:16:03.757 17477 17526 D ReportManager: 1745406963757 2025-04-23 14:16:03 com.anagog.jedai.core.reporter.ReportManager 89 jedai-main FINEST About to add scheduled report DebugReportFactory
04-23 14:16:03.757 17477 17526 D ReportManager: 1745406963757 2025-04-23 14:16:03 com.anagog.jedai.core.reporter.ReportManager 89 jedai-main FINEST Adding scheduled report DebugReportFactory
04-23 14:16:03.758 17477 17526 D ReportManager: 1745406963758 2025-04-23 14:16:03 com.anagog.jedai.core.reporter.ReportManager 89 jedai-main FINEST About to add scheduled report DailyUsageReportFactory
04-23 14:16:03.758 17477 17526 I VisitDetector: 1745406963758 2025-04-23 14:16:03 com.anagog.jedai.core.visit.VisitDetector 89 jedai-main INFO Activating optimized Fused (Passive Mode) locations with 60,000 milliseconds sample interval
04-23 14:16:03.759 17477 17526 D JedAITaskImpl: 1745406963759 2025-04-23 14:16:03 com.anagog.jedai.core.service.JedAITaskImpl 89 jedai-main FINE Task Visit Location Processing initialization.
04-23 14:16:03.768 17477 17526 D JedAILambda: 1745406963768 2025-04-23 14:16:03 com.anagog.jedai.lambda.JedAILambda 89 jedai-main FINE about to start lambda
04-23 14:16:03.768 17477 17526 I JedAILambdaWrapper: 1745406963768 2025-04-23 14:16:03 com.anagog.jedai.lambda.JedAILambdaWrapper 89 jedai-main INFO init JS recreate [false]
04-23 14:16:03.784 17477 17526 I JedAILambdaWrapper: 1745406963784 2025-04-23 14:16:03 com.anagog.jedai.lambda.JedAILambdaWrapper 89 jedai-main INFO init finished
04-23 14:16:03.785 17477 17526 I ConfigManagerImpl: 1745406963785 2025-04-23 14:16:03 com.anagog.jedai.core.config.ConfigManagerImpl 89 jedai-main INFO addConfigListener: com.anagog.jedai.extension.JedAiWrapper$$ExternalSyntheticLambda0@e3cd163
04-23 14:16:03.785 17477 17526 I ConfigManagerImpl: 1745406963785 2025-04-23 14:16:03 com.anagog.jedai.core.config.ConfigManagerImpl 89 jedai-main INFO isOperationalEnabled: config enable percentile 100, User PCT: 18
04-23 14:16:03.786 17477 17526 I INTEGRATION: INFO isOperationalEnabled: config enable percentile 100, User PCT: 18
04-23 14:16:03.794 17477 17526 I DeepMs  : 1745406963794 2025-04-23 14:16:03 com.anagog.jedai.extension.DeepMs 89 jedai-main INFO Sdk enabled and Deep not initialized - starting DeepMS
04-23 14:16:03.798 17477 17526 D ServiceStateProvider: 1745406963798 2025-04-23 14:16:03 com.anagog.jedai.core.service.ServiceStateProvider 89 jedai-main FINE FG service got to Unavailable state. Notifying listener [JedAIApiWrapper init]
04-23 14:16:03.799 17477 17526 D StatsDataStore: 1745406963799 2025-04-23 14:16:03 com.anagog.jedai.core.metrics.stats.datastore.StatsDataStore 89 jedai-main FINE about to set stats in cache: PageLastVisitDate, USER_DEFINED_STRING, StatsValue{mType=USER_DEFINED_STRING, mStringValue='2025-04-23', mDecimalValue=0.0, mIntegerValue=0}, null, null, null
04-23 14:16:03.799 17477 17526 D StatsDataStore: 1745406963799 2025-04-23 14:16:03 com.anagog.jedai.core.metrics.stats.datastore.StatsDataStore 89 jedai-main FINE about to get stat by query: PageLastVisitDate.overall
04-23 14:16:03.799 17477 17526 D StatsCache: 1745406963799 2025-04-23 14:16:03 com.anagog.jedai.core.metrics.stats.datastore.StatsCache 89 jedai-main FINE about to get stat by MsQuery: PageLastVisitDate.overall, stat: null
04-23 14:16:03.800 17477 17526 D StatsDataStore: 1745406963799 2025-04-23 14:16:03 com.anagog.jedai.core.metrics.stats.datastore.StatsDataStore 89 jedai-main FINE stats loaded from database: null
04-23 14:16:03.800 17477 17526 D StatsDataStore: 1745406963800 2025-04-23 14:16:03 com.anagog.jedai.core.metrics.stats.datastore.StatsDataStore 89 jedai-main FINE isStatUpdated oldStat: null, newStat: StatsModel{mName='PageLastVisitDate', mIndex1='null', mIndex2='null', mTimeRange=OVERALL, mFrom=TomerRDate{mTomerRDate=20250423, mTimestamp=1745406961565}, mTo=TomerRDate{mTomerRDate=20371215, mTimestamp=2144448000000}, mTimestamp=1745406963799, mTimestampLocal=1745417763799, mStringValue='2025-04-23', mDecimalValue=null, mIntegerValue=null, mDataType=STRING, mStatus=2}, result: true
04-23 14:16:03.800 17477 17526 D StatsDataStore: 1745406963800 2025-04-23 14:16:03 com.anagog.jedai.core.metrics.stats.datastore.StatsDataStore 89 jedai-main FINE about to store model: StatsModel{mName='PageLastVisitDate', mIndex1='null', mIndex2='null', mTimeRange=OVERALL, mFrom=TomerRDate{mTomerRDate=20250423, mTimestamp=1745406961565}, mTo=TomerRDate{mTomerRDate=20371215, mTimestamp=2144448000000}, mTimestamp=1745406963799, mTimestampLocal=1745417763799, mStringValue='2025-04-23', mDecimalValue=null, mIntegerValue=null, mDataType=STRING, mStatus=2}
04-23 14:16:03.802 17477 17526 W StatsDaoImpl: 1745406963802 2025-04-23 14:16:03 com.anagog.jedai.core.metrics.stats.StatsDaoImpl 89 jedai-main WARNING Failed to replace stats in database name: PageLastVisitDate, index1: null, index2: null, timeRange: OVERALL
04-23 14:16:03.802 17477 17526 D StatsDataStore: 1745406963802 2025-04-23 14:16:03 com.anagog.jedai.core.metrics.stats.datastore.StatsDataStore 89 jedai-main FINE database updated for PageLastVisitDate stat, took: 2 ms isSucceed: true
04-23 14:16:03.802 17477 17617 D CompatibilityChangeReporter: Compat change id reported: 194532703; UID 10220; state: ENABLED
04-23 14:16:03.802 17477 17617 D CompatibilityChangeReporter: Compat change id reported: 253665015; UID 10220; state: ENABLED
04-23 14:16:03.802 17477 17526 D StatsCache: 1745406963802 2025-04-23 14:16:03 com.anagog.jedai.core.metrics.stats.datastore.StatsCache 89 jedai-main FINE set value to cache: StatsModel{mName='PageLastVisitDate', mIndex1='null', mIndex2='null', mTimeRange=OVERALL, mFrom=TomerRDate{mTomerRDate=20250423, mTimestamp=1745406961565}, mTo=TomerRDate{mTomerRDate=20371215, mTimestamp=2144448000000}, mTimestamp=1745406963799, mTimestampLocal=1745417763799, mStringValue='2025-04-23', mDecimalValue=null, mIntegerValue=null, mDataType=STRING, mStatus=2}
04-23 14:16:03.803 17477 17526 D StatsCache: 1745406963803 2025-04-23 14:16:03 com.anagog.jedai.core.metrics.stats.datastore.StatsCache 89 jedai-main FINE cache values: [3]
04-23 14:16:03.804 17477 17526 D StatsDataStore: 1745406963804 2025-04-23 14:16:03 com.anagog.jedai.core.metrics.stats.datastore.StatsDataStore 89 jedai-main FINE about to set stats in cache: PageLastVisit, USER_DEFINED_STRING, StatsValue{mType=USER_DEFINED_STRING, mStringValue='MainActivity', mDecimalValue=0.0, mIntegerValue=0}, null, null, null
04-23 14:16:03.804 17477 17526 D StatsDataStore: 1745406963804 2025-04-23 14:16:03 com.anagog.jedai.core.metrics.stats.datastore.StatsDataStore 89 jedai-main FINE about to get stat by query: PageLastVisit.overall
04-23 14:16:03.804 17477 17526 D StatsCache: 1745406963804 2025-04-23 14:16:03 com.anagog.jedai.core.metrics.stats.datastore.StatsCache 89 jedai-main FINE about to get stat by MsQuery: PageLastVisit.overall, stat: null
04-23 14:16:03.805 17477 17526 D StatsDataStore: 1745406963805 2025-04-23 14:16:03 com.anagog.jedai.core.metrics.stats.datastore.StatsDataStore 89 jedai-main FINE stats loaded from database: null
04-23 14:16:03.805 17477 17526 D StatsDataStore: 1745406963805 2025-04-23 14:16:03 com.anagog.jedai.core.metrics.stats.datastore.StatsDataStore 89 jedai-main FINE isStatUpdated oldStat: null, newStat: StatsModel{mName='PageLastVisit', mIndex1='null', mIndex2='null', mTimeRange=OVERALL, mFrom=TomerRDate{mTomerRDate=20250423, mTimestamp=1745406961565}, mTo=TomerRDate{mTomerRDate=20371215, mTimestamp=2144448000000}, mTimestamp=1745406963804, mTimestampLocal=1745417763804, mStringValue='MainActivity', mDecimalValue=null, mIntegerValue=null, mDataType=STRING, mStatus=2}, result: true
04-23 14:16:03.806 17477 17526 D StatsDataStore: 1745406963806 2025-04-23 14:16:03 com.anagog.jedai.core.metrics.stats.datastore.StatsDataStore 89 jedai-main FINE about to store model: StatsModel{mName='PageLastVisit', mIndex1='null', mIndex2='null', mTimeRange=OVERALL, mFrom=TomerRDate{mTomerRDate=20250423, mTimestamp=1745406961565}, mTo=TomerRDate{mTomerRDate=20371215, mTimestamp=2144448000000}, mTimestamp=1745406963804, mTimestampLocal=1745417763804, mStringValue='MainActivity', mDecimalValue=null, mIntegerValue=null, mDataType=STRING, mStatus=2}
04-23 14:16:03.807 17477 17522 D CompatibilityChangeReporter: Compat change id reported: 263076149; UID 10220; state: ENABLED
04-23 14:16:03.808 17477 17618 I DeepMs  : 1745406963808 2025-04-23 14:16:03 com.anagog.jedai.extension.DeepMs 143 androidx.work-1 INFO Enabling disabled manifest elements!!!
04-23 14:16:03.809 17477 17618 I DeepMs  : 1745406963809 2025-04-23 14:16:03 com.anagog.jedai.extension.DeepMs 143 androidx.work-1 INFO Starting!!!!
04-23 14:16:03.811 17477 17618 I ConfigurationManager: 1745406963811 2025-04-23 14:16:03 com.anagog.jedai.extension.ConfigurationManager 143 androidx.work-1 INFO LoadConfigOnstart configuration:
04-23 14:16:03.812 17477 17477 I AppLifecycleObserver: 1745406963812 2025-04-23 14:16:03 com.anagog.jedai.extension.AppLifecycleObserver 2 main INFO App On Start
04-23 14:16:03.813 17477 17526 W StatsDaoImpl: 1745406963813 2025-04-23 14:16:03 com.anagog.jedai.core.metrics.stats.StatsDaoImpl 89 jedai-main WARNING Failed to replace stats in database name: PageLastVisit, index1: null, index2: null, timeRange: OVERALL
04-23 14:16:03.813 17477 17526 D StatsDataStore: 1745406963813 2025-04-23 14:16:03 com.anagog.jedai.core.metrics.stats.datastore.StatsDataStore 89 jedai-main FINE database updated for PageLastVisit stat, took: 7 ms isSucceed: true
04-23 14:16:03.813 17477 17526 D StatsCache: 1745406963813 2025-04-23 14:16:03 com.anagog.jedai.core.metrics.stats.datastore.StatsCache 89 jedai-main FINE set value to cache: StatsModel{mName='PageLastVisit', mIndex1='null', mIndex2='null', mTimeRange=OVERALL, mFrom=TomerRDate{mTomerRDate=20250423, mTimestamp=1745406961565}, mTo=TomerRDate{mTomerRDate=20371215, mTimestamp=2144448000000}, mTimestamp=1745406963804, mTimestampLocal=1745417763804, mStringValue='MainActivity', mDecimalValue=null, mIntegerValue=null, mDataType=STRING, mStatus=2}
04-23 14:16:03.814 17477 17526 D StatsCache: 1745406963814 2025-04-23 14:16:03 com.anagog.jedai.core.metrics.stats.datastore.StatsCache 89 jedai-main FINE cache values: [4]
04-23 14:16:03.819 17477 17526 D EventManagerImpl: 1745406963818 2025-04-23 14:16:03 com.anagog.jedai.core.event.EventManagerImpl 89 jedai-main FINE About to send application event: ApplicationEvent(
04-23 14:16:03.819 17477 17526 D EventManagerImpl:     identifier='PageVisit', 
04-23 14:16:03.819 17477 17526 D EventManagerImpl:     textParameters={PageName=MainActivity}, 
04-23 14:16:03.819 17477 17526 D EventManagerImpl:     numericParameters={}, 
04-23 14:16:03.819 17477 17526 D EventManagerImpl:     booleanParameters={}, 
04-23 14:16:03.819 17477 17526 D EventManagerImpl:     locationParameters={},
04-23 14:16:03.819 17477 17526 D EventManagerImpl:     isInternal=true
04-23 14:16:03.819 17477 17526 D EventManagerImpl: ) 
04-23 14:16:03.823 17477 17526 I EventReporterProcessor: Event added to file: {"ReportTime":1745406963819,"SDKVersion":"4.49.0-appium-1-dirty","HostAppName":"com.anagog.jedai.jedaidemo","HostAppVersionName":"4.49.0-appium-1-dirty","APIKey":"89c4faa1e5082d9bae60892416354df6","DeviceModel":"sdk_gphone64_arm64","DeviceManufacturer":"Google","OSVersionNumber":34,"OSVersionName":"14","OSType":"Android","DataVersion":2,"ReportUserID":"wzfJ+5OYSpCht5Ct94jYBo5OGDks5McT+HsOAqJoQUc=","Event":{"Timestamp":"2025-04-23T14:16:03.819+0300","Type":"PageVisit","Name":"MainActivity","State":"Enter"}}
04-23 14:16:03.823 17477 17524 I MainActivity: SdkVersion: 4.49.0-appium-1-dirty
04-23 14:16:03.824 17477 17526 I JedAITimer: 1745406963823 2025-04-23 14:16:03 com.anagog.jedai.core.timer.JedAITimer 89 jedai-main INFO Subscribed on timer with interval 60,000
04-23 14:16:03.824 17477 17524 I ApiManagerImpl: 1745406963823 2025-04-23 14:16:03 com.anagog.jedai.anagog_api.executor.ApiManagerImpl 88 AnagogApiThread INFO AnagogActiveImpl::getVersion result 4.49.0-appium-1-dirty
04-23 14:16:03.824 17477 17524 I MainActivity: Success to updated app launch count:
04-23 14:16:03.825 17477 17526 I TimerManagerImpl: 1745406963824 2025-04-23 14:16:03 com.anagog.jedai.core.timer.TimerManagerImpl 89 jedai-main INFO Listener [OperationWorkModeManagerImpl] added to existing timer with interval 60,000, need to perform pulse
04-23 14:16:03.825 17477 17524 I ApiManagerImpl: 1745406963825 2025-04-23 14:16:03 com.anagog.jedai.anagog_api.executor.ApiManagerImpl 88 AnagogApiThread INFO AnagogActiveImpl::setUserDefinedDecimal result kotlin.Unit
04-23 14:16:03.827 17477 17526 D OperationWorkModeManagerImpl: 1745406963826 2025-04-23 14:16:03 com.anagog.jedai.core.config.operation.OperationWorkModeManagerImpl 89 jedai-main FINE Work mode verification: prevMode = 0, nextMode = 0
04-23 14:16:03.828 17477 17526 I TimerManagerImpl: 1745406963827 2025-04-23 14:16:03 com.anagog.jedai.core.timer.TimerManagerImpl 89 jedai-main INFO Timer with interval 60,000 already exist, listener [OperationWorkModeManagerImpl] added to this timer
04-23 14:16:03.829 17477 17526 I TimerManagerImpl: 1745406963828 2025-04-23 14:16:03 com.anagog.jedai.core.timer.TimerManagerImpl 89 jedai-main INFO Listener [Job Scheduler] is already subscribed on the same interval 60,000
04-23 14:16:03.829 17477 17526 D JobsExecutor: 1745406963829 2025-04-23 14:16:03 com.anagog.jedai.core.scheduler.JobsExecutor 89 jedai-main FINE Job Tag = SendReport, ID = 1 executed with result RESCHEDULE
04-23 14:16:03.830 17477 17526 D JobsExecutor: 1745406963829 2025-04-23 14:16:03 com.anagog.jedai.core.scheduler.JobsExecutor 89 jedai-main FINE Job Tag = SendReport, ID = 1 reschedule: failures=1, maxRetries=5, startAt=1,745,407,083,725
04-23 14:16:03.833 17477 17526 D JobsStorage: 1745406963833 2025-04-23 14:16:03 com.anagog.jedai.core.scheduler.JobsStorage 89 jedai-main FINE updated 1 rows with {1} Tag from Job table
04-23 14:16:03.834 17477 17526 D ServiceStateProvider: 1745406963834 2025-04-23 14:16:03 com.anagog.jedai.core.service.ServiceStateProvider 89 jedai-main FINE FG service unSubscribe [operator-id::171987595] with [JedAIApiWrapper init]. 0 Listeners: {}
04-23 14:16:03.834 17477 17526 D JobsExecutor: 1745406963834 2025-04-23 14:16:03 com.anagog.jedai.core.scheduler.JobsExecutor 89 jedai-main FINE Job Tag = SendReport, ID = 1 executed with result RESCHEDULE
04-23 14:16:03.835 17477 17526 D JobsExecutor: 1745406963834 2025-04-23 14:16:03 com.anagog.jedai.core.scheduler.JobsExecutor 89 jedai-main FINE Job Tag = SendReport, ID = 1 reschedule: failures=2, maxRetries=5, startAt=1,745,407,203,725
04-23 14:16:03.839 17477 17526 D JobsStorage: 1745406963839 2025-04-23 14:16:03 com.anagog.jedai.core.scheduler.JobsStorage 89 jedai-main FINE updated 1 rows with {1} Tag from Job table
04-23 14:16:03.839 17477 17526 D JobsExecutor: 1745406963839 2025-04-23 14:16:03 com.anagog.jedai.core.scheduler.JobsExecutor 89 jedai-main FINE Job Tag = SendReport, ID = 1 executed with result RESCHEDULE
04-23 14:16:03.841 17477 17526 D JobsExecutor: 1745406963840 2025-04-23 14:16:03 com.anagog.jedai.core.scheduler.JobsExecutor 89 jedai-main FINE Job Tag = SendReport, ID = 1 reschedule: failures=3, maxRetries=5, startAt=1,745,407,443,725
04-23 14:16:03.844 17477 17526 D JobsStorage: 1745406963844 2025-04-23 14:16:03 com.anagog.jedai.core.scheduler.JobsStorage 89 jedai-main FINE updated 1 rows with {1} Tag from Job table
04-23 14:16:03.858 17477 17526 I FileStoreFactory: 1745406963858 2025-04-23 14:16:03 com.anagog.jedai.core.storage.file.FileStoreFactory 89 jedai-main INFO About to get a file: config.json
04-23 14:16:03.858 17477 17526 I RemoteConfigRepository: 1745406963858 2025-04-23 14:16:03 com.anagog.jedai.config.remote.RemoteConfigRepository 89 jedai-main INFO Stored new config: 
04-23 14:16:03.859 17477 17526 I RemoteConfigRepository: 1745406963859 2025-04-23 14:16:03 com.anagog.jedai.config.remote.RemoteConfigRepository 89 jedai-main INFO currentNetProviderResolution: NetProviderResolution(active=true, percentage=100, geoAware=true, url=https://api-jedai.anagog.com/poi/isp)
04-23 14:16:03.859 17477 17526 I RemoteConfigRepository: 1745406963859 2025-04-23 14:16:03 com.anagog.jedai.config.remote.RemoteConfigRepository 89 jedai-main INFO merged signal access: ControlAccess(signalsAccessInstalledApps=true, signalsAccessLocation=true, signalsAccessMotion=true, signalsAccessBluetooth=true, signalsAccessWifi=true, signalsAccessLan=true, signalsAccessTraceroute=true, signalAccessIPBasedExtIp=true, enableCampaigns=true, enableDownloadableModels=true, enableReports=true)
04-23 14:16:03.859 17477 17526 I RemoteConfigRepository: 1745406963859 2025-04-23 14:16:03 com.anagog.jedai.config.remote.RemoteConfigRepository 89 jedai-main INFO merged NetProviderResolution: NetProviderResolution(active=true, percentage=100, geoAware=false, url=https://stage-api-jedai.anagog.com/poi/isp)
04-23 14:16:03.860 17477 17526 I ConfigManagerImpl: 1745406963859 2025-04-23 14:16:03 com.anagog.jedai.core.config.ConfigManagerImpl 89 jedai-main INFO Config updated: 
04-23 14:16:03.860 17477 17526 I ConfigManagerImpl: JedAISDKRemoteConfig(metaData) = Metadata(version=2020-02-20 02:20, build=210, comment=remove exclude from MS and snapshot reports )
04-23 14:16:03.860 17477 17526 I ConfigManagerImpl: 1745406963860 2025-04-23 14:16:03 com.anagog.jedai.core.config.ConfigManagerImpl 89 jedai-main INFO isOperationalEnabled: config enable percentile 100, User PCT: 18
04-23 14:16:03.861 17477 17526 I INTEGRATION: INFO isOperationalEnabled: config enable percentile 100, User PCT: 18
04-23 14:16:03.861 17477 17526 I JedAIApiWrapper: 1745406963861 2025-04-23 14:16:03 com.anagog.jedai.core.api.JedAIApiWrapper 89 jedai-main INFO onConfigUpdated: enabledInCohort: true, operationalPercentage: 100
04-23 14:16:03.861 17477 17526 I JedAIApiWrapper: 1745406963861 2025-04-23 14:16:03 com.anagog.jedai.core.api.JedAIApiWrapper 89 jedai-main INFO onConfigUpdated: SignalControlAccess: ControlAccess(signalsAccessInstalledApps=true, signalsAccessLocation=true, signalsAccessMotion=true, signalsAccessBluetooth=true, signalsAccessWifi=true, signalsAccessLan=true, signalsAccessTraceroute=true, signalAccessIPBasedExtIp=true, enableCampaigns=true, enableDownloadableModels=true, enableReports=true)
04-23 14:16:03.861 17477 17526 I JedAIApiWrapper: 1745406963861 2025-04-23 14:16:03 com.anagog.jedai.core.api.JedAIApiWrapper 89 jedai-main INFO startOrStopCrashHandler: crash report isActive = true
04-23 14:16:03.861 17477 17526 D ReportManager: 1745406963861 2025-04-23 14:16:03 com.anagog.jedai.core.reporter.ReportManager 89 jedai-main FINEST About to add scheduled report DailyUsageReportFactory
04-23 14:16:03.862 17477 17526 D ReportManager: 1745406963862 2025-04-23 14:16:03 com.anagog.jedai.core.reporter.ReportManager 89 jedai-main FINEST About to add scheduled report StatsIReportFactory
04-23 14:16:03.862 17477 17526 D ReportManager: 1745406963862 2025-04-23 14:16:03 com.anagog.jedai.core.reporter.ReportManager 89 jedai-main FINEST About to add scheduled report MicrosegmentsSnapshot
04-23 14:16:03.862 17477 17526 D ReportManager: 1745406963862 2025-04-23 14:16:03 com.anagog.jedai.core.reporter.ReportManager 89 jedai-main FINEST About to add scheduled report EventsReportFactory
04-23 14:16:03.863 17477 17526 D ReportManager: 1745406963863 2025-04-23 14:16:03 com.anagog.jedai.core.reporter.ReportManager 89 jedai-main FINEST About to add scheduled report DebugReportFactory
04-23 14:16:03.863 17477 17526 D ReportManager: 1745406963863 2025-04-23 14:16:03 com.anagog.jedai.core.reporter.ReportManager 89 jedai-main FINEST About to add scheduled report DailyUsageReportFactory
04-23 14:16:03.864 17477 17526 I VisitDetector: 1745406963864 2025-04-23 14:16:03 com.anagog.jedai.core.visit.VisitDetector 89 jedai-main INFO Activating optimized Fused (Passive Mode) locations with 60,000 milliseconds sample interval
04-23 14:16:03.865 17477 17526 D JedAITaskImpl: 1745406963865 2025-04-23 14:16:03 com.anagog.jedai.core.service.JedAITaskImpl 89 jedai-main FINE Task Visit Location Processing initialization.
04-23 14:16:03.871 17477 17526 I DeepMs  : 1745406963871 2025-04-23 14:16:03 com.anagog.jedai.extension.DeepMs 89 jedai-main INFO Sdk enabled and Deep not initialized - starting DeepMS
04-23 14:16:03.872 17477 17526 D JobsExecutor: 1745406963872 2025-04-23 14:16:03 com.anagog.jedai.core.scheduler.JobsExecutor 89 jedai-main FINE Job Tag = GetConfigJob, ID = 3 executed with result SUCCESS
04-23 14:16:03.875 17477 17526 D JobsStorage: 1745406963875 2025-04-23 14:16:03 com.anagog.jedai.core.scheduler.JobsStorage 89 jedai-main FINE updated 1 rows with {1} Tag from Job table
04-23 14:16:03.876 17477 17526 I JedAITimer: 1745406963876 2025-04-23 14:16:03 com.anagog.jedai.core.timer.JedAITimer 89 jedai-main INFO Subscribed on timer with interval 60,000
04-23 14:16:03.877 17477 17526 I TimerManagerImpl: 1745406963877 2025-04-23 14:16:03 com.anagog.jedai.core.timer.TimerManagerImpl 89 jedai-main INFO Listener [FusedOptimizedLocationActivator] added to existing timer with interval 60,000, need to perform pulse
04-23 14:16:03.879 17477 17526 I TimerManagerImpl: 1745406963878 2025-04-23 14:16:03 com.anagog.jedai.core.timer.TimerManagerImpl 89 jedai-main INFO About to subscribe on timer with interval 20,000 by [Fused Optimized Location Update watchdog]
04-23 14:16:03.879 17477 17526 D JedAITaskImpl: 1745406963879 2025-04-23 14:16:03 com.anagog.jedai.core.service.JedAITaskImpl 89 jedai-main FINE Starting Fused Optimized Location Update task in background. Task-work about to run.
